
DevTools listening on ws://127.0.0.1:64446/devtools/browser/466faa99-6d82-4b6b-baf9-db6d6addee5e
Trying to load the allocator multiple times. This is *not* supported.
[70735:18475424:1005/151257.382239:ERROR:ui/display/mac/cv_display_link_mac.mm:188] CVDisplayLinkCreateWithCGDisplay failed. CVReturn: -6670
[70735:18475559:1005/151257.386493:ERROR:ui/display/mac/cv_display_link_mac.mm:188] CVDisplayLinkCreateWithCGDisplay failed. CVReturn: -6670
[70735:18475424:1005/151257.386684:ERROR:ui/display/mac/cv_display_link_mac.mm:188] CVDisplayLinkCreateWithCGDisplay failed. CVReturn: -6670
[70735:18475559:1005/151257.386738:ERROR:ui/display/mac/cv_display_link_mac.mm:188] CVDisplayLinkCreateWithCGDisplay failed. CVReturn: -6670
[70735:18475424:1005/151257.386828:ERROR:ui/display/mac/cv_display_link_mac.mm:188] CVDisplayLinkCreateWithCGDisplay failed. CVReturn: -6670
[70735:18475559:1005/151257.386872:ERROR:ui/display/mac/cv_display_link_mac.mm:188] CVDisplayLinkCreateWithCGDisplay failed. CVReturn: -6670
[70735:18475424:1005/151257.387030:ERROR:ui/display/mac/cv_display_link_mac.mm:188] CVDisplayLinkCreateWithCGDisplay failed. CVReturn: -6670
[70735:18475559:1005/151257.387071:ERROR:ui/display/mac/cv_display_link_mac.mm:188] CVDisplayLinkCreateWithCGDisplay failed. CVReturn: -6670
[70735:18475424:1005/151257.387161:ERROR:ui/display/mac/cv_display_link_mac.mm:188] CVDisplayLinkCreateWithCGDisplay failed. CVReturn: -6670
[70735:18475559:1005/151257.387193:ERROR:ui/display/mac/cv_display_link_mac.mm:188] CVDisplayLinkCreateWithCGDisplay failed. CVReturn: -6670
[70700:18475407:1005/151259.554211:ERROR:google_apis/gcm/engine/registration_request.cc:291] Registration response error message: DEPRECATED_ENDPOINT
[70941:18476250:1005/151317.102607:VERBOSE1:chrome/updater/event_history.cc:176] Failed to set permissions on /Library/Application Support/Google/GoogleUpdater/updater_history.jsonl: Operation not permitted (1)
[70941:18476250:1005/151317.107227:VERBOSE1:chrome/updater/updater.cc:364] Version: 156.0.8067.0, opt, ARM_64, command line: /Library/Application Support/Google/GoogleUpdater/156.0.8067.0/GoogleUpdater.app/Contents/MacOS/GoogleUpdater --wake-all --system --enable-logging --vmodule=*/components/update_client/*=2,*/chrome/enterprise_companion/*=2,*/chrome/updater/*=2
[70941:18476250:1005/151317.107297:VERBOSE1:chrome/updater/updater.cc:367] OS version: 15.1.1, arch: arm64, System uptime (seconds): 585427, parent pid: 70700
[70941:18476250:1005/151317.110891:VERBOSE1:chrome/updater/updater.cc:372] Available disk space in install directory (/Library/Application Support/Google/GoogleUpdater): 3480141824B (3.241GiB) / 494384795648B (460.432GiB)
[70941:18476250:1005/151317.110976:VERBOSE1:chrome/updater/updater.cc:376] Available disk space in temporary directory (/var/folders/65/yhdkwfkd2jlc6qldn23z45y80000gq/T/): 3480141824B (3.241GiB) / 494384795648B (460.432GiB)
[70941:18476250:1005/151317.111072:VERBOSE1:chrome/updater/event_history.cc:239] Failed to write history event: logging not initialized
[70943:18476257:1005/151317.128620:VERBOSE1:chrome/updater/event_history.cc:176] Failed to set permissions on /Library/Application Support/Google/GoogleUpdater/updater_history.jsonl: Operation not permitted (1)
[70943:18476257:1005/151317.131802:VERBOSE1:chrome/updater/updater.cc:364] Version: 156.0.8067.0, opt, ARM_64, command line: /Library/Application Support/Google/GoogleUpdater/156.0.8067.0/GoogleUpdater.app/Contents/MacOS/GoogleUpdater --crash-handler --system --database=/Library/Application Support/Google/GoogleUpdater/156.0.8067.0/Crashpad --url=https://clients2.google.com/cr/report --annotation=prod=Update4 --annotation=ver=156.0.8067.0 --handshake-fd=4 --enable-logging --vmodule=*/components/update_client/*=2,*/chrome/enterprise_companion/*=2,*/chrome/updater/*=2
[70943:18476257:1005/151317.131883:VERBOSE1:chrome/updater/updater.cc:367] OS version: 15.1.1, arch: arm64, System uptime (seconds): 585427, parent pid: 1
[70943:18476257:1005/151317.134763:VERBOSE1:chrome/updater/updater.cc:372] Available disk space in install directory (/Library/Application Support/Google/GoogleUpdater): 3480141824B (3.241GiB) / 494384795648B (460.432GiB)
[70943:18476257:1005/151317.134847:VERBOSE1:chrome/updater/updater.cc:376] Available disk space in temporary directory (/var/folders/65/yhdkwfkd2jlc6qldn23z45y80000gq/T/): 3480141824B (3.241GiB) / 494384795648B (460.432GiB)
[70943:18476257:1005/151317.134938:VERBOSE1:chrome/updater/event_history.cc:239] Failed to write history event: logging not initialized
[70943:18476257:1005/151317.135117:ERROR:third_party/crashpad/crashpad/client/crash_report_database_mac.mm:109] mkdir /Library/Application Support/Google/GoogleUpdater/156.0.8067.0/Crashpad/new: Permission denied (13)
[70943:18476257:1005/151317.135232:VERBOSE1:chrome/updater/event_history.cc:239] Failed to write history event: logging not initialized
[70943:18476257:1005/151317.135300:VERBOSE1:chrome/updater/updater.cc:409] UpdaterMain (--crash-handler) returned 1.
[70941:18476250:1005/151317.136666:ERROR:third_party/crashpad/crashpad/util/file/file_io.cc:103] ReadExactly: expected 8, observed 0
[70941:18476250:1005/151317.136837:VERBOSE1:chrome/updater/crash_reporter.cc:119] Failed to start handler.
[70941:18476250:1005/151317.136924:ERROR:third_party/crashpad/crashpad/client/crash_report_database_mac.mm:109] mkdir /Library/Application Support/Google/GoogleUpdater/156.0.8067.0/Crashpad/new: Permission denied (13)
[70941:18476250:1005/151317.136979:ERROR:chrome/updater/crash_client.cc:76] Failed to initialize Crashpad database.
[70941:18476250:1005/151317.137051:VERBOSE1:chrome/updater/updater.cc:99] Crash reporting is not available.
[70941:18476263:1005/151317.137630:VERBOSE1:chrome/updater/app/app_wakeall.cc:58] Launching `/Library/Application Support/Google/GoogleUpdater/150.0.7863.0/GoogleUpdater.app/Contents/MacOS/GoogleUpdater --wake --system`
[70941:18476263:1005/151317.137865:VERBOSE1:chrome/updater/app/app_wakeall.cc:64] `/Library/Application Support/Google/GoogleUpdater/150.0.7863.0/GoogleUpdater.app/Contents/MacOS/GoogleUpdater --wake --system` process invalid: Permission denied (13)
[70941:18476263:1005/151317.137918:VERBOSE1:chrome/updater/app/app_wakeall.cc:58] Launching `/Library/Application Support/Google/GoogleUpdater/156.0.8067.0/GoogleUpdater.app/Contents/MacOS/GoogleUpdater --wake --system`
[70945:18476268:1005/151317.160378:VERBOSE1:chrome/updater/event_history.cc:176] Failed to set permissions on /Library/Application Support/Google/GoogleUpdater/updater_history.jsonl: Operation not permitted (1)
[70945:18476268:1005/151317.162976:VERBOSE1:chrome/updater/updater.cc:364] Version: 156.0.8067.0, opt, ARM_64, command line: /Library/Application Support/Google/GoogleUpdater/156.0.8067.0/GoogleUpdater.app/Contents/MacOS/GoogleUpdater --wake --system --enable-logging --vmodule=*/components/update_client/*=2,*/chrome/enterprise_companion/*=2,*/chrome/updater/*=2
[70945:18476268:1005/151317.163039:VERBOSE1:chrome/updater/updater.cc:367] OS version: 15.1.1, arch: arm64, System uptime (seconds): 585427, parent pid: 70941
[70945:18476268:1005/151317.165720:VERBOSE1:chrome/updater/updater.cc:372] Available disk space in install directory (/Library/Application Support/Google/GoogleUpdater): 3480141824B (3.241GiB) / 494384795648B (460.432GiB)
[70945:18476268:1005/151317.165798:VERBOSE1:chrome/updater/updater.cc:376] Available disk space in temporary directory (/var/folders/65/yhdkwfkd2jlc6qldn23z45y80000gq/T/): 3480141824B (3.241GiB) / 494384795648B (460.432GiB)
[70945:18476268:1005/151317.165880:VERBOSE1:chrome/updater/event_history.cc:239] Failed to write history event: logging not initialized
[70947:18476272:1005/151317.181895:VERBOSE1:chrome/updater/event_history.cc:176] Failed to set permissions on /Library/Application Support/Google/GoogleUpdater/updater_history.jsonl: Operation not permitted (1)
[70947:18476272:1005/151317.187459:VERBOSE1:chrome/updater/updater.cc:364] Version: 156.0.8067.0, opt, ARM_64, command line: /Library/Application Support/Google/GoogleUpdater/156.0.8067.0/GoogleUpdater.app/Contents/MacOS/GoogleUpdater --crash-handler --system --database=/Library/Application Support/Google/GoogleUpdater/156.0.8067.0/Crashpad --url=https://clients2.google.com/cr/report --annotation=prod=Update4 --annotation=ver=156.0.8067.0 --handshake-fd=4 --enable-logging --vmodule=*/components/update_client/*=2,*/chrome/enterprise_companion/*=2,*/chrome/updater/*=2
[70947:18476272:1005/151317.187524:VERBOSE1:chrome/updater/updater.cc:367] OS version: 15.1.1, arch: arm64, System uptime (seconds): 585427, parent pid: 1
[70947:18476272:1005/151317.190330:VERBOSE1:chrome/updater/updater.cc:372] Available disk space in install directory (/Library/Application Support/Google/GoogleUpdater): 3480141824B (3.241GiB) / 494384795648B (460.432GiB)
[70947:18476272:1005/151317.190421:VERBOSE1:chrome/updater/updater.cc:376] Available disk space in temporary directory (/var/folders/65/yhdkwfkd2jlc6qldn23z45y80000gq/T/): 3480141824B (3.241GiB) / 494384795648B (460.432GiB)
[70947:18476272:1005/151317.190551:VERBOSE1:chrome/updater/event_history.cc:239] Failed to write history event: logging not initialized
[70947:18476272:1005/151317.190641:ERROR:third_party/crashpad/crashpad/client/crash_report_database_mac.mm:109] mkdir /Library/Application Support/Google/GoogleUpdater/156.0.8067.0/Crashpad/new: Permission denied (13)
[70947:18476272:1005/151317.190717:VERBOSE1:chrome/updater/event_history.cc:239] Failed to write history event: logging not initialized
[70947:18476272:1005/151317.190772:VERBOSE1:chrome/updater/updater.cc:409] UpdaterMain (--crash-handler) returned 1.
[70945:18476268:1005/151317.191158:ERROR:third_party/crashpad/crashpad/util/file/file_io.cc:103] ReadExactly: expected 8, observed 0
[70945:18476268:1005/151317.191305:VERBOSE1:chrome/updater/crash_reporter.cc:119] Failed to start handler.
[70945:18476268:1005/151317.191403:ERROR:third_party/crashpad/crashpad/client/crash_report_database_mac.mm:109] mkdir /Library/Application Support/Google/GoogleUpdater/156.0.8067.0/Crashpad/new: Permission denied (13)
[70945:18476268:1005/151317.191452:ERROR:chrome/updater/crash_client.cc:76] Failed to initialize Crashpad database.
[70945:18476268:1005/151317.191502:VERBOSE1:chrome/updater/updater.cc:99] Crash reporting is not available.
[70945:18476268:1005/151317.191772:VERBOSE1:chrome/updater/ipc/update_service_internal_proxy_mojo.cc:61] Run
