00:00.172  translation      | WARNING Falling back to standard locale ("C")
BlenderMCP: cannot start server in background mode (blender -b) - commands would never execute
BlenderMCP: run Blender with a GUI, or use a virtual display: xvfb-run -a blender
BlenderMCP addon registered
BlenderMCP server stopped
BlenderMCP addon unregistered
{"version": "grip-v02", "vertices": 18002, "triangles": 36000, "pre_decimate_triangles": 181148, "volume": 0.09606201749872828, "boundary_edges": 0, "nonmanifold_edges": 0, "nonadjacent_intersections": 0, "components": [18002], "minimum_area": 7.92003049809864e-07, "bounds": {"min": [-0.9887073636054993, -0.25588589906692505, 0.2920006513595581], "max": [0.981614887714386, 0.39265918731689453, 1.9529772996902466]}, "aesthetic_pass": false}
Info: Saved as "grip-v02-editable.blend"
INFO Draco is available, use library at /Applications/Blender.app/Contents/Resources/5.2/scripts/addons_core/io_scene_gltf2/libbf_intern_draco_bridge.dylib
INFO MeshOptimizer is available, use library at /Applications/Blender.app/Contents/Resources/5.2/scripts/addons_core/io_scene_gltf2/libbf_intern_meshopt_bridge.dylib
00:29:50 | INFO: Starting glTF 2.0 export
00:29:50 | INFO: Extracting primitive: main authored sections
00:29:50 | INFO: Primitives created: 1
00:29:50 | INFO: Draco encoder: Encoding mesh Continuous aged trunk and primary branches.
00:29:50 | INFO: Finished glTF 2.0 export in 0.09188127517700195 s

{"blend_bytes": 1655238, "glb_bytes": 220864}
Blender 5.2.1 LTS (hash 9e2066aef7ef built 2026-08-25 01:35:57)
DracoEncoder | Preserve triangle order: no
DracoEncoder | Encoded 18002 vertices, 108000 indices, raw size: 1224112, encoded size: 218903, compression ratio: 5.59

Blender quit
