
> exfract-bonsai-02@1.0.0 build
> vite build

vite v8.2.2 building client environment for production...
transforming...
✓ 28 modules transformed.
rendering chunks...
computing gzip size...
dist/index.html                               1.28 kB │ gzip:   0.70 kB
dist/assets/draco_wasm_wrapper-fZCQGLGb.js   58.45 kB
dist/assets/draco_wasm_wrapper-DxJM36Ib.js   58.76 kB
dist/assets/draco_decoder-Z1_iN-Ht.wasm     192.42 kB │ gzip:  64.11 kB
dist/assets/draco_decoder-C32yEggz.wasm     285.74 kB │ gzip:  89.66 kB
dist/assets/draco_decoder-fzg4nYZr.js       719.41 kB
dist/assets/index-DcsUSN7H.css                0.40 kB │ gzip:   0.26 kB
dist/assets/index-Cd_-FtpJ.js               743.64 kB │ gzip: 215.32 kB

✓ built in 194ms
[plugin builtin:vite-reporter] 
(!) Some chunks are larger than 500 kB after minification. Consider:
- Using dynamic import() to code-split the application
- Use build.rolldownOptions.output.codeSplitting to improve chunking: https://rolldown.rs/reference/OutputOptions.codeSplitting
- Adjust chunk size limit for this warning via build.chunkSizeWarningLimit.
