
DevTools listening on ws://127.0.0.1:65391/devtools/browser/c4467b0d-7b17-4083-af89-3519054921d0
Trying to load the allocator multiple times. This is *not* supported.
[78948:18502680:1005/152658.167060:ERROR:ui/display/mac/cv_display_link_mac.mm:188] CVDisplayLinkCreateWithCGDisplay failed. CVReturn: -6670
[78948:18502803:1005/152658.172703:ERROR:ui/display/mac/cv_display_link_mac.mm:188] CVDisplayLinkCreateWithCGDisplay failed. CVReturn: -6670
[78948:18502680:1005/152658.172910:ERROR:ui/display/mac/cv_display_link_mac.mm:188] CVDisplayLinkCreateWithCGDisplay failed. CVReturn: -6670
[78948:18502803:1005/152658.172946:ERROR:ui/display/mac/cv_display_link_mac.mm:188] CVDisplayLinkCreateWithCGDisplay failed. CVReturn: -6670
[78948:18502680:1005/152658.173035:ERROR:ui/display/mac/cv_display_link_mac.mm:188] CVDisplayLinkCreateWithCGDisplay failed. CVReturn: -6670
[78948:18502803:1005/152658.173058:ERROR:ui/display/mac/cv_display_link_mac.mm:188] CVDisplayLinkCreateWithCGDisplay failed. CVReturn: -6670
[78948:18502680:1005/152658.173137:ERROR:ui/display/mac/cv_display_link_mac.mm:188] CVDisplayLinkCreateWithCGDisplay failed. CVReturn: -6670
[78948:18502803:1005/152658.173159:ERROR:ui/display/mac/cv_display_link_mac.mm:188] CVDisplayLinkCreateWithCGDisplay failed. CVReturn: -6670
[78948:18502680:1005/152658.173244:ERROR:ui/display/mac/cv_display_link_mac.mm:188] CVDisplayLinkCreateWithCGDisplay failed. CVReturn: -6670
[78948:18502803:1005/152658.173264:ERROR:ui/display/mac/cv_display_link_mac.mm:188] CVDisplayLinkCreateWithCGDisplay failed. CVReturn: -6670
[78939:18502661:1005/152700.555827:ERROR:google_apis/gcm/engine/registration_request.cc:291] Registration response error message: DEPRECATED_ENDPOINT
[79172:18503589:1005/152717.891943:VERBOSE1:chrome/updater/event_history.cc:176] Failed to set permissions on /Library/Application Support/Google/GoogleUpdater/updater_history.jsonl: Operation not permitted (1)
[79172:18503589:1005/152717.895438:VERBOSE1:chrome/updater/updater.cc:364] Version: 156.0.8067.0, opt, ARM_64, command line: /Library/Application Support/Google/GoogleUpdater/156.0.8067.0/GoogleUpdater.app/Contents/MacOS/GoogleUpdater --wake-all --system --enable-logging --vmodule=*/components/update_client/*=2,*/chrome/enterprise_companion/*=2,*/chrome/updater/*=2
[79172:18503589:1005/152717.895559:VERBOSE1:chrome/updater/updater.cc:367] OS version: 15.1.1, arch: arm64, System uptime (seconds): 586268, parent pid: 78939
[79172:18503589:1005/152717.909708:VERBOSE1:chrome/updater/updater.cc:372] Available disk space in install directory (/Library/Application Support/Google/GoogleUpdater): 3462660096B (3.225GiB) / 494384795648B (460.432GiB)
[79172:18503589:1005/152717.909825:VERBOSE1:chrome/updater/updater.cc:376] Available disk space in temporary directory (/var/folders/65/yhdkwfkd2jlc6qldn23z45y80000gq/T/): 3462660096B (3.225GiB) / 494384795648B (460.432GiB)
[79172:18503589:1005/152717.909953:VERBOSE1:chrome/updater/event_history.cc:239] Failed to write history event: logging not initialized
[79174:18503593:1005/152717.924808:VERBOSE1:chrome/updater/event_history.cc:176] Failed to set permissions on /Library/Application Support/Google/GoogleUpdater/updater_history.jsonl: Operation not permitted (1)
[79174:18503593:1005/152717.928796:VERBOSE1:chrome/updater/updater.cc:364] Version: 156.0.8067.0, opt, ARM_64, command line: /Library/Application Support/Google/GoogleUpdater/156.0.8067.0/GoogleUpdater.app/Contents/MacOS/GoogleUpdater --crash-handler --system --database=/Library/Application Support/Google/GoogleUpdater/156.0.8067.0/Crashpad --url=https://clients2.google.com/cr/report --annotation=prod=Update4 --annotation=ver=156.0.8067.0 --handshake-fd=4 --enable-logging --vmodule=*/components/update_client/*=2,*/chrome/enterprise_companion/*=2,*/chrome/updater/*=2
[79174:18503593:1005/152717.928906:VERBOSE1:chrome/updater/updater.cc:367] OS version: 15.1.1, arch: arm64, System uptime (seconds): 586268, parent pid: 1
[79174:18503593:1005/152717.932638:VERBOSE1:chrome/updater/updater.cc:372] Available disk space in install directory (/Library/Application Support/Google/GoogleUpdater): 3462668288B (3.225GiB) / 494384795648B (460.432GiB)
[79174:18503593:1005/152717.932754:VERBOSE1:chrome/updater/updater.cc:376] Available disk space in temporary directory (/var/folders/65/yhdkwfkd2jlc6qldn23z45y80000gq/T/): 3462668288B (3.225GiB) / 494384795648B (460.432GiB)
[79174:18503593:1005/152717.932862:VERBOSE1:chrome/updater/event_history.cc:239] Failed to write history event: logging not initialized
[79174:18503593:1005/152717.932986:ERROR:third_party/crashpad/crashpad/client/crash_report_database_mac.mm:109] mkdir /Library/Application Support/Google/GoogleUpdater/156.0.8067.0/Crashpad/new: Permission denied (13)
[79174:18503593:1005/152717.933102:VERBOSE1:chrome/updater/event_history.cc:239] Failed to write history event: logging not initialized
[79174:18503593:1005/152717.933192:VERBOSE1:chrome/updater/updater.cc:409] UpdaterMain (--crash-handler) returned 1.
[79172:18503589:1005/152717.933936:ERROR:third_party/crashpad/crashpad/util/file/file_io.cc:103] ReadExactly: expected 8, observed 0
[79172:18503589:1005/152717.934173:VERBOSE1:chrome/updater/crash_reporter.cc:119] Failed to start handler.
[79172:18503589:1005/152717.934294:ERROR:third_party/crashpad/crashpad/client/crash_report_database_mac.mm:109] mkdir /Library/Application Support/Google/GoogleUpdater/156.0.8067.0/Crashpad/new: Permission denied (13)
[79172:18503589:1005/152717.934387:ERROR:chrome/updater/crash_client.cc:76] Failed to initialize Crashpad database.
[79172:18503589:1005/152717.934468:VERBOSE1:chrome/updater/updater.cc:99] Crash reporting is not available.
[79172:18503598:1005/152717.934967:VERBOSE1:chrome/updater/app/app_wakeall.cc:58] Launching `/Library/Application Support/Google/GoogleUpdater/150.0.7863.0/GoogleUpdater.app/Contents/MacOS/GoogleUpdater --wake --system`
[79172:18503598:1005/152717.935399:VERBOSE1:chrome/updater/app/app_wakeall.cc:64] `/Library/Application Support/Google/GoogleUpdater/150.0.7863.0/GoogleUpdater.app/Contents/MacOS/GoogleUpdater --wake --system` process invalid: Permission denied (13)
[79172:18503598:1005/152717.935526:VERBOSE1:chrome/updater/app/app_wakeall.cc:58] Launching `/Library/Application Support/Google/GoogleUpdater/156.0.8067.0/GoogleUpdater.app/Contents/MacOS/GoogleUpdater --wake --system`
[79176:18503603:1005/152717.962025:VERBOSE1:chrome/updater/event_history.cc:176] Failed to set permissions on /Library/Application Support/Google/GoogleUpdater/updater_history.jsonl: Operation not permitted (1)
[79176:18503603:1005/152717.966395:VERBOSE1:chrome/updater/updater.cc:364] Version: 156.0.8067.0, opt, ARM_64, command line: /Library/Application Support/Google/GoogleUpdater/156.0.8067.0/GoogleUpdater.app/Contents/MacOS/GoogleUpdater --wake --system --enable-logging --vmodule=*/components/update_client/*=2,*/chrome/enterprise_companion/*=2,*/chrome/updater/*=2
[79176:18503603:1005/152717.967270:VERBOSE1:chrome/updater/updater.cc:367] OS version: 15.1.1, arch: arm64, System uptime (seconds): 586268, parent pid: 79172
[79176:18503603:1005/152717.971226:VERBOSE1:chrome/updater/updater.cc:372] Available disk space in install directory (/Library/Application Support/Google/GoogleUpdater): 3462668288B (3.225GiB) / 494384795648B (460.432GiB)
[79176:18503603:1005/152717.971402:VERBOSE1:chrome/updater/updater.cc:376] Available disk space in temporary directory (/var/folders/65/yhdkwfkd2jlc6qldn23z45y80000gq/T/): 3462668288B (3.225GiB) / 494384795648B (460.432GiB)
[79176:18503603:1005/152717.971622:VERBOSE1:chrome/updater/event_history.cc:239] Failed to write history event: logging not initialized
[79178:18503608:1005/152717.995776:VERBOSE1:chrome/updater/event_history.cc:176] Failed to set permissions on /Library/Application Support/Google/GoogleUpdater/updater_history.jsonl: Operation not permitted (1)
[79178:18503608:1005/152718.002470:VERBOSE1:chrome/updater/updater.cc:364] Version: 156.0.8067.0, opt, ARM_64, command line: /Library/Application Support/Google/GoogleUpdater/156.0.8067.0/GoogleUpdater.app/Contents/MacOS/GoogleUpdater --crash-handler --system --database=/Library/Application Support/Google/GoogleUpdater/156.0.8067.0/Crashpad --url=https://clients2.google.com/cr/report --annotation=prod=Update4 --annotation=ver=156.0.8067.0 --handshake-fd=4 --enable-logging --vmodule=*/components/update_client/*=2,*/chrome/enterprise_companion/*=2,*/chrome/updater/*=2
[79178:18503608:1005/152718.002618:VERBOSE1:chrome/updater/updater.cc:367] OS version: 15.1.1, arch: arm64, System uptime (seconds): 586268, parent pid: 1
[79178:18503608:1005/152718.007902:VERBOSE1:chrome/updater/updater.cc:372] Available disk space in install directory (/Library/Application Support/Google/GoogleUpdater): 3462668288B (3.225GiB) / 494384795648B (460.432GiB)
[79178:18503608:1005/152718.008021:VERBOSE1:chrome/updater/updater.cc:376] Available disk space in temporary directory (/var/folders/65/yhdkwfkd2jlc6qldn23z45y80000gq/T/): 3462668288B (3.225GiB) / 494384795648B (460.432GiB)
[79178:18503608:1005/152718.008158:VERBOSE1:chrome/updater/event_history.cc:239] Failed to write history event: logging not initialized
[79178:18503608:1005/152718.008280:ERROR:third_party/crashpad/crashpad/client/crash_report_database_mac.mm:109] mkdir /Library/Application Support/Google/GoogleUpdater/156.0.8067.0/Crashpad/new: Permission denied (13)
[79178:18503608:1005/152718.008416:VERBOSE1:chrome/updater/event_history.cc:239] Failed to write history event: logging not initialized
[79178:18503608:1005/152718.009769:VERBOSE1:chrome/updater/updater.cc:409] UpdaterMain (--crash-handler) returned 1.
[79176:18503603:1005/152718.010246:ERROR:third_party/crashpad/crashpad/util/file/file_io.cc:103] ReadExactly: expected 8, observed 0
[79176:18503603:1005/152718.010873:VERBOSE1:chrome/updater/crash_reporter.cc:119] Failed to start handler.
[79176:18503603:1005/152718.011054:ERROR:third_party/crashpad/crashpad/client/crash_report_database_mac.mm:109] mkdir /Library/Application Support/Google/GoogleUpdater/156.0.8067.0/Crashpad/new: Permission denied (13)
[79176:18503603:1005/152718.011147:ERROR:chrome/updater/crash_client.cc:76] Failed to initialize Crashpad database.
[79176:18503603:1005/152718.011235:VERBOSE1:chrome/updater/updater.cc:99] Crash reporting is not available.
[79176:18503603:1005/152718.011495:VERBOSE1:chrome/updater/ipc/update_service_internal_proxy_mojo.cc:61] Run
