
> bonsai-night-garden@1.0.0 build
> node scripts/build.mjs

vite v8.2.2 building client environment for production...
transforming...
✓ 19 modules transformed.
rendering chunks...
computing gzip size...
dist/index.html                              16.91 kB │ gzip:  12.49 kB
dist/assets/draco_wasm_wrapper-fZCQGLGb.js   58.45 kB
dist/assets/draco_wasm_wrapper-DxJM36Ib.js   58.76 kB
dist/assets/draco_decoder-Z1_iN-Ht.wasm     192.42 kB │ gzip:  64.11 kB
dist/assets/draco_decoder-C32yEggz.wasm     285.74 kB │ gzip:  89.66 kB
dist/assets/draco_decoder-fzg4nYZr.js       719.41 kB
dist/assets/index-DVKFpQ5r.css                0.43 kB │ gzip:   0.26 kB
dist/assets/index-Cl3LZupc.js               657.66 kB │ gzip: 172.36 kB

✓ built in 148ms
[plugin builtin:vite-reporter] 
(!) Some chunks are larger than 500 kB after minification. Consider:
- Using dynamic import() to code-split the application
- Use build.rolldownOptions.output.codeSplitting to improve chunking: https://rolldown.rs/reference/OutputOptions.codeSplitting
- Adjust chunk size limit for this warning via build.chunkSizeWarningLimit.
