CHECKPOINT {"id":"idle-pc-00-r31","samples":7,"rawSavedCompressed":true}
CHECKPOINT {"id":"idle-pc-01-candidate","samples":7,"rawSavedCompressed":true}
CHECKPOINT {"id":"idle-pc-02-candidate","samples":7,"rawSavedCompressed":true}
CHECKPOINT {"id":"idle-pc-03-r31","samples":7,"rawSavedCompressed":true}
CHECKPOINT {"id":"idle-pc-04-candidate","samples":7,"rawSavedCompressed":true}
CHECKPOINT {"id":"idle-pc-05-r31","samples":7,"rawSavedCompressed":true}
CHECKPOINT {"id":"idle-pc-06-r31","samples":7,"rawSavedCompressed":true}
CHECKPOINT {"id":"idle-pc-07-candidate","samples":7,"rawSavedCompressed":true}
CHECKPOINT {"id":"idle-mobile-390-00-r31","samples":7,"rawSavedCompressed":true}
CHECKPOINT {"id":"idle-mobile-390-01-candidate","samples":7,"rawSavedCompressed":true}
CHECKPOINT {"id":"idle-mobile-390-02-candidate","samples":7,"rawSavedCompressed":true}
CHECKPOINT {"id":"idle-mobile-390-03-r31","samples":7,"rawSavedCompressed":true}
CHECKPOINT {"id":"idle-mobile-390-04-candidate","samples":7,"rawSavedCompressed":true}
CHECKPOINT {"id":"idle-mobile-390-05-r31","samples":7,"rawSavedCompressed":true}
CHECKPOINT {"id":"idle-mobile-390-06-r31","samples":7,"rawSavedCompressed":true}
CHECKPOINT {"id":"idle-mobile-390-07-candidate","samples":7,"rawSavedCompressed":true}
CHECKPOINT {"id":"idle-mobile-320-00-r31","samples":7,"rawSavedCompressed":true}
CHECKPOINT {"id":"idle-mobile-320-01-candidate","samples":7,"rawSavedCompressed":true}
CHECKPOINT {"id":"idle-mobile-320-02-candidate","samples":7,"rawSavedCompressed":true}
CHECKPOINT {"id":"idle-mobile-320-03-r31","samples":7,"rawSavedCompressed":true}
CHECKPOINT {"id":"idle-mobile-320-04-candidate","samples":7,"rawSavedCompressed":true}
CHECKPOINT {"id":"idle-mobile-320-05-r31","samples":7,"rawSavedCompressed":true}
CHECKPOINT {"id":"idle-mobile-320-06-r31","samples":7,"rawSavedCompressed":true}
CHECKPOINT {"id":"idle-mobile-320-07-candidate","samples":7,"rawSavedCompressed":true}
CHECKPOINT {"id":"frame-pc-00-r31","samples":61,"rawSavedCompressed":true}
CHECKPOINT {"id":"frame-pc-01-candidate","samples":61,"rawSavedCompressed":true}
CHECKPOINT {"id":"frame-pc-02-candidate","samples":61,"rawSavedCompressed":true}
CHECKPOINT {"id":"frame-pc-03-r31","samples":61,"rawSavedCompressed":true}
CHECKPOINT {"id":"frame-pc-04-candidate","samples":61,"rawSavedCompressed":true}
CHECKPOINT {"id":"frame-pc-05-r31","samples":61,"rawSavedCompressed":true}
CHECKPOINT {"id":"frame-pc-06-r31","samples":61,"rawSavedCompressed":true}
CHECKPOINT {"id":"frame-pc-07-candidate","samples":61,"rawSavedCompressed":true}
CHECKPOINT {"id":"frame-mobile-390-00-r31","samples":61,"rawSavedCompressed":true}
CHECKPOINT {"id":"frame-mobile-390-01-candidate","samples":61,"rawSavedCompressed":true}
CHECKPOINT {"id":"frame-mobile-390-02-candidate","samples":61,"rawSavedCompressed":true}
CHECKPOINT {"id":"frame-mobile-390-03-r31","samples":61,"rawSavedCompressed":true}
CHECKPOINT {"id":"frame-mobile-390-04-candidate","samples":61,"rawSavedCompressed":true}
CHECKPOINT {"id":"frame-mobile-390-05-r31","samples":61,"rawSavedCompressed":true}
CHECKPOINT {"id":"frame-mobile-390-06-r31","samples":61,"rawSavedCompressed":true}
CHECKPOINT {"id":"frame-mobile-390-07-candidate","samples":61,"rawSavedCompressed":true}
CHECKPOINT {"id":"frame-mobile-320-00-r31","samples":61,"rawSavedCompressed":true}
CHECKPOINT {"id":"frame-mobile-320-01-candidate","samples":61,"rawSavedCompressed":true}
CHECKPOINT {"id":"frame-mobile-320-02-candidate","samples":61,"rawSavedCompressed":true}
CHECKPOINT {"id":"frame-mobile-320-03-r31","samples":61,"rawSavedCompressed":true}
CHECKPOINT {"id":"frame-mobile-320-04-candidate","samples":61,"rawSavedCompressed":true}
CHECKPOINT {"id":"frame-mobile-320-05-r31","samples":61,"rawSavedCompressed":true}
CHECKPOINT {"id":"frame-mobile-320-06-r31","samples":61,"rawSavedCompressed":true}
CHECKPOINT {"id":"frame-mobile-320-07-candidate","samples":61,"rawSavedCompressed":true}
CHECKPOINT {"id":"cold-pc-00-r31","first3D":12058.799999952316,"rawSavedCompressed":true}
CHECKPOINT {"id":"cold-pc-01-candidate","first3D":12268.200000047684,"rawSavedCompressed":true}
CHECKPOINT {"id":"cold-pc-02-candidate","first3D":12259.399999976158,"rawSavedCompressed":true}
CHECKPOINT {"id":"cold-pc-03-r31","first3D":12091.700000047684,"rawSavedCompressed":true}
CHECKPOINT {"id":"cold-mobile-390-00-r31","first3D":11491.600000023842,"rawSavedCompressed":true}
CHECKPOINT {"id":"cold-mobile-390-01-candidate","first3D":11682.399999976158,"rawSavedCompressed":true}
CHECKPOINT {"id":"cold-mobile-390-02-candidate","first3D":11718.099999904633,"rawSavedCompressed":true}
CHECKPOINT {"id":"cold-mobile-390-03-r31","first3D":11454.600000023842,"rawSavedCompressed":true}
CHECKPOINT {"id":"cold-mobile-320-00-r31","first3D":11358.300000071526,"rawSavedCompressed":true}
CHECKPOINT {"id":"cold-mobile-320-01-candidate","first3D":11582.100000023842,"rawSavedCompressed":true}
CHECKPOINT {"id":"cold-mobile-320-02-candidate","first3D":11597.299999952316,"rawSavedCompressed":true}
CHECKPOINT {"id":"cold-mobile-320-03-r31","first3D":11427.399999976158,"rawSavedCompressed":true}
