00:00.107  translation      | WARNING Falling back to standard locale ("C")
00:00.431  blend            | Read blend: "/Users/kazuki.tanaka/dev0/exfract-bonsai-02/improvement/2026-10-04/runs/anatomy-2150/models/best-coarse.blend"
/Users/kazuki.tanaka/dev0/exfract-bonsai-02/improvement/2026-10-04/runs/integrated-form-2245/sculpt/facets.py:41: DeprecationWarning: 'Material.use_nodes' is expected to be removed in Blender 6.0
  m=bpy.data.materials.new('Continuous wood growth');m.use_nodes=True;m.diffuse_color=(.43,.39,.31,1);me.materials.append(m)
INFO Draco is available, use library at /Applications/Blender.app/Contents/Resources/5.2/scripts/addons_core/io_scene_gltf2/libbf_intern_draco_bridge.dylib
INFO MeshOptimizer is available, use library at /Applications/Blender.app/Contents/Resources/5.2/scripts/addons_core/io_scene_gltf2/libbf_intern_meshopt_bridge.dylib
23:15:10 | INFO: Starting glTF 2.0 export
23:15:10 | INFO: Extracting primitive: Shared broad deadwood planes
23:15:10 | INFO: Primitives created: 1
23:15:10 | INFO: Extracting primitive: Continuous planted soil
23:15:10 | INFO: Primitives created: 1
23:15:10 | INFO: Extracting primitive: Cube.001
23:15:10 | INFO: Primitives created: 1
23:15:10 | INFO: Extracting primitive: Cube.002
23:15:10 | INFO: Primitives created: 1
23:15:10 | INFO: Extracting primitive: Cube.003
23:15:10 | INFO: Primitives created: 1
23:15:10 | INFO: Extracting primitive: Cube.004
23:15:10 | INFO: Primitives created: 1
23:15:10 | INFO: Extracting primitive: Low split natural bedding stone
23:15:10 | INFO: Primitives created: 1
23:15:10 | INFO: Extracting primitive: Shallow unglazed pot
23:15:10 | INFO: Primitives created: 1
23:15:10 | INFO: Finished glTF 2.0 export in 0.04818987846374512 s

{"version": "form-v08", "inspection": {"control_vertices": 2314, "control_faces": 2312, "evaluated_vertices": 9250, "triangles": 18496, "volume": 0.21070133054244727, "boundary_edges": 0, "nonmanifold_edges": 0, "nonadjacent_intersections": 0, "maximum_plane_edit": 0.05094846032160232, "edited_vertices": 246, "retained_volume_vs_form_v06": 0.985919435617723}}
Blender 5.2.1 LTS (hash 9e2066aef7ef built 2026-08-25 01:35:57)

Blender quit
