00:00.108  translation      | WARNING Falling back to standard locale ("C")
00:00.405  blend            | Read blend: "/Users/kazuki.tanaka/dev0/exfract-bonsai-02/improvement/2026-10-04/runs/anatomy-2150/models/best-coarse.blend"
/Users/kazuki.tanaka/dev0/exfract-bonsai-02/improvement/2026-10-04/runs/integrated-form-2245/sculpt/planes.py:8: DeprecationWarning: 'Material.use_nodes' is expected to be removed in Blender 6.0
  mat=bpy.data.materials.new('Continuous wood growth');mat.use_nodes=True;mat.diffuse_color=(.43,.39,.31,1);bs=mat.node_tree.nodes.get('Principled BSDF');bs.inputs['Roughness'].default_value=.93;bs.inputs['Base Color'].default_value=(.43,.39,.31,1);me.materials.append(mat)
INFO Draco is available, use library at /Applications/Blender.app/Contents/Resources/5.2/scripts/addons_core/io_scene_gltf2/libbf_intern_draco_bridge.dylib
INFO MeshOptimizer is available, use library at /Applications/Blender.app/Contents/Resources/5.2/scripts/addons_core/io_scene_gltf2/libbf_intern_meshopt_bridge.dylib
23:09:22 | INFO: Starting glTF 2.0 export
23:09:22 | INFO: Extracting primitive: Continuous cage with authored major planes
23:09:22 | INFO: Primitives created: 1
23:09:22 | INFO: Extracting primitive: Continuous planted soil
23:09:22 | INFO: Primitives created: 1
23:09:22 | INFO: Extracting primitive: Cube.001
23:09:22 | INFO: Primitives created: 1
23:09:22 | INFO: Extracting primitive: Cube.002
23:09:22 | INFO: Primitives created: 1
23:09:22 | INFO: Extracting primitive: Cube.003
23:09:22 | INFO: Primitives created: 1
23:09:22 | INFO: Extracting primitive: Cube.004
23:09:22 | INFO: Primitives created: 1
23:09:22 | INFO: Extracting primitive: Low split natural bedding stone
23:09:22 | INFO: Primitives created: 1
23:09:22 | INFO: Extracting primitive: Shallow unglazed pot
23:09:22 | INFO: Primitives created: 1
23:09:22 | INFO: Finished glTF 2.0 export in 0.04758620262145996 s

{"version": "form-v06", "inspection": {"control_vertices": 2314, "control_faces": 2312, "evaluated_vertices": 9250, "triangles": 18496, "volume": 0.21371049492541283, "boundary_edges": 0, "nonmanifold_edges": 0, "nonadjacent_intersections": 0, "maximum_indent": 0.060302988509557724, "retained_volume_fraction_vs_form_v01": 0.9141947480912843}, "glb_bytes": 1027192}
Blender 5.2.1 LTS (hash 9e2066aef7ef built 2026-08-25 01:35:57)

Blender quit
