00:00.108  translation      | WARNING Falling back to standard locale ("C")
00:00.531  blend            | Read blend: "/Users/kazuki.tanaka/dev0/exfract-bonsai-02/improvement/2026-10-04/runs/anatomy-2150/models/best-coarse.blend"
/Users/kazuki.tanaka/dev0/exfract-bonsai-02/improvement/2026-10-04/runs/integrated-form-2245/sculpt/form.py:89: DeprecationWarning: 'Material.use_nodes' is expected to be removed in Blender 6.0
  mat=bpy.data.materials.new('Continuous wood growth');mat.use_nodes=True;mat.diffuse_color=(.43,.39,.31,1);bs=mat.node_tree.nodes.get('Principled BSDF');bs.inputs['Roughness'].default_value=.93;bs.inputs['Base Color'].default_value=(.43,.39,.31,1);me.materials.append(mat)
INFO Draco is available, use library at /Applications/Blender.app/Contents/Resources/5.2/scripts/addons_core/io_scene_gltf2/libbf_intern_draco_bridge.dylib
INFO MeshOptimizer is available, use library at /Applications/Blender.app/Contents/Resources/5.2/scripts/addons_core/io_scene_gltf2/libbf_intern_meshopt_bridge.dylib
22:51:10 | INFO: Starting glTF 2.0 export
22:51:10 | INFO: Extracting primitive: Edited continuous large growth planes
22:51:10 | INFO: Primitives created: 1
22:51:10 | INFO: Extracting primitive: Continuous planted soil
22:51:10 | INFO: Primitives created: 1
22:51:10 | INFO: Extracting primitive: Cube.001
22:51:10 | INFO: Primitives created: 1
22:51:10 | INFO: Extracting primitive: Cube.002
22:51:10 | INFO: Primitives created: 1
22:51:10 | INFO: Extracting primitive: Cube.003
22:51:10 | INFO: Primitives created: 1
22:51:10 | INFO: Extracting primitive: Cube.004
22:51:10 | INFO: Primitives created: 1
22:51:10 | INFO: Extracting primitive: Low split natural bedding stone
22:51:10 | INFO: Primitives created: 1
22:51:10 | INFO: Extracting primitive: Shallow unglazed pot
22:51:10 | INFO: Primitives created: 1
22:51:10 | INFO: Finished glTF 2.0 export in 0.0446467399597168 s

{"version": "form-v01", "inspection": {"control_vertices": 593, "control_faces": 565, "evaluated_vertices": 9250, "triangles": 18496, "volume": 0.22947230779521155, "components": [9250], "boundary_edges": 0, "nonmanifold_edges": 0, "nonadjacent_intersections": 0}, "glb_bytes": 1016844}
Blender 5.2.1 LTS (hash 9e2066aef7ef built 2026-08-25 01:35:57)

Blender quit
