00:00.104  translation      | WARNING Falling back to standard locale ("C")
BlenderMCP: cannot start server in background mode (blender -b) - commands would never execute
BlenderMCP: run Blender with a GUI, or use a virtual display: xvfb-run -a blender
BlenderMCP addon registered
BlenderMCP server stopped
BlenderMCP addon unregistered
{"control_vertices": 184, "control_faces": 175, "evaluated_triangles": 5744, "volume": 0.14028679462266086, "boundary_edges": 0, "nonmanifold_edges": 0, "nonadjacent_intersections": 0, "connected_component_vertices": [2872], "minimum_face_area": 2.5868304874165915e-05, "genus_expected": 1, "euler_characteristic": 0, "bounds": {"min": [-0.8923342227935791, -0.14360114932060242, 0.36156949400901794], "max": [0.9574124813079834, 0.31427496671676636, 2.013895034790039]}}
Info: Saved as "junction-v01-editable.blend"
INFO Draco is available, use library at /Applications/Blender.app/Contents/Resources/5.2/scripts/addons_core/io_scene_gltf2/libbf_intern_draco_bridge.dylib
INFO MeshOptimizer is available, use library at /Applications/Blender.app/Contents/Resources/5.2/scripts/addons_core/io_scene_gltf2/libbf_intern_meshopt_bridge.dylib
10:38:29 | INFO: Starting glTF 2.0 export
10:38:29 | INFO: Extracting primitive: Explicit stem branch-fan and hollow wall cage
10:38:29 | INFO: Primitives created: 1
10:38:29 | INFO: Draco encoder: Encoding mesh Continuous aged trunk and primary branches.
10:38:29 | INFO: Finished glTF 2.0 export in 0.03474092483520508 s

{"glb_bytes": 35224, "native_bytes": 98265}
Blender 5.2.1 LTS (hash 9e2066aef7ef built 2026-08-25 01:35:57)
DracoEncoder | Preserve triangle order: no
DracoEncoder | Encoded 3281 vertices, 17232 indices, raw size: 213552, encoded size: 33267, compression ratio: 6.42

Blender quit
