00:00.111  translation      | WARNING Falling back to standard locale ("C")
/Users/kazuki.tanaka/dev0/exfract-bonsai-02/improvement/2026-10-04/runs/local-structure-2122/sculpt/assemble_local.py:14: DeprecationWarning: 'Material.use_nodes' is expected to be removed in Blender 6.0
  wood=bpy.data.materials.new('Sculpted wood shader');wood.diffuse_color=(.30,.28,.24,1);wood.use_nodes=True
INFO Draco is available, use library at /Applications/Blender.app/Contents/Resources/5.2/scripts/addons_core/io_scene_gltf2/libbf_intern_draco_bridge.dylib
INFO MeshOptimizer is available, use library at /Applications/Blender.app/Contents/Resources/5.2/scripts/addons_core/io_scene_gltf2/libbf_intern_meshopt_bridge.dylib
21:34:18 | INFO: Starting glTF 2.0 export
21:34:19 | INFO: Extracting primitive: Implicit solid surface
21:34:19 | INFO: Primitives created: 1
21:34:19 | INFO: Extracting primitive: Continuous planted soil
21:34:19 | INFO: Primitives created: 1
21:34:19 | INFO: Extracting primitive: Cube.001
21:34:19 | INFO: Primitives created: 1
21:34:19 | INFO: Extracting primitive: Cube.002
21:34:19 | INFO: Primitives created: 1
21:34:19 | INFO: Extracting primitive: Cube.003
21:34:19 | INFO: Primitives created: 1
21:34:19 | INFO: Extracting primitive: Cube.004
21:34:19 | INFO: Primitives created: 1
21:34:19 | INFO: Extracting primitive: Low split natural bedding stone
21:34:19 | INFO: Primitives created: 1
21:34:19 | INFO: Extracting primitive: Shallow unglazed pot
21:34:19 | INFO: Primitives created: 1
21:34:19 | INFO: Draco encoder: Encoding mesh Continuous aged trunk and primary branches.
21:34:19 | INFO: Draco encoder: Encoding mesh Continuous planted soil.
21:34:19 | INFO: Draco encoder: Encoding mesh Low ceramic foot.
21:34:19 | INFO: Draco encoder: Encoding mesh Low ceramic foot.001.
21:34:19 | INFO: Draco encoder: Encoding mesh Low ceramic foot.002.
21:34:19 | INFO: Draco encoder: Encoding mesh Low ceramic foot.003.
21:34:19 | INFO: Draco encoder: Encoding mesh Low split natural bedding stone.
21:34:19 | INFO: Draco encoder: Encoding mesh Shallow unglazed pot.
21:34:19 | INFO: Finished glTF 2.0 export in 1.7076411247253418 s

{"inspection": {"vertices": 279278, "faces": 558556, "components": [279278], "boundary_edges": 0, "nonmanifold_edges": 0, "signed_volume": 0.3000594324479747, "boundary_z_range": null}, "glb_bytes": 542164, "seconds": 11.165427250030916}
Blender 5.2.1 LTS (hash 9e2066aef7ef built 2026-08-25 01:35:57)
DracoEncoder | Preserve triangle order: no
DracoEncoder | Encoded 70000 vertices, 420000 indices, raw size: 4480000, encoded size: 453368, compression ratio: 9.88
DracoEncoder | Preserve triangle order: no
DracoEncoder | Encoded 3936 vertices, 23040 indices, raw size: 203520, encoded size: 25414, compression ratio: 8.01
DracoEncoder | Preserve triangle order: no
DracoEncoder | Encoded 116 vertices, 564 indices, raw size: 4840, encoded size: 1202, compression ratio: 4.03
DracoEncoder | Preserve triangle order: no
DracoEncoder | Encoded 116 vertices, 564 indices, raw size: 4840, encoded size: 1202, compression ratio: 4.03
DracoEncoder | Preserve triangle order: no
DracoEncoder | Encoded 116 vertices, 564 indices, raw size: 4840, encoded size: 1202, compression ratio: 4.03
DracoEncoder | Preserve triangle order: no
DracoEncoder | Encoded 116 vertices, 564 indices, raw size: 4840, encoded size: 1202, compression ratio: 4.03
DracoEncoder | Preserve triangle order: no
DracoEncoder | Encoded 5397 vertices, 12102 indices, raw size: 196908, encoded size: 42111, compression ratio: 4.68
DracoEncoder | Preserve triangle order: no
DracoEncoder | Encoded 1440 vertices, 8628 indices, raw size: 63336, encoded size: 9336, compression ratio: 6.78

Blender quit
