
DevTools listening on ws://127.0.0.1:54655/devtools/browser/5751aad3-f8e2-4710-ad02-f885c5151b92
Trying to load the allocator multiple times. This is *not* supported.
[32792:20205161:1006/035029.459971:ERROR:ui/display/mac/cv_display_link_mac.mm:188] CVDisplayLinkCreateWithCGDisplay failed. CVReturn: -6670
[32792:20205268:1006/035029.461397:ERROR:ui/display/mac/cv_display_link_mac.mm:188] CVDisplayLinkCreateWithCGDisplay failed. CVReturn: -6670
[32792:20205161:1006/035029.461595:ERROR:ui/display/mac/cv_display_link_mac.mm:188] CVDisplayLinkCreateWithCGDisplay failed. CVReturn: -6670
[32792:20205268:1006/035029.461674:ERROR:ui/display/mac/cv_display_link_mac.mm:188] CVDisplayLinkCreateWithCGDisplay failed. CVReturn: -6670
[32792:20205161:1006/035029.462308:ERROR:ui/display/mac/cv_display_link_mac.mm:188] CVDisplayLinkCreateWithCGDisplay failed. CVReturn: -6670
[32792:20205268:1006/035029.462357:ERROR:ui/display/mac/cv_display_link_mac.mm:188] CVDisplayLinkCreateWithCGDisplay failed. CVReturn: -6670
[32792:20205161:1006/035029.462485:ERROR:ui/display/mac/cv_display_link_mac.mm:188] CVDisplayLinkCreateWithCGDisplay failed. CVReturn: -6670
[32792:20205268:1006/035029.462542:ERROR:ui/display/mac/cv_display_link_mac.mm:188] CVDisplayLinkCreateWithCGDisplay failed. CVReturn: -6670
[32792:20205161:1006/035029.462648:ERROR:ui/display/mac/cv_display_link_mac.mm:188] CVDisplayLinkCreateWithCGDisplay failed. CVReturn: -6670
[32792:20205268:1006/035029.462697:ERROR:ui/display/mac/cv_display_link_mac.mm:188] CVDisplayLinkCreateWithCGDisplay failed. CVReturn: -6670
[32767:20205145:1006/035031.623505:ERROR:google_apis/gcm/engine/registration_request.cc:291] Registration response error message: DEPRECATED_ENDPOINT
[32993:20206019:1006/035049.155796:VERBOSE1:chrome/updater/event_history.cc:176] Failed to set permissions on /Library/Application Support/Google/GoogleUpdater/updater_history.jsonl: Operation not permitted (1)
[32993:20206019:1006/035049.161914:VERBOSE1:chrome/updater/updater.cc:364] Version: 156.0.8067.0, opt, ARM_64, command line: /Library/Application Support/Google/GoogleUpdater/156.0.8067.0/GoogleUpdater.app/Contents/MacOS/GoogleUpdater --wake-all --system --enable-logging --vmodule=*/components/update_client/*=2,*/chrome/enterprise_companion/*=2,*/chrome/updater/*=2
[32993:20206019:1006/035049.162156:VERBOSE1:chrome/updater/updater.cc:367] OS version: 15.1.1, arch: arm64, System uptime (seconds): 630879, parent pid: 32767
[32993:20206019:1006/035049.167638:VERBOSE1:chrome/updater/updater.cc:372] Available disk space in install directory (/Library/Application Support/Google/GoogleUpdater): 34680717312B (32.299GiB) / 494384795648B (460.432GiB)
[32993:20206019:1006/035049.167806:VERBOSE1:chrome/updater/updater.cc:376] Available disk space in temporary directory (/var/folders/65/yhdkwfkd2jlc6qldn23z45y80000gq/T/): 34680717312B (32.299GiB) / 494384795648B (460.432GiB)
[32993:20206019:1006/035049.168006:VERBOSE1:chrome/updater/event_history.cc:239] Failed to write history event: logging not initialized
[32995:20206023:1006/035049.206378:VERBOSE1:chrome/updater/event_history.cc:176] Failed to set permissions on /Library/Application Support/Google/GoogleUpdater/updater_history.jsonl: Operation not permitted (1)
[32995:20206023:1006/035049.210458:VERBOSE1:chrome/updater/updater.cc:364] Version: 156.0.8067.0, opt, ARM_64, command line: /Library/Application Support/Google/GoogleUpdater/156.0.8067.0/GoogleUpdater.app/Contents/MacOS/GoogleUpdater --crash-handler --system --database=/Library/Application Support/Google/GoogleUpdater/156.0.8067.0/Crashpad --url=https://clients2.google.com/cr/report --annotation=prod=Update4 --annotation=ver=156.0.8067.0 --handshake-fd=4 --enable-logging --vmodule=*/components/update_client/*=2,*/chrome/enterprise_companion/*=2,*/chrome/updater/*=2
[32995:20206023:1006/035049.211317:VERBOSE1:chrome/updater/updater.cc:367] OS version: 15.1.1, arch: arm64, System uptime (seconds): 630879, parent pid: 1
[32995:20206023:1006/035049.216441:VERBOSE1:chrome/updater/updater.cc:372] Available disk space in install directory (/Library/Application Support/Google/GoogleUpdater): 34680717312B (32.299GiB) / 494384795648B (460.432GiB)
[32995:20206023:1006/035049.216564:VERBOSE1:chrome/updater/updater.cc:376] Available disk space in temporary directory (/var/folders/65/yhdkwfkd2jlc6qldn23z45y80000gq/T/): 34680717312B (32.299GiB) / 494384795648B (460.432GiB)
[32995:20206023:1006/035049.216723:VERBOSE1:chrome/updater/event_history.cc:239] Failed to write history event: logging not initialized
[32995:20206023:1006/035049.216886:ERROR:third_party/crashpad/crashpad/client/crash_report_database_mac.mm:109] mkdir /Library/Application Support/Google/GoogleUpdater/156.0.8067.0/Crashpad/new: Permission denied (13)
[32995:20206023:1006/035049.217027:VERBOSE1:chrome/updater/event_history.cc:239] Failed to write history event: logging not initialized
[32995:20206023:1006/035049.217134:VERBOSE1:chrome/updater/updater.cc:409] UpdaterMain (--crash-handler) returned 1.
[32993:20206019:1006/035049.218631:ERROR:third_party/crashpad/crashpad/util/file/file_io.cc:103] ReadExactly: expected 8, observed 0
[32993:20206019:1006/035049.224038:VERBOSE1:chrome/updater/crash_reporter.cc:119] Failed to start handler.
[32993:20206019:1006/035049.224591:ERROR:third_party/crashpad/crashpad/client/crash_report_database_mac.mm:109] mkdir /Library/Application Support/Google/GoogleUpdater/156.0.8067.0/Crashpad/new: Permission denied (13)
[32993:20206019:1006/035049.224741:ERROR:chrome/updater/crash_client.cc:76] Failed to initialize Crashpad database.
[32993:20206019:1006/035049.224820:VERBOSE1:chrome/updater/updater.cc:99] Crash reporting is not available.
[32993:20206032:1006/035049.225380:VERBOSE1:chrome/updater/app/app_wakeall.cc:58] Launching `/Library/Application Support/Google/GoogleUpdater/150.0.7863.0/GoogleUpdater.app/Contents/MacOS/GoogleUpdater --wake --system`
[32993:20206032:1006/035049.225660:VERBOSE1:chrome/updater/app/app_wakeall.cc:64] `/Library/Application Support/Google/GoogleUpdater/150.0.7863.0/GoogleUpdater.app/Contents/MacOS/GoogleUpdater --wake --system` process invalid: Permission denied (13)
[32993:20206032:1006/035049.225733:VERBOSE1:chrome/updater/app/app_wakeall.cc:58] Launching `/Library/Application Support/Google/GoogleUpdater/156.0.8067.0/GoogleUpdater.app/Contents/MacOS/GoogleUpdater --wake --system`
[32997:20206037:1006/035049.241584:VERBOSE1:chrome/updater/event_history.cc:176] Failed to set permissions on /Library/Application Support/Google/GoogleUpdater/updater_history.jsonl: Operation not permitted (1)
[32997:20206037:1006/035049.245359:VERBOSE1:chrome/updater/updater.cc:364] Version: 156.0.8067.0, opt, ARM_64, command line: /Library/Application Support/Google/GoogleUpdater/156.0.8067.0/GoogleUpdater.app/Contents/MacOS/GoogleUpdater --wake --system --enable-logging --vmodule=*/components/update_client/*=2,*/chrome/enterprise_companion/*=2,*/chrome/updater/*=2
[32997:20206037:1006/035049.245447:VERBOSE1:chrome/updater/updater.cc:367] OS version: 15.1.1, arch: arm64, System uptime (seconds): 630879, parent pid: 32993
[32997:20206037:1006/035049.249202:VERBOSE1:chrome/updater/updater.cc:372] Available disk space in install directory (/Library/Application Support/Google/GoogleUpdater): 34680717312B (32.299GiB) / 494384795648B (460.432GiB)
[32997:20206037:1006/035049.249303:VERBOSE1:chrome/updater/updater.cc:376] Available disk space in temporary directory (/var/folders/65/yhdkwfkd2jlc6qldn23z45y80000gq/T/): 34680717312B (32.299GiB) / 494384795648B (460.432GiB)
[32997:20206037:1006/035049.249409:VERBOSE1:chrome/updater/event_history.cc:239] Failed to write history event: logging not initialized
[32999:20206041:1006/035049.266218:VERBOSE1:chrome/updater/event_history.cc:176] Failed to set permissions on /Library/Application Support/Google/GoogleUpdater/updater_history.jsonl: Operation not permitted (1)
[32999:20206041:1006/035049.270930:VERBOSE1:chrome/updater/updater.cc:364] Version: 156.0.8067.0, opt, ARM_64, command line: /Library/Application Support/Google/GoogleUpdater/156.0.8067.0/GoogleUpdater.app/Contents/MacOS/GoogleUpdater --crash-handler --system --database=/Library/Application Support/Google/GoogleUpdater/156.0.8067.0/Crashpad --url=https://clients2.google.com/cr/report --annotation=prod=Update4 --annotation=ver=156.0.8067.0 --handshake-fd=4 --enable-logging --vmodule=*/components/update_client/*=2,*/chrome/enterprise_companion/*=2,*/chrome/updater/*=2
[32999:20206041:1006/035049.271000:VERBOSE1:chrome/updater/updater.cc:367] OS version: 15.1.1, arch: arm64, System uptime (seconds): 630879, parent pid: 1
[32999:20206041:1006/035049.274145:VERBOSE1:chrome/updater/updater.cc:372] Available disk space in install directory (/Library/Application Support/Google/GoogleUpdater): 34680717312B (32.299GiB) / 494384795648B (460.432GiB)
[32999:20206041:1006/035049.274236:VERBOSE1:chrome/updater/updater.cc:376] Available disk space in temporary directory (/var/folders/65/yhdkwfkd2jlc6qldn23z45y80000gq/T/): 34680717312B (32.299GiB) / 494384795648B (460.432GiB)
[32999:20206041:1006/035049.274326:VERBOSE1:chrome/updater/event_history.cc:239] Failed to write history event: logging not initialized
[32999:20206041:1006/035049.274406:ERROR:third_party/crashpad/crashpad/client/crash_report_database_mac.mm:109] mkdir /Library/Application Support/Google/GoogleUpdater/156.0.8067.0/Crashpad/new: Permission denied (13)
[32999:20206041:1006/035049.274490:VERBOSE1:chrome/updater/event_history.cc:239] Failed to write history event: logging not initialized
[32999:20206041:1006/035049.274668:VERBOSE1:chrome/updater/updater.cc:409] UpdaterMain (--crash-handler) returned 1.
[32997:20206037:1006/035049.275052:ERROR:third_party/crashpad/crashpad/util/file/file_io.cc:103] ReadExactly: expected 8, observed 0
[32997:20206037:1006/035049.275235:VERBOSE1:chrome/updater/crash_reporter.cc:119] Failed to start handler.
[32997:20206037:1006/035049.275347:ERROR:third_party/crashpad/crashpad/client/crash_report_database_mac.mm:109] mkdir /Library/Application Support/Google/GoogleUpdater/156.0.8067.0/Crashpad/new: Permission denied (13)
[32997:20206037:1006/035049.275417:ERROR:chrome/updater/crash_client.cc:76] Failed to initialize Crashpad database.
[32997:20206037:1006/035049.275497:VERBOSE1:chrome/updater/updater.cc:99] Crash reporting is not available.
[32997:20206037:1006/035049.275786:VERBOSE1:chrome/updater/ipc/update_service_internal_proxy_mojo.cc:61] Run
[32767:20205145:1006/035059.547097:ERROR:google_apis/gcm/engine/registration_request.cc:291] Registration response error message: DEPRECATED_ENDPOINT
[32997:20206037:1006/035105.645433:VERBOSE1:chrome/updater/app/app.cc:52] Shutdown: 0
[32997:20206037:1006/035105.647327:VERBOSE1:chrome/updater/event_history.cc:239] Failed to write history event: logging not initialized
[32997:20206037:1006/035105.653117:VERBOSE1:chrome/updater/updater.cc:409] UpdaterMain (--wake) returned 0.
[32993:20206032:1006/035105.774917:VERBOSE1:chrome/updater/app/app_wakeall.cc:68] `/Library/Application Support/Google/GoogleUpdater/156.0.8067.0/GoogleUpdater.app/Contents/MacOS/GoogleUpdater --wake --system` exited 0
[32993:20206032:1006/035105.775439:VERBOSE1:chrome/updater/app/app_wakeall.cc:58] Launching `/Library/Application Support/Google/GoogleUpdater/149.0.7814.0/GoogleUpdater.app/Contents/MacOS/GoogleUpdater --wake --system`
[32993:20206032:1006/035105.776081:VERBOSE1:chrome/updater/app/app_wakeall.cc:64] `/Library/Application Support/Google/GoogleUpdater/149.0.7814.0/GoogleUpdater.app/Contents/MacOS/GoogleUpdater --wake --system` process invalid: Permission denied (13)
[32993:20206032:1006/035105.776237:VERBOSE1:chrome/updater/app/app_wakeall.cc:58] Launching `/Library/Application Support/Google/GoogleUpdater/148.0.7730.0/GoogleUpdater.app/Contents/MacOS/GoogleUpdater --wake --system`
[32993:20206032:1006/035105.776656:VERBOSE1:chrome/updater/app/app_wakeall.cc:64] `/Library/Application Support/Google/GoogleUpdater/148.0.7730.0/GoogleUpdater.app/Contents/MacOS/GoogleUpdater --wake --system` process invalid: Permission denied (13)
[32993:20206019:1006/035105.776873:VERBOSE1:chrome/updater/app/app.cc:52] Shutdown: 0
[32993:20206019:1006/035105.777766:VERBOSE1:chrome/updater/event_history.cc:239] Failed to write history event: logging not initialized
[32993:20206019:1006/035105.778019:VERBOSE1:chrome/updater/updater.cc:409] UpdaterMain (--wake-all) returned 0.
[32767:20205145:1006/035156.869833:ERROR:google_apis/gcm/engine/registration_request.cc:291] Registration response error message: DEPRECATED_ENDPOINT
[32767:20205145:1006/035339.831534:ERROR:google_apis/gcm/engine/registration_request.cc:291] Registration response error message: DEPRECATED_ENDPOINT
[32767:20205145:1006/035711.729411:ERROR:google_apis/gcm/engine/registration_request.cc:291] Registration response error message: DEPRECATED_ENDPOINT
[32767:20205145:1006/040343.142854:ERROR:google_apis/gcm/engine/registration_request.cc:291] Registration response error message: DEPRECATED_ENDPOINT
