
> bonsai-spatial-study-v04@0.1.0 dev
> node ../../../../../node_modules/vite/bin/vite.js --config vite.config.mjs --configLoader native

5:43:23 PM [vite] (client) Re-optimizing dependencies because vite config has changed

  VITE v8.2.2  ready in 137 ms

  ➜  Local:   http://127.0.0.1:5213/
5:52:36 PM [vite] (client) page reload /Users/kazuki.tanaka/dev0/exfract-bonsai-02/improvement/2026-10-04/runs/garden-reframe-1734/background/architecture.js
5:52:36 PM [vite] (client) page reload src/main.js
5:52:36 PM [vite] (client) page reload /Users/kazuki.tanaka/dev0/exfract-bonsai-02/improvement/2026-10-04/runs/garden-reframe-1734/background/distant-crowns.js
6:06:55 PM [vite] (client) page reload src/main.js
6:06:55 PM [vite] (client) page reload /Users/kazuki.tanaka/dev0/exfract-bonsai-02/improvement/2026-10-04/runs/garden-reframe-1734/background/architecture.js
6:06:55 PM [vite] (client) page reload /Users/kazuki.tanaka/dev0/exfract-bonsai-02/improvement/2026-10-04/runs/garden-reframe-1734/background/garden-rocks.js
6:06:55 PM [vite] (client) page reload /Users/kazuki.tanaka/dev0/exfract-bonsai-02/improvement/2026-10-04/runs/garden-reframe-1734/background/scene.js
6:06:55 PM [vite] (client) page reload /Users/kazuki.tanaka/dev0/exfract-bonsai-02/improvement/2026-10-04/runs/garden-reframe-1734/background/distant-crowns.js
6:06:55 PM [vite] (client) page reload /Users/kazuki.tanaka/dev0/exfract-bonsai-02/improvement/2026-10-04/runs/garden-reframe-1734/background/layout.js
6:06:55 PM [vite] (client) page reload /Users/kazuki.tanaka/dev0/exfract-bonsai-02/improvement/2026-10-04/runs/garden-reframe-1734/background/terrain-field.js
6:10:00 PM [vite] (client) page reload /Users/kazuki.tanaka/dev0/exfract-bonsai-02/improvement/2026-10-04/runs/garden-reframe-1734/background/layout.js
6:10:00 PM [vite] (client) page reload /Users/kazuki.tanaka/dev0/exfract-bonsai-02/improvement/2026-10-04/runs/garden-reframe-1734/background/garden-rocks.js
6:10:00 PM [vite] (client) page reload /Users/kazuki.tanaka/dev0/exfract-bonsai-02/improvement/2026-10-04/runs/garden-reframe-1734/background/garden-geometry.js
6:10:00 PM [vite] (client) page reload /Users/kazuki.tanaka/dev0/exfract-bonsai-02/improvement/2026-10-04/runs/garden-reframe-1734/background/architecture.js
6:10:00 PM [vite] (client) page reload /Users/kazuki.tanaka/dev0/exfract-bonsai-02/improvement/2026-10-04/runs/garden-reframe-1734/background/terrain-field.js
6:13:22 PM [vite] (client) page reload /Users/kazuki.tanaka/dev0/exfract-bonsai-02/improvement/2026-10-04/runs/garden-reframe-1734/background/garden-rocks.js
6:13:22 PM [vite] (client) page reload /Users/kazuki.tanaka/dev0/exfract-bonsai-02/improvement/2026-10-04/runs/garden-reframe-1734/background/layout.js
6:13:22 PM [vite] (client) page reload /Users/kazuki.tanaka/dev0/exfract-bonsai-02/improvement/2026-10-04/runs/garden-reframe-1734/background/architecture.js
6:13:22 PM [vite] (client) page reload /Users/kazuki.tanaka/dev0/exfract-bonsai-02/improvement/2026-10-04/runs/garden-reframe-1734/background/garden-geometry.js
6:13:22 PM [vite] (client) page reload src/main.js
6:13:22 PM [vite] (client) page reload /Users/kazuki.tanaka/dev0/exfract-bonsai-02/improvement/2026-10-04/runs/garden-reframe-1734/background/distant-crowns.js
6:13:22 PM [vite] (client) page reload /Users/kazuki.tanaka/dev0/exfract-bonsai-02/improvement/2026-10-04/runs/garden-reframe-1734/background/scene.js
6:16:44 PM [vite] (client) page reload /Users/kazuki.tanaka/dev0/exfract-bonsai-02/improvement/2026-10-04/runs/garden-reframe-1734/background/garden-materials.js
6:16:44 PM [vite] vite.config.mjs changed, restarting server...
6:16:44 PM [vite] (client) page reload /Users/kazuki.tanaka/dev0/exfract-bonsai-02/improvement/2026-10-04/runs/garden-reframe-1734/background/background-finish.js
6:16:44 PM [vite] server restarted.
6:19:36 PM [vite] (client) page reload /Users/kazuki.tanaka/dev0/exfract-bonsai-02/improvement/2026-10-04/runs/garden-reframe-1734/background/garden-materials.js
6:19:36 PM [vite] (client) page reload /Users/kazuki.tanaka/dev0/exfract-bonsai-02/improvement/2026-10-04/runs/garden-reframe-1734/background/garden-geometry.js
6:19:36 PM [vite] (client) page reload /Users/kazuki.tanaka/dev0/exfract-bonsai-02/improvement/2026-10-04/runs/garden-reframe-1734/background/background-finish.js
6:19:36 PM [vite] (client) page reload /Users/kazuki.tanaka/dev0/exfract-bonsai-02/improvement/2026-10-04/runs/garden-reframe-1734/background/distant-crowns.js
6:19:36 PM [vite] (client) page reload /Users/kazuki.tanaka/dev0/exfract-bonsai-02/improvement/2026-10-04/runs/garden-reframe-1734/background/scene.js
6:22:50 PM [vite] (client) page reload src/main.js
6:25:54 PM [vite] (client) page reload index.html
6:25:55 PM [vite] (client) page reload dist/index.html
