2.26s rear structural mass
3.21s front weathered mass
3.42s integrated right growth mass
3.88s dominant left root flare
4.05s front descending buttress
4.44s right anchoring root
4.81s rear root ridge
5.33s left lower primary
5.66s old torn branch shoulder
6.00s root split shoulder
6.43s left rear primary
6.82s upper left primary
7.22s crown right primary
7.39s apex
7.56s subordinate low right
7.73s rear crown
7.89s left lower front fork
8.06s left lower rear fork
8.22s left middle front fork
8.39s upper left rear fork
8.55s crown forward fork
8.72s crown rear fork
8.88s apex front fork
9.04s apex left fork
9.20s low right forward fork
9.52s front right surface root
9.85s front left surface root
10.19s rear left surface root
10.52s worn splinter rib
{"field": "/Users/kazuki.tanaka/dev0/exfract-bonsai-02/improvement/2026-10-04/runs/volume-rebuild-1656/models/hero-v19.field.f32", "seconds": 11.560581750003621, "bytes": 131072000}
{"implementation":"Installed Three.js 0.185.1 MarchingCubes","triangles":424136,"bytes":15268896}
00:00.112  translation      | WARNING Falling back to standard locale ("C")
/Users/kazuki.tanaka/dev0/exfract-bonsai-02/improvement/2026-10-04/runs/volume-rebuild-1656/sculpt/assemble.py:13: DeprecationWarning: 'Material.use_nodes' is expected to be removed in Blender 6.0
  wood=bpy.data.materials.new('Sculpted wood shader');wood.diffuse_color=(.30,.28,.24,1);wood.use_nodes=True
Info: Saved as "hero-v19.blend"
INFO Draco is available, use library at /Applications/Blender.app/Contents/Resources/5.2/scripts/addons_core/io_scene_gltf2/libbf_intern_draco_bridge.dylib
INFO MeshOptimizer is available, use library at /Applications/Blender.app/Contents/Resources/5.2/scripts/addons_core/io_scene_gltf2/libbf_intern_meshopt_bridge.dylib
18:56:35 | INFO: Starting glTF 2.0 export
18:56:36 | INFO: Extracting primitive: Implicit solid surface
18:56:37 | INFO: Primitives created: 1
18:56:37 | INFO: Extracting primitive: Continuous planted soil
18:56:37 | INFO: Primitives created: 1
18:56:37 | INFO: Extracting primitive: Cube.001
18:56:37 | INFO: Primitives created: 1
18:56:37 | INFO: Extracting primitive: Cube.002
18:56:37 | INFO: Primitives created: 1
18:56:37 | INFO: Extracting primitive: Cube.003
18:56:37 | INFO: Primitives created: 1
18:56:37 | INFO: Extracting primitive: Cube.004
18:56:37 | INFO: Primitives created: 1
18:56:37 | INFO: Extracting primitive: Low split natural bedding stone
18:56:37 | INFO: Primitives created: 1
18:56:37 | INFO: Extracting primitive: Shallow unglazed pot
18:56:37 | INFO: Primitives created: 1
18:56:37 | INFO: Draco encoder: Encoding mesh Continuous aged trunk and primary branches.
18:56:37 | INFO: Draco encoder: Encoding mesh Continuous planted soil.
18:56:37 | INFO: Draco encoder: Encoding mesh Low ceramic foot.
18:56:37 | INFO: Draco encoder: Encoding mesh Low ceramic foot.001.
18:56:37 | INFO: Draco encoder: Encoding mesh Low ceramic foot.002.
18:56:37 | INFO: Draco encoder: Encoding mesh Low ceramic foot.003.
18:56:37 | INFO: Draco encoder: Encoding mesh Low split natural bedding stone.
18:56:37 | INFO: Draco encoder: Encoding mesh Shallow unglazed pot.
18:56:37 | INFO: Finished glTF 2.0 export in 1.2823302745819092 s

{"inspection": {"vertices": 211582, "faces": 423168, "components": [211582], "boundary_edges": 0, "nonmanifold_edges": 0, "signed_volume": 0.28477320139723034, "boundary_z_range": null}, "glb_bytes": 553668, "seconds": 7.84711299999617}
Blender 5.2.1 LTS (hash 9e2066aef7ef built 2026-08-25 01:35:57)
DracoEncoder | Preserve triangle order: no
DracoEncoder | Encoded 69998 vertices, 420000 indices, raw size: 4479920, encoded size: 464875, compression ratio: 9.64
DracoEncoder | Preserve triangle order: no
DracoEncoder | Encoded 3936 vertices, 23040 indices, raw size: 203520, encoded size: 25414, compression ratio: 8.01
DracoEncoder | Preserve triangle order: no
DracoEncoder | Encoded 116 vertices, 564 indices, raw size: 4840, encoded size: 1202, compression ratio: 4.03
DracoEncoder | Preserve triangle order: no
DracoEncoder | Encoded 116 vertices, 564 indices, raw size: 4840, encoded size: 1202, compression ratio: 4.03
DracoEncoder | Preserve triangle order: no
DracoEncoder | Encoded 116 vertices, 564 indices, raw size: 4840, encoded size: 1202, compression ratio: 4.03
DracoEncoder | Preserve triangle order: no
DracoEncoder | Encoded 116 vertices, 564 indices, raw size: 4840, encoded size: 1202, compression ratio: 4.03
DracoEncoder | Preserve triangle order: no
DracoEncoder | Encoded 5397 vertices, 12102 indices, raw size: 196908, encoded size: 42111, compression ratio: 4.68
DracoEncoder | Preserve triangle order: no
DracoEncoder | Encoded 1440 vertices, 8628 indices, raw size: 63336, encoded size: 9336, compression ratio: 6.78

Blender quit
{"installed": "/Users/kazuki.tanaka/dev0/exfract-bonsai-02/improvement/2026-10-04/runs/volume-rebuild-1656/models/hero-v19.glb", "archives": [{"file": "hero-v19.field.f32", "archive": "hero-v19.field.f32.gz", "bytes": 131072000, "archive_bytes": 13326300, "sha256": "324587073e519a61a0e230f9f768ecb7cbe6fd6f70962b7a7d03a7fd8a7b6d60"}, {"file": "hero-v19.triangles.f32", "archive": "hero-v19.triangles.f32.gz", "bytes": 15268896, "archive_bytes": 3515060, "sha256": "0caca03956cb09382a2143d9688d437b2ae765424b5afca54f999c036c35fa0c"}]}
