
DevTools listening on ws://127.0.0.1:61125/devtools/browser/3a04b8a1-9633-479a-9619-383a819a2094
Trying to load the allocator multiple times. This is *not* supported.
[87880:20368698:1006/052556.456707:ERROR:ui/display/mac/cv_display_link_mac.mm:188] CVDisplayLinkCreateWithCGDisplay failed. CVReturn: -6670
[87880:20368818:1006/052556.458644:ERROR:ui/display/mac/cv_display_link_mac.mm:188] CVDisplayLinkCreateWithCGDisplay failed. CVReturn: -6670
[87880:20368698:1006/052556.458851:ERROR:ui/display/mac/cv_display_link_mac.mm:188] CVDisplayLinkCreateWithCGDisplay failed. CVReturn: -6670
[87880:20368818:1006/052556.458883:ERROR:ui/display/mac/cv_display_link_mac.mm:188] CVDisplayLinkCreateWithCGDisplay failed. CVReturn: -6670
[87880:20368698:1006/052556.458984:ERROR:ui/display/mac/cv_display_link_mac.mm:188] CVDisplayLinkCreateWithCGDisplay failed. CVReturn: -6670
[87880:20368818:1006/052556.459032:ERROR:ui/display/mac/cv_display_link_mac.mm:188] CVDisplayLinkCreateWithCGDisplay failed. CVReturn: -6670
[87880:20368698:1006/052556.459201:ERROR:ui/display/mac/cv_display_link_mac.mm:188] CVDisplayLinkCreateWithCGDisplay failed. CVReturn: -6670
[87880:20368818:1006/052556.459250:ERROR:ui/display/mac/cv_display_link_mac.mm:188] CVDisplayLinkCreateWithCGDisplay failed. CVReturn: -6670
[87880:20368698:1006/052556.459351:ERROR:ui/display/mac/cv_display_link_mac.mm:188] CVDisplayLinkCreateWithCGDisplay failed. CVReturn: -6670
[87880:20368818:1006/052556.459393:ERROR:ui/display/mac/cv_display_link_mac.mm:188] CVDisplayLinkCreateWithCGDisplay failed. CVReturn: -6670
[87858:20368678:1006/052558.613662:ERROR:google_apis/gcm/engine/registration_request.cc:291] Registration response error message: DEPRECATED_ENDPOINT
[88065:20369494:1006/052616.123585:VERBOSE1:chrome/updater/event_history.cc:176] Failed to set permissions on /Library/Application Support/Google/GoogleUpdater/updater_history.jsonl: Operation not permitted (1)
[88065:20369494:1006/052616.128565:VERBOSE1:chrome/updater/updater.cc:364] Version: 156.0.8067.0, opt, ARM_64, command line: /Library/Application Support/Google/GoogleUpdater/156.0.8067.0/GoogleUpdater.app/Contents/MacOS/GoogleUpdater --wake-all --system --enable-logging --vmodule=*/components/update_client/*=2,*/chrome/enterprise_companion/*=2,*/chrome/updater/*=2
[88065:20369494:1006/052616.128696:VERBOSE1:chrome/updater/updater.cc:367] OS version: 15.1.1, arch: arm64, System uptime (seconds): 636606, parent pid: 87858
[88065:20369494:1006/052616.133641:VERBOSE1:chrome/updater/updater.cc:372] Available disk space in install directory (/Library/Application Support/Google/GoogleUpdater): 31704539136B (29.527GiB) / 494384795648B (460.432GiB)
[88065:20369494:1006/052616.134069:VERBOSE1:chrome/updater/updater.cc:376] Available disk space in temporary directory (/var/folders/65/yhdkwfkd2jlc6qldn23z45y80000gq/T/): 31704539136B (29.527GiB) / 494384795648B (460.432GiB)
[88065:20369494:1006/052616.134213:VERBOSE1:chrome/updater/event_history.cc:239] Failed to write history event: logging not initialized
[88068:20369499:1006/052616.158755:VERBOSE1:chrome/updater/event_history.cc:176] Failed to set permissions on /Library/Application Support/Google/GoogleUpdater/updater_history.jsonl: Operation not permitted (1)
[88068:20369499:1006/052616.162622:VERBOSE1:chrome/updater/updater.cc:364] Version: 156.0.8067.0, opt, ARM_64, command line: /Library/Application Support/Google/GoogleUpdater/156.0.8067.0/GoogleUpdater.app/Contents/MacOS/GoogleUpdater --crash-handler --system --database=/Library/Application Support/Google/GoogleUpdater/156.0.8067.0/Crashpad --url=https://clients2.google.com/cr/report --annotation=prod=Update4 --annotation=ver=156.0.8067.0 --handshake-fd=4 --enable-logging --vmodule=*/components/update_client/*=2,*/chrome/enterprise_companion/*=2,*/chrome/updater/*=2
[88068:20369499:1006/052616.162886:VERBOSE1:chrome/updater/updater.cc:367] OS version: 15.1.1, arch: arm64, System uptime (seconds): 636606, parent pid: 1
[88068:20369499:1006/052616.167545:VERBOSE1:chrome/updater/updater.cc:372] Available disk space in install directory (/Library/Application Support/Google/GoogleUpdater): 31704539136B (29.527GiB) / 494384795648B (460.432GiB)
[88068:20369499:1006/052616.167681:VERBOSE1:chrome/updater/updater.cc:376] Available disk space in temporary directory (/var/folders/65/yhdkwfkd2jlc6qldn23z45y80000gq/T/): 31704539136B (29.527GiB) / 494384795648B (460.432GiB)
[88068:20369499:1006/052616.167826:VERBOSE1:chrome/updater/event_history.cc:239] Failed to write history event: logging not initialized
[88068:20369499:1006/052616.167959:ERROR:third_party/crashpad/crashpad/client/crash_report_database_mac.mm:109] mkdir /Library/Application Support/Google/GoogleUpdater/156.0.8067.0/Crashpad/new: Permission denied (13)
[88068:20369499:1006/052616.168103:VERBOSE1:chrome/updater/event_history.cc:239] Failed to write history event: logging not initialized
[88068:20369499:1006/052616.168203:VERBOSE1:chrome/updater/updater.cc:409] UpdaterMain (--crash-handler) returned 1.
[88065:20369494:1006/052616.169063:ERROR:third_party/crashpad/crashpad/util/file/file_io.cc:103] ReadExactly: expected 8, observed 0
[88065:20369494:1006/052616.169313:VERBOSE1:chrome/updater/crash_reporter.cc:119] Failed to start handler.
[88065:20369494:1006/052616.169452:ERROR:third_party/crashpad/crashpad/client/crash_report_database_mac.mm:109] mkdir /Library/Application Support/Google/GoogleUpdater/156.0.8067.0/Crashpad/new: Permission denied (13)
[88065:20369494:1006/052616.169557:ERROR:chrome/updater/crash_client.cc:76] Failed to initialize Crashpad database.
[88065:20369494:1006/052616.169644:VERBOSE1:chrome/updater/updater.cc:99] Crash reporting is not available.
[88065:20369506:1006/052616.170201:VERBOSE1:chrome/updater/app/app_wakeall.cc:58] Launching `/Library/Application Support/Google/GoogleUpdater/150.0.7863.0/GoogleUpdater.app/Contents/MacOS/GoogleUpdater --wake --system`
[88065:20369506:1006/052616.170514:VERBOSE1:chrome/updater/app/app_wakeall.cc:64] `/Library/Application Support/Google/GoogleUpdater/150.0.7863.0/GoogleUpdater.app/Contents/MacOS/GoogleUpdater --wake --system` process invalid: Permission denied (13)
[88065:20369506:1006/052616.170646:VERBOSE1:chrome/updater/app/app_wakeall.cc:58] Launching `/Library/Application Support/Google/GoogleUpdater/156.0.8067.0/GoogleUpdater.app/Contents/MacOS/GoogleUpdater --wake --system`
[88070:20369511:1006/052616.194004:VERBOSE1:chrome/updater/event_history.cc:176] Failed to set permissions on /Library/Application Support/Google/GoogleUpdater/updater_history.jsonl: Operation not permitted (1)
[88070:20369511:1006/052616.199686:VERBOSE1:chrome/updater/updater.cc:364] Version: 156.0.8067.0, opt, ARM_64, command line: /Library/Application Support/Google/GoogleUpdater/156.0.8067.0/GoogleUpdater.app/Contents/MacOS/GoogleUpdater --wake --system --enable-logging --vmodule=*/components/update_client/*=2,*/chrome/enterprise_companion/*=2,*/chrome/updater/*=2
[88070:20369511:1006/052616.199805:VERBOSE1:chrome/updater/updater.cc:367] OS version: 15.1.1, arch: arm64, System uptime (seconds): 636606, parent pid: 88065
[88070:20369511:1006/052616.203426:VERBOSE1:chrome/updater/updater.cc:372] Available disk space in install directory (/Library/Application Support/Google/GoogleUpdater): 31704539136B (29.527GiB) / 494384795648B (460.432GiB)
[88070:20369511:1006/052616.203554:VERBOSE1:chrome/updater/updater.cc:376] Available disk space in temporary directory (/var/folders/65/yhdkwfkd2jlc6qldn23z45y80000gq/T/): 31704539136B (29.527GiB) / 494384795648B (460.432GiB)
[88070:20369511:1006/052616.203694:VERBOSE1:chrome/updater/event_history.cc:239] Failed to write history event: logging not initialized
[88072:20369515:1006/052616.227097:VERBOSE1:chrome/updater/event_history.cc:176] Failed to set permissions on /Library/Application Support/Google/GoogleUpdater/updater_history.jsonl: Operation not permitted (1)
[88072:20369515:1006/052616.233529:VERBOSE1:chrome/updater/updater.cc:364] Version: 156.0.8067.0, opt, ARM_64, command line: /Library/Application Support/Google/GoogleUpdater/156.0.8067.0/GoogleUpdater.app/Contents/MacOS/GoogleUpdater --crash-handler --system --database=/Library/Application Support/Google/GoogleUpdater/156.0.8067.0/Crashpad --url=https://clients2.google.com/cr/report --annotation=prod=Update4 --annotation=ver=156.0.8067.0 --handshake-fd=4 --enable-logging --vmodule=*/components/update_client/*=2,*/chrome/enterprise_companion/*=2,*/chrome/updater/*=2
[88072:20369515:1006/052616.233649:VERBOSE1:chrome/updater/updater.cc:367] OS version: 15.1.1, arch: arm64, System uptime (seconds): 636606, parent pid: 1
[88072:20369515:1006/052616.238888:VERBOSE1:chrome/updater/updater.cc:372] Available disk space in install directory (/Library/Application Support/Google/GoogleUpdater): 31704539136B (29.527GiB) / 494384795648B (460.432GiB)
[88072:20369515:1006/052616.239007:VERBOSE1:chrome/updater/updater.cc:376] Available disk space in temporary directory (/var/folders/65/yhdkwfkd2jlc6qldn23z45y80000gq/T/): 31704539136B (29.527GiB) / 494384795648B (460.432GiB)
[88072:20369515:1006/052616.239128:VERBOSE1:chrome/updater/event_history.cc:239] Failed to write history event: logging not initialized
[88072:20369515:1006/052616.239253:ERROR:third_party/crashpad/crashpad/client/crash_report_database_mac.mm:109] mkdir /Library/Application Support/Google/GoogleUpdater/156.0.8067.0/Crashpad/new: Permission denied (13)
[88072:20369515:1006/052616.239392:VERBOSE1:chrome/updater/event_history.cc:239] Failed to write history event: logging not initialized
[88072:20369515:1006/052616.239594:VERBOSE1:chrome/updater/updater.cc:409] UpdaterMain (--crash-handler) returned 1.
[88070:20369511:1006/052616.240054:ERROR:third_party/crashpad/crashpad/util/file/file_io.cc:103] ReadExactly: expected 8, observed 0
[88070:20369511:1006/052616.240297:VERBOSE1:chrome/updater/crash_reporter.cc:119] Failed to start handler.
[88070:20369511:1006/052616.240426:ERROR:third_party/crashpad/crashpad/client/crash_report_database_mac.mm:109] mkdir /Library/Application Support/Google/GoogleUpdater/156.0.8067.0/Crashpad/new: Permission denied (13)
[88070:20369511:1006/052616.240538:ERROR:chrome/updater/crash_client.cc:76] Failed to initialize Crashpad database.
[88070:20369511:1006/052616.240636:VERBOSE1:chrome/updater/updater.cc:99] Crash reporting is not available.
[88070:20369511:1006/052616.240961:VERBOSE1:chrome/updater/ipc/update_service_internal_proxy_mojo.cc:61] Run
[87858:20368678:1006/052627.254600:ERROR:google_apis/gcm/engine/registration_request.cc:291] Registration response error message: DEPRECATED_ENDPOINT
[88070:20369511:1006/052633.993360:VERBOSE1:chrome/updater/app/app.cc:52] Shutdown: 0
[88070:20369511:1006/052633.994748:VERBOSE1:chrome/updater/event_history.cc:239] Failed to write history event: logging not initialized
[88070:20369511:1006/052633.994983:VERBOSE1:chrome/updater/updater.cc:409] UpdaterMain (--wake) returned 0.
[88065:20369506:1006/052634.078859:VERBOSE1:chrome/updater/app/app_wakeall.cc:68] `/Library/Application Support/Google/GoogleUpdater/156.0.8067.0/GoogleUpdater.app/Contents/MacOS/GoogleUpdater --wake --system` exited 0
[88065:20369506:1006/052634.080920:VERBOSE1:chrome/updater/app/app_wakeall.cc:58] Launching `/Library/Application Support/Google/GoogleUpdater/149.0.7814.0/GoogleUpdater.app/Contents/MacOS/GoogleUpdater --wake --system`
[88065:20369506:1006/052634.084243:VERBOSE1:chrome/updater/app/app_wakeall.cc:64] `/Library/Application Support/Google/GoogleUpdater/149.0.7814.0/GoogleUpdater.app/Contents/MacOS/GoogleUpdater --wake --system` process invalid: Permission denied (13)
[88065:20369506:1006/052634.084590:VERBOSE1:chrome/updater/app/app_wakeall.cc:58] Launching `/Library/Application Support/Google/GoogleUpdater/148.0.7730.0/GoogleUpdater.app/Contents/MacOS/GoogleUpdater --wake --system`
[88065:20369506:1006/052634.085234:VERBOSE1:chrome/updater/app/app_wakeall.cc:64] `/Library/Application Support/Google/GoogleUpdater/148.0.7730.0/GoogleUpdater.app/Contents/MacOS/GoogleUpdater --wake --system` process invalid: Permission denied (13)
[88065:20369494:1006/052634.085713:VERBOSE1:chrome/updater/app/app.cc:52] Shutdown: 0
[88065:20369494:1006/052634.086781:VERBOSE1:chrome/updater/event_history.cc:239] Failed to write history event: logging not initialized
[88065:20369494:1006/052634.089347:VERBOSE1:chrome/updater/updater.cc:409] UpdaterMain (--wake-all) returned 0.
[87858:20368678:1006/052718.932649:ERROR:google_apis/gcm/engine/registration_request.cc:291] Registration response error message: DEPRECATED_ENDPOINT
[87858:20368678:1006/052910.986142:ERROR:google_apis/gcm/engine/registration_request.cc:291] Registration response error message: DEPRECATED_ENDPOINT
[87858:20368678:1006/053226.902769:ERROR:google_apis/gcm/engine/registration_request.cc:291] Registration response error message: DEPRECATED_ENDPOINT
[87858:20368678:1006/053756.583978:ERROR:google_apis/gcm/engine/registration_request.cc:291] Registration response error message: DEPRECATED_ENDPOINT
