
DevTools listening on ws://127.0.0.1:62345/devtools/browser/0f438200-1973-492d-bb54-cf4590c30f25
Trying to load the allocator multiple times. This is *not* supported.
[98282:20400044:1006/054353.800713:ERROR:ui/display/mac/cv_display_link_mac.mm:188] CVDisplayLinkCreateWithCGDisplay failed. CVReturn: -6670
[98282:20400150:1006/054353.804004:ERROR:ui/display/mac/cv_display_link_mac.mm:188] CVDisplayLinkCreateWithCGDisplay failed. CVReturn: -6670
[98282:20400044:1006/054353.804188:ERROR:ui/display/mac/cv_display_link_mac.mm:188] CVDisplayLinkCreateWithCGDisplay failed. CVReturn: -6670
[98282:20400150:1006/054353.804215:ERROR:ui/display/mac/cv_display_link_mac.mm:188] CVDisplayLinkCreateWithCGDisplay failed. CVReturn: -6670
[98282:20400044:1006/054353.804297:ERROR:ui/display/mac/cv_display_link_mac.mm:188] CVDisplayLinkCreateWithCGDisplay failed. CVReturn: -6670
[98282:20400150:1006/054353.804319:ERROR:ui/display/mac/cv_display_link_mac.mm:188] CVDisplayLinkCreateWithCGDisplay failed. CVReturn: -6670
[98282:20400044:1006/054353.804393:ERROR:ui/display/mac/cv_display_link_mac.mm:188] CVDisplayLinkCreateWithCGDisplay failed. CVReturn: -6670
[98282:20400150:1006/054353.804414:ERROR:ui/display/mac/cv_display_link_mac.mm:188] CVDisplayLinkCreateWithCGDisplay failed. CVReturn: -6670
[98282:20400044:1006/054353.804506:ERROR:ui/display/mac/cv_display_link_mac.mm:188] CVDisplayLinkCreateWithCGDisplay failed. CVReturn: -6670
[98282:20400150:1006/054353.804530:ERROR:ui/display/mac/cv_display_link_mac.mm:188] CVDisplayLinkCreateWithCGDisplay failed. CVReturn: -6670
[98274:20400021:1006/054355.946402:ERROR:google_apis/gcm/engine/registration_request.cc:291] Registration response error message: DEPRECATED_ENDPOINT
[98492:20400849:1006/054413.526422:VERBOSE1:chrome/updater/event_history.cc:176] Failed to set permissions on /Library/Application Support/Google/GoogleUpdater/updater_history.jsonl: Operation not permitted (1)
[98492:20400849:1006/054413.530415:VERBOSE1:chrome/updater/updater.cc:364] Version: 156.0.8067.0, opt, ARM_64, command line: /Library/Application Support/Google/GoogleUpdater/156.0.8067.0/GoogleUpdater.app/Contents/MacOS/GoogleUpdater --wake-all --system --enable-logging --vmodule=*/components/update_client/*=2,*/chrome/enterprise_companion/*=2,*/chrome/updater/*=2
[98492:20400849:1006/054413.530541:VERBOSE1:chrome/updater/updater.cc:367] OS version: 15.1.1, arch: arm64, System uptime (seconds): 637683, parent pid: 98274
[98492:20400849:1006/054413.537879:VERBOSE1:chrome/updater/updater.cc:372] Available disk space in install directory (/Library/Application Support/Google/GoogleUpdater): 31684976640B (29.509GiB) / 494384795648B (460.432GiB)
[98492:20400849:1006/054413.541814:VERBOSE1:chrome/updater/updater.cc:376] Available disk space in temporary directory (/var/folders/65/yhdkwfkd2jlc6qldn23z45y80000gq/T/): 31684976640B (29.509GiB) / 494384795648B (460.432GiB)
[98492:20400849:1006/054413.543092:VERBOSE1:chrome/updater/event_history.cc:239] Failed to write history event: logging not initialized
[98507:20400870:1006/054413.570571:VERBOSE1:chrome/updater/event_history.cc:176] Failed to set permissions on /Library/Application Support/Google/GoogleUpdater/updater_history.jsonl: Operation not permitted (1)
[98507:20400870:1006/054413.573961:VERBOSE1:chrome/updater/updater.cc:364] Version: 156.0.8067.0, opt, ARM_64, command line: /Library/Application Support/Google/GoogleUpdater/156.0.8067.0/GoogleUpdater.app/Contents/MacOS/GoogleUpdater --crash-handler --system --database=/Library/Application Support/Google/GoogleUpdater/156.0.8067.0/Crashpad --url=https://clients2.google.com/cr/report --annotation=prod=Update4 --annotation=ver=156.0.8067.0 --handshake-fd=4 --enable-logging --vmodule=*/components/update_client/*=2,*/chrome/enterprise_companion/*=2,*/chrome/updater/*=2
[98507:20400870:1006/054413.574095:VERBOSE1:chrome/updater/updater.cc:367] OS version: 15.1.1, arch: arm64, System uptime (seconds): 637683, parent pid: 1
[98507:20400870:1006/054413.579556:VERBOSE1:chrome/updater/updater.cc:372] Available disk space in install directory (/Library/Application Support/Google/GoogleUpdater): 31684976640B (29.509GiB) / 494384795648B (460.432GiB)
[98507:20400870:1006/054413.579683:VERBOSE1:chrome/updater/updater.cc:376] Available disk space in temporary directory (/var/folders/65/yhdkwfkd2jlc6qldn23z45y80000gq/T/): 31684976640B (29.509GiB) / 494384795648B (460.432GiB)
[98507:20400870:1006/054413.579833:VERBOSE1:chrome/updater/event_history.cc:239] Failed to write history event: logging not initialized
[98507:20400870:1006/054413.579965:ERROR:third_party/crashpad/crashpad/client/crash_report_database_mac.mm:109] mkdir /Library/Application Support/Google/GoogleUpdater/156.0.8067.0/Crashpad/new: Permission denied (13)
[98507:20400870:1006/054413.580098:VERBOSE1:chrome/updater/event_history.cc:239] Failed to write history event: logging not initialized
[98507:20400870:1006/054413.580545:VERBOSE1:chrome/updater/updater.cc:409] UpdaterMain (--crash-handler) returned 1.
[98492:20400849:1006/054413.582365:ERROR:third_party/crashpad/crashpad/util/file/file_io.cc:103] ReadExactly: expected 8, observed 0
[98492:20400849:1006/054413.582736:VERBOSE1:chrome/updater/crash_reporter.cc:119] Failed to start handler.
[98492:20400849:1006/054413.582912:ERROR:third_party/crashpad/crashpad/client/crash_report_database_mac.mm:109] mkdir /Library/Application Support/Google/GoogleUpdater/156.0.8067.0/Crashpad/new: Permission denied (13)
[98492:20400849:1006/054413.583024:ERROR:chrome/updater/crash_client.cc:76] Failed to initialize Crashpad database.
[98492:20400849:1006/054413.583126:VERBOSE1:chrome/updater/updater.cc:99] Crash reporting is not available.
[98492:20400885:1006/054413.583764:VERBOSE1:chrome/updater/app/app_wakeall.cc:58] Launching `/Library/Application Support/Google/GoogleUpdater/150.0.7863.0/GoogleUpdater.app/Contents/MacOS/GoogleUpdater --wake --system`
[98492:20400885:1006/054413.584110:VERBOSE1:chrome/updater/app/app_wakeall.cc:64] `/Library/Application Support/Google/GoogleUpdater/150.0.7863.0/GoogleUpdater.app/Contents/MacOS/GoogleUpdater --wake --system` process invalid: Permission denied (13)
[98492:20400885:1006/054413.584267:VERBOSE1:chrome/updater/app/app_wakeall.cc:58] Launching `/Library/Application Support/Google/GoogleUpdater/156.0.8067.0/GoogleUpdater.app/Contents/MacOS/GoogleUpdater --wake --system`
[98509:20400890:1006/054413.606355:VERBOSE1:chrome/updater/event_history.cc:176] Failed to set permissions on /Library/Application Support/Google/GoogleUpdater/updater_history.jsonl: Operation not permitted (1)
[98509:20400890:1006/054413.610236:VERBOSE1:chrome/updater/updater.cc:364] Version: 156.0.8067.0, opt, ARM_64, command line: /Library/Application Support/Google/GoogleUpdater/156.0.8067.0/GoogleUpdater.app/Contents/MacOS/GoogleUpdater --wake --system --enable-logging --vmodule=*/components/update_client/*=2,*/chrome/enterprise_companion/*=2,*/chrome/updater/*=2
[98509:20400890:1006/054413.610402:VERBOSE1:chrome/updater/updater.cc:367] OS version: 15.1.1, arch: arm64, System uptime (seconds): 637683, parent pid: 98492
[98509:20400890:1006/054413.614354:VERBOSE1:chrome/updater/updater.cc:372] Available disk space in install directory (/Library/Application Support/Google/GoogleUpdater): 31684976640B (29.509GiB) / 494384795648B (460.432GiB)
[98509:20400890:1006/054413.614480:VERBOSE1:chrome/updater/updater.cc:376] Available disk space in temporary directory (/var/folders/65/yhdkwfkd2jlc6qldn23z45y80000gq/T/): 31684976640B (29.509GiB) / 494384795648B (460.432GiB)
[98509:20400890:1006/054413.614624:VERBOSE1:chrome/updater/event_history.cc:239] Failed to write history event: logging not initialized
[98511:20400894:1006/054413.645814:VERBOSE1:chrome/updater/event_history.cc:176] Failed to set permissions on /Library/Application Support/Google/GoogleUpdater/updater_history.jsonl: Operation not permitted (1)
[98511:20400894:1006/054413.650054:VERBOSE1:chrome/updater/updater.cc:364] Version: 156.0.8067.0, opt, ARM_64, command line: /Library/Application Support/Google/GoogleUpdater/156.0.8067.0/GoogleUpdater.app/Contents/MacOS/GoogleUpdater --crash-handler --system --database=/Library/Application Support/Google/GoogleUpdater/156.0.8067.0/Crashpad --url=https://clients2.google.com/cr/report --annotation=prod=Update4 --annotation=ver=156.0.8067.0 --handshake-fd=4 --enable-logging --vmodule=*/components/update_client/*=2,*/chrome/enterprise_companion/*=2,*/chrome/updater/*=2
[98511:20400894:1006/054413.650175:VERBOSE1:chrome/updater/updater.cc:367] OS version: 15.1.1, arch: arm64, System uptime (seconds): 637683, parent pid: 1
[98511:20400894:1006/054413.654092:VERBOSE1:chrome/updater/updater.cc:372] Available disk space in install directory (/Library/Application Support/Google/GoogleUpdater): 31684976640B (29.509GiB) / 494384795648B (460.432GiB)
[98511:20400894:1006/054413.654205:VERBOSE1:chrome/updater/updater.cc:376] Available disk space in temporary directory (/var/folders/65/yhdkwfkd2jlc6qldn23z45y80000gq/T/): 31684976640B (29.509GiB) / 494384795648B (460.432GiB)
[98511:20400894:1006/054413.654347:VERBOSE1:chrome/updater/event_history.cc:239] Failed to write history event: logging not initialized
[98511:20400894:1006/054413.654473:ERROR:third_party/crashpad/crashpad/client/crash_report_database_mac.mm:109] mkdir /Library/Application Support/Google/GoogleUpdater/156.0.8067.0/Crashpad/new: Permission denied (13)
[98511:20400894:1006/054413.655444:VERBOSE1:chrome/updater/event_history.cc:239] Failed to write history event: logging not initialized
[98511:20400894:1006/054413.655573:VERBOSE1:chrome/updater/updater.cc:409] UpdaterMain (--crash-handler) returned 1.
[98509:20400890:1006/054413.656206:ERROR:third_party/crashpad/crashpad/util/file/file_io.cc:103] ReadExactly: expected 8, observed 0
[98509:20400890:1006/054413.656681:VERBOSE1:chrome/updater/crash_reporter.cc:119] Failed to start handler.
[98509:20400890:1006/054413.657006:ERROR:third_party/crashpad/crashpad/client/crash_report_database_mac.mm:109] mkdir /Library/Application Support/Google/GoogleUpdater/156.0.8067.0/Crashpad/new: Permission denied (13)
[98509:20400890:1006/054413.657388:ERROR:chrome/updater/crash_client.cc:76] Failed to initialize Crashpad database.
[98509:20400890:1006/054413.657484:VERBOSE1:chrome/updater/updater.cc:99] Crash reporting is not available.
[98509:20400890:1006/054413.657811:VERBOSE1:chrome/updater/ipc/update_service_internal_proxy_mojo.cc:61] Run
[98274:20400021:1006/054421.054752:ERROR:google_apis/gcm/engine/registration_request.cc:291] Registration response error message: DEPRECATED_ENDPOINT
[98509:20400890:1006/054431.803043:VERBOSE1:chrome/updater/app/app.cc:52] Shutdown: 0
[98509:20400890:1006/054431.803974:VERBOSE1:chrome/updater/event_history.cc:239] Failed to write history event: logging not initialized
[98509:20400890:1006/054431.804179:VERBOSE1:chrome/updater/updater.cc:409] UpdaterMain (--wake) returned 0.
[98492:20400885:1006/054432.016765:VERBOSE1:chrome/updater/app/app_wakeall.cc:68] `/Library/Application Support/Google/GoogleUpdater/156.0.8067.0/GoogleUpdater.app/Contents/MacOS/GoogleUpdater --wake --system` exited 0
[98492:20400885:1006/054432.017633:VERBOSE1:chrome/updater/app/app_wakeall.cc:58] Launching `/Library/Application Support/Google/GoogleUpdater/149.0.7814.0/GoogleUpdater.app/Contents/MacOS/GoogleUpdater --wake --system`
[98492:20400885:1006/054432.019759:VERBOSE1:chrome/updater/app/app_wakeall.cc:64] `/Library/Application Support/Google/GoogleUpdater/149.0.7814.0/GoogleUpdater.app/Contents/MacOS/GoogleUpdater --wake --system` process invalid: Permission denied (13)
[98492:20400885:1006/054432.020082:VERBOSE1:chrome/updater/app/app_wakeall.cc:58] Launching `/Library/Application Support/Google/GoogleUpdater/148.0.7730.0/GoogleUpdater.app/Contents/MacOS/GoogleUpdater --wake --system`
[98492:20400885:1006/054432.022945:VERBOSE1:chrome/updater/app/app_wakeall.cc:64] `/Library/Application Support/Google/GoogleUpdater/148.0.7730.0/GoogleUpdater.app/Contents/MacOS/GoogleUpdater --wake --system` process invalid: Permission denied (13)
[98492:20400849:1006/054432.023696:VERBOSE1:chrome/updater/app/app.cc:52] Shutdown: 0
[98492:20400849:1006/054432.028490:VERBOSE1:chrome/updater/event_history.cc:239] Failed to write history event: logging not initialized
[98492:20400849:1006/054432.029484:VERBOSE1:chrome/updater/updater.cc:409] UpdaterMain (--wake-all) returned 0.
[98274:20400021:1006/054505.798469:ERROR:google_apis/gcm/engine/registration_request.cc:291] Registration response error message: DEPRECATED_ENDPOINT
