
DevTools listening on ws://127.0.0.1:63312/devtools/browser/de7c1432-45a5-4704-b47f-235b3dd0c856
Trying to load the allocator multiple times. This is *not* supported.
[6934:20424967:1006/055828.953910:ERROR:ui/display/mac/cv_display_link_mac.mm:188] CVDisplayLinkCreateWithCGDisplay failed. CVReturn: -6670
[6934:20425091:1006/055828.955224:ERROR:ui/display/mac/cv_display_link_mac.mm:188] CVDisplayLinkCreateWithCGDisplay failed. CVReturn: -6670
[6934:20424967:1006/055828.955454:ERROR:ui/display/mac/cv_display_link_mac.mm:188] CVDisplayLinkCreateWithCGDisplay failed. CVReturn: -6670
[6934:20425091:1006/055828.955479:ERROR:ui/display/mac/cv_display_link_mac.mm:188] CVDisplayLinkCreateWithCGDisplay failed. CVReturn: -6670
[6934:20424967:1006/055828.955922:ERROR:ui/display/mac/cv_display_link_mac.mm:188] CVDisplayLinkCreateWithCGDisplay failed. CVReturn: -6670
[6934:20425091:1006/055828.955966:ERROR:ui/display/mac/cv_display_link_mac.mm:188] CVDisplayLinkCreateWithCGDisplay failed. CVReturn: -6670
[6934:20424967:1006/055828.956123:ERROR:ui/display/mac/cv_display_link_mac.mm:188] CVDisplayLinkCreateWithCGDisplay failed. CVReturn: -6670
[6934:20425091:1006/055828.956147:ERROR:ui/display/mac/cv_display_link_mac.mm:188] CVDisplayLinkCreateWithCGDisplay failed. CVReturn: -6670
[6934:20424967:1006/055828.956235:ERROR:ui/display/mac/cv_display_link_mac.mm:188] CVDisplayLinkCreateWithCGDisplay failed. CVReturn: -6670
[6934:20425091:1006/055828.956264:ERROR:ui/display/mac/cv_display_link_mac.mm:188] CVDisplayLinkCreateWithCGDisplay failed. CVReturn: -6670
[6910:20424948:1006/055831.411780:ERROR:google_apis/gcm/engine/registration_request.cc:291] Registration response error message: DEPRECATED_ENDPOINT
[7119:20425740:1006/055848.647652:VERBOSE1:chrome/updater/event_history.cc:176] Failed to set permissions on /Library/Application Support/Google/GoogleUpdater/updater_history.jsonl: Operation not permitted (1)
[7119:20425740:1006/055848.652792:VERBOSE1:chrome/updater/updater.cc:364] Version: 156.0.8067.0, opt, ARM_64, command line: /Library/Application Support/Google/GoogleUpdater/156.0.8067.0/GoogleUpdater.app/Contents/MacOS/GoogleUpdater --wake-all --system --enable-logging --vmodule=*/components/update_client/*=2,*/chrome/enterprise_companion/*=2,*/chrome/updater/*=2
[7119:20425740:1006/055848.652927:VERBOSE1:chrome/updater/updater.cc:367] OS version: 15.1.1, arch: arm64, System uptime (seconds): 638558, parent pid: 6910
[7119:20425740:1006/055848.657151:VERBOSE1:chrome/updater/updater.cc:372] Available disk space in install directory (/Library/Application Support/Google/GoogleUpdater): 31679324160B (29.504GiB) / 494384795648B (460.432GiB)
[7119:20425740:1006/055848.657269:VERBOSE1:chrome/updater/updater.cc:376] Available disk space in temporary directory (/var/folders/65/yhdkwfkd2jlc6qldn23z45y80000gq/T/): 31679324160B (29.504GiB) / 494384795648B (460.432GiB)
[7119:20425740:1006/055848.657390:VERBOSE1:chrome/updater/event_history.cc:239] Failed to write history event: logging not initialized
[7121:20425744:1006/055848.674147:VERBOSE1:chrome/updater/event_history.cc:176] Failed to set permissions on /Library/Application Support/Google/GoogleUpdater/updater_history.jsonl: Operation not permitted (1)
[7121:20425744:1006/055848.678549:VERBOSE1:chrome/updater/updater.cc:364] Version: 156.0.8067.0, opt, ARM_64, command line: /Library/Application Support/Google/GoogleUpdater/156.0.8067.0/GoogleUpdater.app/Contents/MacOS/GoogleUpdater --crash-handler --system --database=/Library/Application Support/Google/GoogleUpdater/156.0.8067.0/Crashpad --url=https://clients2.google.com/cr/report --annotation=prod=Update4 --annotation=ver=156.0.8067.0 --handshake-fd=4 --enable-logging --vmodule=*/components/update_client/*=2,*/chrome/enterprise_companion/*=2,*/chrome/updater/*=2
[7121:20425744:1006/055848.678676:VERBOSE1:chrome/updater/updater.cc:367] OS version: 15.1.1, arch: arm64, System uptime (seconds): 638558, parent pid: 1
[7121:20425744:1006/055848.683382:VERBOSE1:chrome/updater/updater.cc:372] Available disk space in install directory (/Library/Application Support/Google/GoogleUpdater): 31679324160B (29.504GiB) / 494384795648B (460.432GiB)
[7121:20425744:1006/055848.683507:VERBOSE1:chrome/updater/updater.cc:376] Available disk space in temporary directory (/var/folders/65/yhdkwfkd2jlc6qldn23z45y80000gq/T/): 31679324160B (29.504GiB) / 494384795648B (460.432GiB)
[7121:20425744:1006/055848.683642:VERBOSE1:chrome/updater/event_history.cc:239] Failed to write history event: logging not initialized
[7121:20425744:1006/055848.683774:ERROR:third_party/crashpad/crashpad/client/crash_report_database_mac.mm:109] mkdir /Library/Application Support/Google/GoogleUpdater/156.0.8067.0/Crashpad/new: Permission denied (13)
[7121:20425744:1006/055848.683903:VERBOSE1:chrome/updater/event_history.cc:239] Failed to write history event: logging not initialized
[7121:20425744:1006/055848.683997:VERBOSE1:chrome/updater/updater.cc:409] UpdaterMain (--crash-handler) returned 1.
[7119:20425740:1006/055848.684432:ERROR:third_party/crashpad/crashpad/util/file/file_io.cc:103] ReadExactly: expected 8, observed 0
[7119:20425740:1006/055848.684669:VERBOSE1:chrome/updater/crash_reporter.cc:119] Failed to start handler.
[7119:20425740:1006/055848.684802:ERROR:third_party/crashpad/crashpad/client/crash_report_database_mac.mm:109] mkdir /Library/Application Support/Google/GoogleUpdater/156.0.8067.0/Crashpad/new: Permission denied (13)
[7119:20425740:1006/055848.684918:ERROR:chrome/updater/crash_client.cc:76] Failed to initialize Crashpad database.
[7119:20425740:1006/055848.685046:VERBOSE1:chrome/updater/updater.cc:99] Crash reporting is not available.
[7119:20425749:1006/055848.685638:VERBOSE1:chrome/updater/app/app_wakeall.cc:58] Launching `/Library/Application Support/Google/GoogleUpdater/150.0.7863.0/GoogleUpdater.app/Contents/MacOS/GoogleUpdater --wake --system`
[7119:20425749:1006/055848.685985:VERBOSE1:chrome/updater/app/app_wakeall.cc:64] `/Library/Application Support/Google/GoogleUpdater/150.0.7863.0/GoogleUpdater.app/Contents/MacOS/GoogleUpdater --wake --system` process invalid: Permission denied (13)
[7119:20425749:1006/055848.686087:VERBOSE1:chrome/updater/app/app_wakeall.cc:58] Launching `/Library/Application Support/Google/GoogleUpdater/156.0.8067.0/GoogleUpdater.app/Contents/MacOS/GoogleUpdater --wake --system`
[7123:20425754:1006/055848.714932:VERBOSE1:chrome/updater/event_history.cc:176] Failed to set permissions on /Library/Application Support/Google/GoogleUpdater/updater_history.jsonl: Operation not permitted (1)
[7123:20425754:1006/055848.718424:VERBOSE1:chrome/updater/updater.cc:364] Version: 156.0.8067.0, opt, ARM_64, command line: /Library/Application Support/Google/GoogleUpdater/156.0.8067.0/GoogleUpdater.app/Contents/MacOS/GoogleUpdater --wake --system --enable-logging --vmodule=*/components/update_client/*=2,*/chrome/enterprise_companion/*=2,*/chrome/updater/*=2
[7123:20425754:1006/055848.718588:VERBOSE1:chrome/updater/updater.cc:367] OS version: 15.1.1, arch: arm64, System uptime (seconds): 638558, parent pid: 7119
[7123:20425754:1006/055848.722221:VERBOSE1:chrome/updater/updater.cc:372] Available disk space in install directory (/Library/Application Support/Google/GoogleUpdater): 31679324160B (29.504GiB) / 494384795648B (460.432GiB)
[7123:20425754:1006/055848.723527:VERBOSE1:chrome/updater/updater.cc:376] Available disk space in temporary directory (/var/folders/65/yhdkwfkd2jlc6qldn23z45y80000gq/T/): 31679324160B (29.504GiB) / 494384795648B (460.432GiB)
[7123:20425754:1006/055848.724230:VERBOSE1:chrome/updater/event_history.cc:239] Failed to write history event: logging not initialized
[7125:20425758:1006/055848.746271:VERBOSE1:chrome/updater/event_history.cc:176] Failed to set permissions on /Library/Application Support/Google/GoogleUpdater/updater_history.jsonl: Operation not permitted (1)
[7125:20425758:1006/055848.756796:VERBOSE1:chrome/updater/updater.cc:364] Version: 156.0.8067.0, opt, ARM_64, command line: /Library/Application Support/Google/GoogleUpdater/156.0.8067.0/GoogleUpdater.app/Contents/MacOS/GoogleUpdater --crash-handler --system --database=/Library/Application Support/Google/GoogleUpdater/156.0.8067.0/Crashpad --url=https://clients2.google.com/cr/report --annotation=prod=Update4 --annotation=ver=156.0.8067.0 --handshake-fd=4 --enable-logging --vmodule=*/components/update_client/*=2,*/chrome/enterprise_companion/*=2,*/chrome/updater/*=2
[7125:20425758:1006/055848.756941:VERBOSE1:chrome/updater/updater.cc:367] OS version: 15.1.1, arch: arm64, System uptime (seconds): 638558, parent pid: 1
[7125:20425758:1006/055848.760771:VERBOSE1:chrome/updater/updater.cc:372] Available disk space in install directory (/Library/Application Support/Google/GoogleUpdater): 31679324160B (29.504GiB) / 494384795648B (460.432GiB)
[7125:20425758:1006/055848.760899:VERBOSE1:chrome/updater/updater.cc:376] Available disk space in temporary directory (/var/folders/65/yhdkwfkd2jlc6qldn23z45y80000gq/T/): 31679324160B (29.504GiB) / 494384795648B (460.432GiB)
[7125:20425758:1006/055848.761038:VERBOSE1:chrome/updater/event_history.cc:239] Failed to write history event: logging not initialized
[7125:20425758:1006/055848.761169:ERROR:third_party/crashpad/crashpad/client/crash_report_database_mac.mm:109] mkdir /Library/Application Support/Google/GoogleUpdater/156.0.8067.0/Crashpad/new: Permission denied (13)
[7125:20425758:1006/055848.761299:VERBOSE1:chrome/updater/event_history.cc:239] Failed to write history event: logging not initialized
[7125:20425758:1006/055848.761662:VERBOSE1:chrome/updater/updater.cc:409] UpdaterMain (--crash-handler) returned 1.
[7123:20425754:1006/055848.762252:ERROR:third_party/crashpad/crashpad/util/file/file_io.cc:103] ReadExactly: expected 8, observed 0
[7123:20425754:1006/055848.762885:VERBOSE1:chrome/updater/crash_reporter.cc:119] Failed to start handler.
[7123:20425754:1006/055848.763062:ERROR:third_party/crashpad/crashpad/client/crash_report_database_mac.mm:109] mkdir /Library/Application Support/Google/GoogleUpdater/156.0.8067.0/Crashpad/new: Permission denied (13)
[7123:20425754:1006/055848.763207:ERROR:chrome/updater/crash_client.cc:76] Failed to initialize Crashpad database.
[7123:20425754:1006/055848.763353:VERBOSE1:chrome/updater/updater.cc:99] Crash reporting is not available.
[7123:20425754:1006/055848.763721:VERBOSE1:chrome/updater/ipc/update_service_internal_proxy_mojo.cc:61] Run
[6910:20424948:1006/055859.656012:ERROR:google_apis/gcm/engine/registration_request.cc:291] Registration response error message: DEPRECATED_ENDPOINT
[7123:20425754:1006/055906.981883:VERBOSE1:chrome/updater/app/app.cc:52] Shutdown: 0
[7123:20425754:1006/055906.983160:VERBOSE1:chrome/updater/event_history.cc:239] Failed to write history event: logging not initialized
[7123:20425754:1006/055906.983362:VERBOSE1:chrome/updater/updater.cc:409] UpdaterMain (--wake) returned 0.
[7119:20425749:1006/055907.102134:VERBOSE1:chrome/updater/app/app_wakeall.cc:68] `/Library/Application Support/Google/GoogleUpdater/156.0.8067.0/GoogleUpdater.app/Contents/MacOS/GoogleUpdater --wake --system` exited 0
[7119:20425749:1006/055907.113074:VERBOSE1:chrome/updater/app/app_wakeall.cc:58] Launching `/Library/Application Support/Google/GoogleUpdater/149.0.7814.0/GoogleUpdater.app/Contents/MacOS/GoogleUpdater --wake --system`
[7119:20425749:1006/055907.114252:VERBOSE1:chrome/updater/app/app_wakeall.cc:64] `/Library/Application Support/Google/GoogleUpdater/149.0.7814.0/GoogleUpdater.app/Contents/MacOS/GoogleUpdater --wake --system` process invalid: Permission denied (13)
[7119:20425749:1006/055907.114676:VERBOSE1:chrome/updater/app/app_wakeall.cc:58] Launching `/Library/Application Support/Google/GoogleUpdater/148.0.7730.0/GoogleUpdater.app/Contents/MacOS/GoogleUpdater --wake --system`
[7119:20425749:1006/055907.115234:VERBOSE1:chrome/updater/app/app_wakeall.cc:64] `/Library/Application Support/Google/GoogleUpdater/148.0.7730.0/GoogleUpdater.app/Contents/MacOS/GoogleUpdater --wake --system` process invalid: Permission denied (13)
[7119:20425740:1006/055907.115536:VERBOSE1:chrome/updater/app/app.cc:52] Shutdown: 0
[7119:20425740:1006/055907.116628:VERBOSE1:chrome/updater/event_history.cc:239] Failed to write history event: logging not initialized
[7119:20425740:1006/055907.116842:VERBOSE1:chrome/updater/updater.cc:409] UpdaterMain (--wake-all) returned 0.
[6910:20424948:1006/055958.063940:ERROR:google_apis/gcm/engine/registration_request.cc:291] Registration response error message: DEPRECATED_ENDPOINT
[6910:20424948:1006/060150.641958:ERROR:google_apis/gcm/engine/registration_request.cc:291] Registration response error message: DEPRECATED_ENDPOINT
[6910:20424948:1006/060454.408380:ERROR:google_apis/gcm/engine/registration_request.cc:291] Registration response error message: DEPRECATED_ENDPOINT
[6910:20424948:1006/061029.849376:ERROR:google_apis/gcm/engine/registration_request.cc:291] Registration response error message: DEPRECATED_ENDPOINT
