00:00.172  translation      | WARNING Falling back to standard locale ("C")
04:44:36 | INFO: Data are loaded, start creating Blender stuff
04:44:36 | INFO: Blender create Mesh node rock_PROXY_5m.002
04:44:36 | INFO: glTF import finished in 0.15s
Info: Saved as "boulder_01.blend"
INFO Draco is available, use library at /Applications/Blender.app/Contents/Resources/5.2/scripts/addons_core/io_scene_gltf2/libbf_intern_draco_bridge.dylib
INFO MeshOptimizer is available, use library at /Applications/Blender.app/Contents/Resources/5.2/scripts/addons_core/io_scene_gltf2/libbf_intern_meshopt_bridge.dylib
04:44:37 | INFO: Starting glTF 2.0 export
04:44:37 | INFO: Extracting primitive: rock_PROXY_5m.002
04:44:37 | INFO: Primitives created: 1
04:44:37 | INFO: Draco encoder: Encoding mesh boulder_01_weathered_volume.
04:44:37 | INFO: Finished glTF 2.0 export in 0.06546306610107422 s

04:44:37 | INFO: Data are loaded, start creating Blender stuff
04:44:37 | INFO: Blender create Mesh node realCap_Model_1
04:44:37 | INFO: glTF import finished in 0.02s
Info: Saved as "rock_09.blend"
04:44:37 | INFO: Starting glTF 2.0 export
04:44:37 | INFO: Extracting primitive: realCap_Model_1
04:44:37 | INFO: Primitives created: 1
04:44:37 | INFO: Draco encoder: Encoding mesh rock_09_weathered_volume.
04:44:37 | INFO: Finished glTF 2.0 export in 0.017228126525878906 s

ROCK_EXPORT_RESULT [{"id": "boulder_01", "original_triangles": 66122, "runtime_triangles": 26611, "native": "assets/editable/boulder_01.blend", "native_bytes": 4686553, "glb": "site/public/rocks/boulder_01.glb", "glb_bytes": 553912, "glb_sha256": "ed38623a987f1c735ef873187f51cddd07e49cdc17973716a7aeccc15a697380", "normalization": "Bottom z=0, centered XY, longest horizontal extent=1; Blender Z-up exports glTF Y-up", "geometry_only": true}, {"id": "rock_09", "original_triangles": 12416, "runtime_triangles": 12416, "native": "assets/editable/rock_09.blend", "native_bytes": 5002807, "glb": "site/public/rocks/rock_09.glb", "glb_bytes": 65572, "glb_sha256": "bd50e5cbe98de456f7656217d0991ef62c8c000ac5fe0a2e5d9de08b3cbeedf8", "normalization": "Bottom z=0, centered XY, longest horizontal extent=1; Blender Z-up exports glTF Y-up", "geometry_only": true}]
Blender 5.2.1 LTS (hash 9e2066aef7ef built 2026-08-25 01:35:57)
DracoEncoder | Preserve triangle order: no
DracoEncoder | Encoded 56987 vertices, 79833 indices, raw size: 1981938, encoded size: 552946, compression ratio: 3.58
DracoEncoder | Preserve triangle order: no
DracoEncoder | Encoded 6628 vertices, 37248 indices, raw size: 286592, encoded size: 64619, compression ratio: 4.44

Blender quit
