
DevTools listening on ws://127.0.0.1:58819/devtools/browser/6a7f6c9c-de2f-405c-bb69-4ae40c4b710f
Trying to load the allocator multiple times. This is *not* supported.
[93572:19468455:1005/205810.977512:ERROR:ui/display/mac/cv_display_link_mac.mm:188] CVDisplayLinkCreateWithCGDisplay failed. CVReturn: -6670
[93572:19468563:1005/205810.978967:ERROR:ui/display/mac/cv_display_link_mac.mm:188] CVDisplayLinkCreateWithCGDisplay failed. CVReturn: -6670
[93572:19468455:1005/205810.982397:ERROR:ui/display/mac/cv_display_link_mac.mm:188] CVDisplayLinkCreateWithCGDisplay failed. CVReturn: -6670
[93572:19468563:1005/205810.982471:ERROR:ui/display/mac/cv_display_link_mac.mm:188] CVDisplayLinkCreateWithCGDisplay failed. CVReturn: -6670
[93572:19468455:1005/205810.982601:ERROR:ui/display/mac/cv_display_link_mac.mm:188] CVDisplayLinkCreateWithCGDisplay failed. CVReturn: -6670
[93572:19468563:1005/205810.982631:ERROR:ui/display/mac/cv_display_link_mac.mm:188] CVDisplayLinkCreateWithCGDisplay failed. CVReturn: -6670
[93572:19468455:1005/205810.982721:ERROR:ui/display/mac/cv_display_link_mac.mm:188] CVDisplayLinkCreateWithCGDisplay failed. CVReturn: -6670
[93572:19468563:1005/205810.982747:ERROR:ui/display/mac/cv_display_link_mac.mm:188] CVDisplayLinkCreateWithCGDisplay failed. CVReturn: -6670
[93572:19468455:1005/205810.982835:ERROR:ui/display/mac/cv_display_link_mac.mm:188] CVDisplayLinkCreateWithCGDisplay failed. CVReturn: -6670
[93572:19468563:1005/205810.982871:ERROR:ui/display/mac/cv_display_link_mac.mm:188] CVDisplayLinkCreateWithCGDisplay failed. CVReturn: -6670
[93546:19468433:1005/205813.224381:ERROR:google_apis/gcm/engine/registration_request.cc:291] Registration response error message: DEPRECATED_ENDPOINT
[93770:19469352:1005/205830.417360:VERBOSE1:chrome/updater/event_history.cc:176] Failed to set permissions on /Library/Application Support/Google/GoogleUpdater/updater_history.jsonl: Operation not permitted (1)
[93770:19469352:1005/205830.420896:VERBOSE1:chrome/updater/updater.cc:364] Version: 156.0.8067.0, opt, ARM_64, command line: /Library/Application Support/Google/GoogleUpdater/156.0.8067.0/GoogleUpdater.app/Contents/MacOS/GoogleUpdater --wake-all --system --enable-logging --vmodule=*/components/update_client/*=2,*/chrome/enterprise_companion/*=2,*/chrome/updater/*=2
[93770:19469352:1005/205830.421033:VERBOSE1:chrome/updater/updater.cc:367] OS version: 15.1.1, arch: arm64, System uptime (seconds): 606140, parent pid: 93546
[93770:19469352:1005/205830.424731:VERBOSE1:chrome/updater/updater.cc:372] Available disk space in install directory (/Library/Application Support/Google/GoogleUpdater): 35822342144B (33.362GiB) / 494384795648B (460.432GiB)
[93770:19469352:1005/205830.424846:VERBOSE1:chrome/updater/updater.cc:376] Available disk space in temporary directory (/var/folders/65/yhdkwfkd2jlc6qldn23z45y80000gq/T/): 35822342144B (33.362GiB) / 494384795648B (460.432GiB)
[93770:19469352:1005/205830.424955:VERBOSE1:chrome/updater/event_history.cc:239] Failed to write history event: logging not initialized
[93773:19469356:1005/205830.447142:VERBOSE1:chrome/updater/event_history.cc:176] Failed to set permissions on /Library/Application Support/Google/GoogleUpdater/updater_history.jsonl: Operation not permitted (1)
[93773:19469356:1005/205830.451578:VERBOSE1:chrome/updater/updater.cc:364] Version: 156.0.8067.0, opt, ARM_64, command line: /Library/Application Support/Google/GoogleUpdater/156.0.8067.0/GoogleUpdater.app/Contents/MacOS/GoogleUpdater --crash-handler --system --database=/Library/Application Support/Google/GoogleUpdater/156.0.8067.0/Crashpad --url=https://clients2.google.com/cr/report --annotation=prod=Update4 --annotation=ver=156.0.8067.0 --handshake-fd=4 --enable-logging --vmodule=*/components/update_client/*=2,*/chrome/enterprise_companion/*=2,*/chrome/updater/*=2
[93773:19469356:1005/205830.457377:VERBOSE1:chrome/updater/updater.cc:367] OS version: 15.1.1, arch: arm64, System uptime (seconds): 606140, parent pid: 1
[93773:19469356:1005/205830.464528:VERBOSE1:chrome/updater/updater.cc:372] Available disk space in install directory (/Library/Application Support/Google/GoogleUpdater): 35822342144B (33.362GiB) / 494384795648B (460.432GiB)
[93773:19469356:1005/205830.464647:VERBOSE1:chrome/updater/updater.cc:376] Available disk space in temporary directory (/var/folders/65/yhdkwfkd2jlc6qldn23z45y80000gq/T/): 35822342144B (33.362GiB) / 494384795648B (460.432GiB)
[93773:19469356:1005/205830.464785:VERBOSE1:chrome/updater/event_history.cc:239] Failed to write history event: logging not initialized
[93773:19469356:1005/205830.464924:ERROR:third_party/crashpad/crashpad/client/crash_report_database_mac.mm:109] mkdir /Library/Application Support/Google/GoogleUpdater/156.0.8067.0/Crashpad/new: Permission denied (13)
[93773:19469356:1005/205830.465072:VERBOSE1:chrome/updater/event_history.cc:239] Failed to write history event: logging not initialized
[93773:19469356:1005/205830.465158:VERBOSE1:chrome/updater/updater.cc:409] UpdaterMain (--crash-handler) returned 1.
[93770:19469352:1005/205830.466020:ERROR:third_party/crashpad/crashpad/util/file/file_io.cc:103] ReadExactly: expected 8, observed 0
[93770:19469352:1005/205830.466360:VERBOSE1:chrome/updater/crash_reporter.cc:119] Failed to start handler.
[93770:19469352:1005/205830.466502:ERROR:third_party/crashpad/crashpad/client/crash_report_database_mac.mm:109] mkdir /Library/Application Support/Google/GoogleUpdater/156.0.8067.0/Crashpad/new: Permission denied (13)
[93770:19469352:1005/205830.466722:ERROR:chrome/updater/crash_client.cc:76] Failed to initialize Crashpad database.
[93770:19469352:1005/205830.466856:VERBOSE1:chrome/updater/updater.cc:99] Crash reporting is not available.
[93770:19469362:1005/205830.467437:VERBOSE1:chrome/updater/app/app_wakeall.cc:58] Launching `/Library/Application Support/Google/GoogleUpdater/150.0.7863.0/GoogleUpdater.app/Contents/MacOS/GoogleUpdater --wake --system`
[93770:19469362:1005/205830.467754:VERBOSE1:chrome/updater/app/app_wakeall.cc:64] `/Library/Application Support/Google/GoogleUpdater/150.0.7863.0/GoogleUpdater.app/Contents/MacOS/GoogleUpdater --wake --system` process invalid: Permission denied (13)
[93770:19469362:1005/205830.467897:VERBOSE1:chrome/updater/app/app_wakeall.cc:58] Launching `/Library/Application Support/Google/GoogleUpdater/156.0.8067.0/GoogleUpdater.app/Contents/MacOS/GoogleUpdater --wake --system`
[93775:19469367:1005/205830.491717:VERBOSE1:chrome/updater/event_history.cc:176] Failed to set permissions on /Library/Application Support/Google/GoogleUpdater/updater_history.jsonl: Operation not permitted (1)
[93775:19469367:1005/205830.496208:VERBOSE1:chrome/updater/updater.cc:364] Version: 156.0.8067.0, opt, ARM_64, command line: /Library/Application Support/Google/GoogleUpdater/156.0.8067.0/GoogleUpdater.app/Contents/MacOS/GoogleUpdater --wake --system --enable-logging --vmodule=*/components/update_client/*=2,*/chrome/enterprise_companion/*=2,*/chrome/updater/*=2
[93775:19469367:1005/205830.496329:VERBOSE1:chrome/updater/updater.cc:367] OS version: 15.1.1, arch: arm64, System uptime (seconds): 606140, parent pid: 93770
[93775:19469367:1005/205830.500069:VERBOSE1:chrome/updater/updater.cc:372] Available disk space in install directory (/Library/Application Support/Google/GoogleUpdater): 35822342144B (33.362GiB) / 494384795648B (460.432GiB)
[93775:19469367:1005/205830.500189:VERBOSE1:chrome/updater/updater.cc:376] Available disk space in temporary directory (/var/folders/65/yhdkwfkd2jlc6qldn23z45y80000gq/T/): 35822342144B (33.362GiB) / 494384795648B (460.432GiB)
[93775:19469367:1005/205830.500367:VERBOSE1:chrome/updater/event_history.cc:239] Failed to write history event: logging not initialized
[93777:19469371:1005/205830.513201:VERBOSE1:chrome/updater/event_history.cc:176] Failed to set permissions on /Library/Application Support/Google/GoogleUpdater/updater_history.jsonl: Operation not permitted (1)
[93777:19469371:1005/205830.515923:VERBOSE1:chrome/updater/updater.cc:364] Version: 156.0.8067.0, opt, ARM_64, command line: /Library/Application Support/Google/GoogleUpdater/156.0.8067.0/GoogleUpdater.app/Contents/MacOS/GoogleUpdater --crash-handler --system --database=/Library/Application Support/Google/GoogleUpdater/156.0.8067.0/Crashpad --url=https://clients2.google.com/cr/report --annotation=prod=Update4 --annotation=ver=156.0.8067.0 --handshake-fd=4 --enable-logging --vmodule=*/components/update_client/*=2,*/chrome/enterprise_companion/*=2,*/chrome/updater/*=2
[93777:19469371:1005/205830.516069:VERBOSE1:chrome/updater/updater.cc:367] OS version: 15.1.1, arch: arm64, System uptime (seconds): 606140, parent pid: 1
[93777:19469371:1005/205830.521434:VERBOSE1:chrome/updater/updater.cc:372] Available disk space in install directory (/Library/Application Support/Google/GoogleUpdater): 35822342144B (33.362GiB) / 494384795648B (460.432GiB)
[93777:19469371:1005/205830.521618:VERBOSE1:chrome/updater/updater.cc:376] Available disk space in temporary directory (/var/folders/65/yhdkwfkd2jlc6qldn23z45y80000gq/T/): 35822342144B (33.362GiB) / 494384795648B (460.432GiB)
[93777:19469371:1005/205830.521794:VERBOSE1:chrome/updater/event_history.cc:239] Failed to write history event: logging not initialized
[93777:19469371:1005/205830.521956:ERROR:third_party/crashpad/crashpad/client/crash_report_database_mac.mm:109] mkdir /Library/Application Support/Google/GoogleUpdater/156.0.8067.0/Crashpad/new: Permission denied (13)
[93777:19469371:1005/205830.522093:VERBOSE1:chrome/updater/event_history.cc:239] Failed to write history event: logging not initialized
[93777:19469371:1005/205830.522663:VERBOSE1:chrome/updater/updater.cc:409] UpdaterMain (--crash-handler) returned 1.
[93775:19469367:1005/205830.523109:ERROR:third_party/crashpad/crashpad/util/file/file_io.cc:103] ReadExactly: expected 8, observed 0
[93775:19469367:1005/205830.523329:VERBOSE1:chrome/updater/crash_reporter.cc:119] Failed to start handler.
[93775:19469367:1005/205830.523455:ERROR:third_party/crashpad/crashpad/client/crash_report_database_mac.mm:109] mkdir /Library/Application Support/Google/GoogleUpdater/156.0.8067.0/Crashpad/new: Permission denied (13)
[93775:19469367:1005/205830.523545:ERROR:chrome/updater/crash_client.cc:76] Failed to initialize Crashpad database.
[93775:19469367:1005/205830.523634:VERBOSE1:chrome/updater/updater.cc:99] Crash reporting is not available.
[93775:19469367:1005/205830.523940:VERBOSE1:chrome/updater/ipc/update_service_internal_proxy_mojo.cc:61] Run
[93546:19468433:1005/205838.488374:ERROR:google_apis/gcm/engine/registration_request.cc:291] Registration response error message: DEPRECATED_ENDPOINT
[93775:19469367:1005/205847.926984:VERBOSE1:chrome/updater/app/app.cc:52] Shutdown: 0
[93775:19469367:1005/205847.927711:VERBOSE1:chrome/updater/event_history.cc:239] Failed to write history event: logging not initialized
[93775:19469367:1005/205847.927917:VERBOSE1:chrome/updater/updater.cc:409] UpdaterMain (--wake) returned 0.
[93770:19469362:1005/205848.092553:VERBOSE1:chrome/updater/app/app_wakeall.cc:68] `/Library/Application Support/Google/GoogleUpdater/156.0.8067.0/GoogleUpdater.app/Contents/MacOS/GoogleUpdater --wake --system` exited 0
[93770:19469362:1005/205848.096843:VERBOSE1:chrome/updater/app/app_wakeall.cc:58] Launching `/Library/Application Support/Google/GoogleUpdater/149.0.7814.0/GoogleUpdater.app/Contents/MacOS/GoogleUpdater --wake --system`
[93770:19469362:1005/205848.101373:VERBOSE1:chrome/updater/app/app_wakeall.cc:64] `/Library/Application Support/Google/GoogleUpdater/149.0.7814.0/GoogleUpdater.app/Contents/MacOS/GoogleUpdater --wake --system` process invalid: Permission denied (13)
[93770:19469362:1005/205848.102244:VERBOSE1:chrome/updater/app/app_wakeall.cc:58] Launching `/Library/Application Support/Google/GoogleUpdater/148.0.7730.0/GoogleUpdater.app/Contents/MacOS/GoogleUpdater --wake --system`
[93770:19469362:1005/205848.104052:VERBOSE1:chrome/updater/app/app_wakeall.cc:64] `/Library/Application Support/Google/GoogleUpdater/148.0.7730.0/GoogleUpdater.app/Contents/MacOS/GoogleUpdater --wake --system` process invalid: Permission denied (13)
[93770:19469352:1005/205848.104335:VERBOSE1:chrome/updater/app/app.cc:52] Shutdown: 0
[93770:19469352:1005/205848.104945:VERBOSE1:chrome/updater/event_history.cc:239] Failed to write history event: logging not initialized
[93770:19469352:1005/205848.105069:VERBOSE1:chrome/updater/updater.cc:409] UpdaterMain (--wake-all) returned 0.
[93546:19468433:1005/205938.133954:ERROR:google_apis/gcm/engine/registration_request.cc:291] Registration response error message: DEPRECATED_ENDPOINT
[93546:19468433:1005/210126.568767:ERROR:google_apis/gcm/engine/registration_request.cc:291] Registration response error message: QUOTA_EXCEEDED
[93578:19468600:1005/210544.670516:ERROR:gpu/ipc/client/command_buffer_proxy_impl.cc:490] GPU state invalid after WaitForGetOffsetInRange.
