
> bonsai-volume-stage-two@1.0.0 build
> vite build

vite v8.2.2 building client environment for production...
transforming...
✓ 16 modules transformed.
rendering chunks...
computing gzip size...
dist/index.html                               1.11 kB │ gzip:   0.57 kB
dist/assets/draco_wasm_wrapper-fZCQGLGb.js   58.45 kB
dist/assets/draco_wasm_wrapper-DxJM36Ib.js   58.76 kB
dist/assets/draco_decoder-Z1_iN-Ht.wasm     192.42 kB │ gzip:  64.11 kB
dist/assets/draco_decoder-C32yEggz.wasm     285.74 kB │ gzip:  89.66 kB
dist/assets/draco_decoder-fzg4nYZr.js       719.41 kB
dist/assets/index-BCmijdCX.css                0.29 kB │ gzip:   0.21 kB
dist/assets/index-CGoZJLqW.js               624.94 kB │ gzip: 160.91 kB

✓ built in 427ms
[plugin builtin:vite-reporter] 
(!) Some chunks are larger than 500 kB after minification. Consider:
- Using dynamic import() to code-split the application
- Use build.rolldownOptions.output.codeSplitting to improve chunking: https://rolldown.rs/reference/OutputOptions.codeSplitting
- Adjust chunk size limit for this warning via build.chunkSizeWarningLimit.
