{
  "run": "volume-rebuild-1656",
  "thread_id": "01a103a2-f1bc-7187-8067-1fa594f8b0c6",
  "finished_at_jst": "2026-10-04T19:48:41.781894+09:00",
  "started_at_jst": "2026-10-04T16:58:24.273976+09:00",
  "elapsed_minutes": 170.29,
  "stage_complete": true,
  "overall_goal_complete": false,
  "aesthetic_gate": "not passed",
  "candidate": "v23",
  "functional_checks_passed": 44,
  "production_url": "http://127.0.0.1:5190/",
  "dev_preview_stopped": true,
  "best_promoted": false,
  "git_head": "576a85c5d9603572dfc6aff9249fcf1c1c26f43c",
  "protected_initial_files": 53,
  "protected_root_source_files": 17,
  "protected_root_production_files": 10,
  "delivery_manifest": "delivery-manifest.json",
  "library_ids": [],
  "library_retry": false,
  "free_disk_bytes": 451399680,
  "lock_released": true,
  "next_stage_estimate_hours": [
    4,
    6
  ],
  "next_stage": "Individually shape deadwood fractures, worn edges and branch shoulders; reassess clay and close views before background completion",
  "deadline_jst": "2026-10-10T23:00:00+09:00",
  "model_identity_verified": false,
  "remaining_unverified": [
    "premium hero aesthetic acceptance",
    "finished garden and background",
    "physical phones",
    "Safari",
    "sustained thermal performance"
  ]
}
