00:00.113  translation      | WARNING Falling back to standard locale ("C")
/Users/kazuki.tanaka/dev0/exfract-bonsai-02/improvement/2026-10-04/runs/sculpt-gate-1329/sculpt/generate.py:15: DeprecationWarning: 'Material.use_nodes' is expected to be removed in Blender 6.0
  m=bpy.data.materials.new(name);m.use_nodes=True;p=m.node_tree.nodes.get('Principled BSDF');p.inputs['Base Color'].default_value=(*base,1);p.inputs['Roughness'].default_value=rough
0.2s Remeshing continuous volume
0.5s Remeshed: 308094 vertices
6.5s Cavities complete
11.5s Surface flow and masks complete
Info: Saved as "hero-core-v01.blend"
11.6s Saved Blender file; exporting GLB
INFO Draco is available, use library at /Applications/Blender.app/Contents/Resources/5.2/scripts/addons_core/io_scene_gltf2/libbf_intern_draco_bridge.dylib
INFO MeshOptimizer is available, use library at /Applications/Blender.app/Contents/Resources/5.2/scripts/addons_core/io_scene_gltf2/libbf_intern_meshopt_bridge.dylib
13:48:58 | INFO: Starting glTF 2.0 export
13:48:58 | INFO: Extracting primitive: Continuous aged trunk and primary branches
13:48:58 | INFO: Primitives created: 1
13:48:58 | INFO: Extracting primitive: Continuous planted soil
13:48:58 | INFO: Primitives created: 1
13:48:58 | INFO: Extracting primitive: Cube.001
13:48:58 | INFO: Primitives created: 1
13:48:58 | INFO: Extracting primitive: Cube.002
13:48:58 | INFO: Primitives created: 1
13:48:58 | INFO: Extracting primitive: Cube.003
13:48:58 | INFO: Primitives created: 1
13:48:58 | INFO: Extracting primitive: Cube.004
13:48:58 | INFO: Primitives created: 1
13:48:58 | INFO: Extracting primitive: Cube.005
13:48:58 | INFO: Primitives created: 1
13:48:58 | INFO: Extracting primitive: Shallow unglazed pot
13:48:58 | INFO: Primitives created: 1
13:48:58 | INFO: Draco encoder: Encoding mesh Continuous aged trunk and primary branches.
13:48:59 | INFO: Draco encoder: Encoding mesh Continuous planted soil.
13:48:59 | INFO: Draco encoder: Encoding mesh Low ceramic foot.
13:48:59 | INFO: Draco encoder: Encoding mesh Low ceramic foot.001.
13:48:59 | INFO: Draco encoder: Encoding mesh Low ceramic foot.002.
13:48:59 | INFO: Draco encoder: Encoding mesh Low ceramic foot.003.
13:48:59 | INFO: Draco encoder: Encoding mesh Low natural bedding stone.
13:48:59 | INFO: Draco encoder: Encoding mesh Shallow unglazed pot.
13:48:59 | INFO: Finished glTF 2.0 export in 1.0120751857757568 s

{"saved": "/Users/kazuki.tanaka/dev0/exfract-bonsai-02/improvement/2026-10-04/runs/sculpt-gate-1329/models/hero-core-v01.blend", "glb": "/Users/kazuki.tanaka/dev0/exfract-bonsai-02/improvement/2026-10-04/runs/sculpt-gate-1329/models/hero-core-v01.glb", "vertices": 315078, "faces": 314298, "bytes": 2236456}
Blender 5.2.1 LTS (hash 9e2066aef7ef built 2026-08-25 01:35:57)
DracoEncoder | Preserve triangle order: no
DracoEncoder | Encoded 310665 vertices, 1834476 indices, raw size: 22249104, encoded size: 2180875, compression ratio: 10.20
DracoEncoder | Preserve triangle order: no
DracoEncoder | Encoded 1520 vertices, 8640 indices, raw size: 65920, encoded size: 7706, compression ratio: 8.55
DracoEncoder | Preserve triangle order: no
DracoEncoder | Encoded 116 vertices, 564 indices, raw size: 4840, encoded size: 1202, compression ratio: 4.03
DracoEncoder | Preserve triangle order: no
DracoEncoder | Encoded 116 vertices, 564 indices, raw size: 4840, encoded size: 1202, compression ratio: 4.03
DracoEncoder | Preserve triangle order: no
DracoEncoder | Encoded 116 vertices, 564 indices, raw size: 4840, encoded size: 1202, compression ratio: 4.03
DracoEncoder | Preserve triangle order: no
DracoEncoder | Encoded 116 vertices, 564 indices, raw size: 4840, encoded size: 1202, compression ratio: 4.03
DracoEncoder | Preserve triangle order: no
DracoEncoder | Encoded 6305 vertices, 36864 indices, raw size: 275488, encoded size: 28013, compression ratio: 9.83
DracoEncoder | Preserve triangle order: no
DracoEncoder | Encoded 1280 vertices, 7434 indices, raw size: 55828, encoded size: 7889, compression ratio: 7.08

Blender quit
