00:00.243  translation      | WARNING Falling back to standard locale ("C")
/Users/kazuki.tanaka/dev0/exfract-bonsai-02/improvement/2026-10-04/runs/sculpt-gate-1329/sculpt/generate.py:15: DeprecationWarning: 'Material.use_nodes' is expected to be removed in Blender 6.0
  m=bpy.data.materials.new(name);m.use_nodes=True;p=m.node_tree.nodes.get('Principled BSDF');p.inputs['Base Color'].default_value=(*base,1);p.inputs['Roughness'].default_value=rough
0.2s Remeshing continuous volume
0.7s Remeshed: 303672 vertices
7.3s Cavities complete
13.0s Surface flow and masks complete
19.3s Branch-led foliage: 1560 sprays, 168480 scale leaves
Info: Saved as "hero-v02.blend"
19.5s Saved Blender file; exporting GLB
INFO Draco is available, use library at /Applications/Blender.app/Contents/Resources/5.2/scripts/addons_core/io_scene_gltf2/libbf_intern_draco_bridge.dylib
INFO MeshOptimizer is available, use library at /Applications/Blender.app/Contents/Resources/5.2/scripts/addons_core/io_scene_gltf2/libbf_intern_meshopt_bridge.dylib
14:06:56 | INFO: Starting glTF 2.0 export
14:06:56 | INFO: Extracting primitive: Branch led scale foliage
14:06:57 | INFO: Primitives created: 1
14:06:58 | INFO: Extracting primitive: Continuous aged trunk and primary branches
14:06:59 | INFO: Primitives created: 1
14:06:59 | INFO: Extracting primitive: Continuous planted soil
14:06:59 | INFO: Primitives created: 1
14:06:59 | INFO: Extracting primitive: Cube.001
14:06:59 | INFO: Primitives created: 1
14:06:59 | INFO: Extracting primitive: Cube.002
14:06:59 | INFO: Primitives created: 1
14:06:59 | INFO: Extracting primitive: Cube.003
14:06:59 | INFO: Primitives created: 1
14:06:59 | INFO: Extracting primitive: Cube.004
14:06:59 | INFO: Primitives created: 1
14:06:59 | INFO: Extracting primitive: Cube.005
14:06:59 | INFO: Primitives created: 1
14:06:59 | INFO: Extracting primitive: Shallow unglazed pot
14:06:59 | INFO: Primitives created: 1
14:06:59 | INFO: Extracting primitive: Terminal branch hierarchy
14:06:59 | INFO: Primitives created: 1
14:06:59 | INFO: Draco encoder: Encoding mesh Branch led scale foliage.
14:06:59 | INFO: Draco encoder: Encoding mesh Continuous aged trunk and primary branches.
14:06:59 | INFO: Draco encoder: Encoding mesh Continuous planted soil.
14:06:59 | INFO: Draco encoder: Encoding mesh Low ceramic foot.
14:06:59 | INFO: Draco encoder: Encoding mesh Low ceramic foot.001.
14:06:59 | INFO: Draco encoder: Encoding mesh Low ceramic foot.002.
14:06:59 | INFO: Draco encoder: Encoding mesh Low ceramic foot.003.
14:06:59 | INFO: Draco encoder: Encoding mesh Low natural bedding stone.
14:06:59 | INFO: Draco encoder: Encoding mesh Shallow unglazed pot.
14:06:59 | INFO: Draco encoder: Encoding mesh Terminal branch hierarchy.
14:07:00 | INFO: Finished glTF 2.0 export in 3.637479782104492 s

{"saved": "/Users/kazuki.tanaka/dev0/exfract-bonsai-02/improvement/2026-10-04/runs/sculpt-gate-1329/models/hero-v02.blend", "glb": "/Users/kazuki.tanaka/dev0/exfract-bonsai-02/improvement/2026-10-04/runs/sculpt-gate-1329/models/hero-v02.glb", "vertices": 1183771, "faces": 1347194, "bytes": 7502444}
Blender 5.2.1 LTS (hash 9e2066aef7ef built 2026-08-25 01:35:57)
DracoEncoder | Preserve triangle order: no
DracoEncoder | Encoded 842400 vertices, 3032640 indices, raw size: 45826560, encoded size: 5954267, compression ratio: 7.70
DracoEncoder | Preserve triangle order: no
DracoEncoder | Encoded 139467 vertices, 815424 indices, raw size: 9955296, encoded size: 1312782, compression ratio: 7.58
DracoEncoder | Preserve triangle order: no
DracoEncoder | Encoded 1520 vertices, 8640 indices, raw size: 65920, encoded size: 6725, compression ratio: 9.80
DracoEncoder | Preserve triangle order: no
DracoEncoder | Encoded 116 vertices, 564 indices, raw size: 4840, encoded size: 1202, compression ratio: 4.03
DracoEncoder | Preserve triangle order: no
DracoEncoder | Encoded 116 vertices, 564 indices, raw size: 4840, encoded size: 1202, compression ratio: 4.03
DracoEncoder | Preserve triangle order: no
DracoEncoder | Encoded 116 vertices, 564 indices, raw size: 4840, encoded size: 1202, compression ratio: 4.03
DracoEncoder | Preserve triangle order: no
DracoEncoder | Encoded 116 vertices, 564 indices, raw size: 4840, encoded size: 1202, compression ratio: 4.03
DracoEncoder | Preserve triangle order: no
DracoEncoder | Encoded 6305 vertices, 36864 indices, raw size: 275488, encoded size: 27942, compression ratio: 9.86
DracoEncoder | Preserve triangle order: no
DracoEncoder | Encoded 1280 vertices, 7434 indices, raw size: 55828, encoded size: 7889, compression ratio: 7.08
DracoEncoder | Preserve triangle order: no
DracoEncoder | Encoded 30030 vertices, 154440 indices, raw size: 1510080, encoded size: 178976, compression ratio: 8.44

Blender quit
