00:00.175  translation      | WARNING Falling back to standard locale ("C")
/Users/kazuki.tanaka/dev0/exfract-bonsai-02/improvement/2026-10-04/runs/sculpt-gate-1329/sculpt/generate.py:15: DeprecationWarning: 'Material.use_nodes' is expected to be removed in Blender 6.0
  m=bpy.data.materials.new(name);m.use_nodes=True;p=m.node_tree.nodes.get('Principled BSDF');p.inputs['Base Color'].default_value=(*base,1);p.inputs['Roughness'].default_value=rough
0.2s Remeshing continuous volume
0.7s Remeshed: 331952 vertices
7.4s Cavities complete
7.4s Surface flow and masks complete
18.6s Branch-led foliage: 2940 sprays, 317520 scale leaves
Info: Saved as "hero-v04.blend"
19.0s Saved Blender file; exporting GLB
INFO Draco is available, use library at /Applications/Blender.app/Contents/Resources/5.2/scripts/addons_core/io_scene_gltf2/libbf_intern_draco_bridge.dylib
INFO MeshOptimizer is available, use library at /Applications/Blender.app/Contents/Resources/5.2/scripts/addons_core/io_scene_gltf2/libbf_intern_meshopt_bridge.dylib
14:21:20 | INFO: Starting glTF 2.0 export
14:21:20 | INFO: Extracting primitive: Branch led scale foliage
14:21:22 | INFO: Primitives created: 1
14:21:22 | INFO: Extracting primitive: Continuous aged trunk and primary branches
14:21:22 | INFO: Primitives created: 1
14:21:22 | INFO: Extracting primitive: Continuous planted soil
14:21:22 | INFO: Primitives created: 1
14:21:22 | INFO: Extracting primitive: Cube.001
14:21:22 | INFO: Primitives created: 1
14:21:22 | INFO: Extracting primitive: Cube.002
14:21:22 | INFO: Primitives created: 1
14:21:22 | INFO: Extracting primitive: Cube.003
14:21:22 | INFO: Primitives created: 1
14:21:22 | INFO: Extracting primitive: Cube.004
14:21:22 | INFO: Primitives created: 1
14:21:22 | INFO: Extracting primitive: Cube.005
14:21:22 | INFO: Primitives created: 1
14:21:22 | INFO: Extracting primitive: Shallow unglazed pot
14:21:22 | INFO: Primitives created: 1
14:21:22 | INFO: Extracting primitive: Terminal branch hierarchy
14:21:22 | INFO: Primitives created: 1
14:21:22 | INFO: Draco encoder: Encoding mesh Branch led scale foliage.
14:21:23 | INFO: Draco encoder: Encoding mesh Continuous aged trunk and primary branches.
14:21:23 | INFO: Draco encoder: Encoding mesh Continuous planted soil.
14:21:23 | INFO: Draco encoder: Encoding mesh Low ceramic foot.
14:21:23 | INFO: Draco encoder: Encoding mesh Low ceramic foot.001.
14:21:23 | INFO: Draco encoder: Encoding mesh Low ceramic foot.002.
14:21:23 | INFO: Draco encoder: Encoding mesh Low ceramic foot.003.
14:21:23 | INFO: Draco encoder: Encoding mesh Low natural bedding stone.
14:21:23 | INFO: Draco encoder: Encoding mesh Shallow unglazed pot.
14:21:23 | INFO: Draco encoder: Encoding mesh Terminal branch hierarchy.
14:21:23 | INFO: Finished glTF 2.0 export in 2.8683888912200928 s

{"saved": "/Users/kazuki.tanaka/dev0/exfract-bonsai-02/improvement/2026-10-04/runs/sculpt-gate-1329/models/hero-v04.blend", "glb": "/Users/kazuki.tanaka/dev0/exfract-bonsai-02/improvement/2026-10-04/runs/sculpt-gate-1329/models/hero-v04.glb", "vertices": 1635016, "faces": 1946921, "bytes": 12097448}
Blender 5.2.1 LTS (hash 9e2066aef7ef built 2026-08-25 01:35:57)
DracoEncoder | Preserve triangle order: no
DracoEncoder | Encoded 1587600 vertices, 5715360 indices, raw size: 86365440, encoded size: 11812667, compression ratio: 7.31
DracoEncoder | Preserve triangle order: no
DracoEncoder | Encoded 241 vertices, 948 indices, raw size: 13224, encoded size: 4182, compression ratio: 3.16
DracoEncoder | Preserve triangle order: no
DracoEncoder | Encoded 1520 vertices, 8640 indices, raw size: 65920, encoded size: 6744, compression ratio: 9.77
DracoEncoder | Preserve triangle order: no
DracoEncoder | Encoded 116 vertices, 564 indices, raw size: 4840, encoded size: 1202, compression ratio: 4.03
DracoEncoder | Preserve triangle order: no
DracoEncoder | Encoded 116 vertices, 564 indices, raw size: 4840, encoded size: 1202, compression ratio: 4.03
DracoEncoder | Preserve triangle order: no
DracoEncoder | Encoded 116 vertices, 564 indices, raw size: 4840, encoded size: 1202, compression ratio: 4.03
DracoEncoder | Preserve triangle order: no
DracoEncoder | Encoded 116 vertices, 564 indices, raw size: 4840, encoded size: 1202, compression ratio: 4.03
DracoEncoder | Preserve triangle order: no
DracoEncoder | Encoded 6305 vertices, 36864 indices, raw size: 275488, encoded size: 27343, compression ratio: 10.08
DracoEncoder | Preserve triangle order: no
DracoEncoder | Encoded 1280 vertices, 7434 indices, raw size: 55828, encoded size: 7889, compression ratio: 7.08
DracoEncoder | Preserve triangle order: no
DracoEncoder | Encoded 37730 vertices, 194040 indices, raw size: 1897280, encoded size: 224769, compression ratio: 8.44

Blender quit
