00:00.117  translation      | WARNING Falling back to standard locale ("C")
/Users/kazuki.tanaka/dev0/exfract-bonsai-02/improvement/2026-10-04/runs/sculpt-gate-1329/sculpt/generate.py:15: DeprecationWarning: 'Material.use_nodes' is expected to be removed in Blender 6.0
  m=bpy.data.materials.new(name);m.use_nodes=True;p=m.node_tree.nodes.get('Principled BSDF');p.inputs['Base Color'].default_value=(*base,1);p.inputs['Roughness'].default_value=rough
0.7s Remeshing continuous volume
1.2s Remeshed: 325044 vertices
5.5s Open weathered hollow: 323975 vertices
9.4s Upper shallow scar: 323646 vertices
9.4s Cavities complete
16.7s Surface flow and masks complete
29.3s Branch-led foliage: 3240 sprays, 349920 scale leaves
Info: Saved as "hero-v06.blend"
29.7s Saved Blender file; exporting GLB
INFO Draco is available, use library at /Applications/Blender.app/Contents/Resources/5.2/scripts/addons_core/io_scene_gltf2/libbf_intern_draco_bridge.dylib
INFO MeshOptimizer is available, use library at /Applications/Blender.app/Contents/Resources/5.2/scripts/addons_core/io_scene_gltf2/libbf_intern_meshopt_bridge.dylib
14:29:40 | INFO: Starting glTF 2.0 export
14:29:40 | INFO: Extracting primitive: Branch led scale foliage
14:29:42 | INFO: Primitives created: 1
14:29:44 | INFO: Extracting primitive: Continuous aged trunk and primary branches
14:29:44 | INFO: Primitives created: 1
14:29:44 | INFO: Extracting primitive: Continuous planted soil
14:29:44 | INFO: Primitives created: 1
14:29:44 | INFO: Extracting primitive: Cube.001
14:29:44 | INFO: Primitives created: 1
14:29:44 | INFO: Extracting primitive: Cube.002
14:29:44 | INFO: Primitives created: 1
14:29:44 | INFO: Extracting primitive: Cube.003
14:29:44 | INFO: Primitives created: 1
14:29:44 | INFO: Extracting primitive: Cube.004
14:29:44 | INFO: Primitives created: 1
14:29:44 | INFO: Extracting primitive: Cube.005
14:29:44 | INFO: Primitives created: 1
14:29:44 | INFO: Extracting primitive: Shallow unglazed pot
14:29:44 | INFO: Primitives created: 1
14:29:44 | INFO: Extracting primitive: Terminal branch hierarchy
14:29:44 | INFO: Primitives created: 1
14:29:44 | INFO: Draco encoder: Encoding mesh Branch led scale foliage.
14:29:45 | INFO: Draco encoder: Encoding mesh Continuous aged trunk and primary branches.
14:29:45 | INFO: Draco encoder: Encoding mesh Continuous planted soil.
14:29:45 | INFO: Draco encoder: Encoding mesh Low ceramic foot.
14:29:45 | INFO: Draco encoder: Encoding mesh Low ceramic foot.001.
14:29:45 | INFO: Draco encoder: Encoding mesh Low ceramic foot.002.
14:29:45 | INFO: Draco encoder: Encoding mesh Low ceramic foot.003.
14:29:45 | INFO: Draco encoder: Encoding mesh Low natural bedding stone.
14:29:45 | INFO: Draco encoder: Encoding mesh Shallow unglazed pot.
14:29:45 | INFO: Draco encoder: Encoding mesh Terminal branch hierarchy.
14:29:45 | INFO: Finished glTF 2.0 export in 5.507447004318237 s

{"saved": "/Users/kazuki.tanaka/dev0/exfract-bonsai-02/improvement/2026-10-04/runs/sculpt-gate-1329/models/hero-v06.blend", "glb": "/Users/kazuki.tanaka/dev0/exfract-bonsai-02/improvement/2026-10-04/runs/sculpt-gate-1329/models/hero-v06.glb", "vertices": 2124156, "faces": 2467399, "bytes": 14758172}
Blender 5.2.1 LTS (hash 9e2066aef7ef built 2026-08-25 01:35:57)
DracoEncoder | Preserve triangle order: no
DracoEncoder | Encoded 1749600 vertices, 6298560 indices, raw size: 95178240, encoded size: 13019846, compression ratio: 7.31
DracoEncoder | Preserve triangle order: no
DracoEncoder | Encoded 149139 vertices, 873831 indices, raw size: 9459564, encoded size: 1434046, compression ratio: 6.60
DracoEncoder | Preserve triangle order: no
DracoEncoder | Encoded 1520 vertices, 8640 indices, raw size: 65920, encoded size: 6684, compression ratio: 9.86
DracoEncoder | Preserve triangle order: no
DracoEncoder | Encoded 116 vertices, 564 indices, raw size: 4840, encoded size: 1202, compression ratio: 4.03
DracoEncoder | Preserve triangle order: no
DracoEncoder | Encoded 116 vertices, 564 indices, raw size: 4840, encoded size: 1202, compression ratio: 4.03
DracoEncoder | Preserve triangle order: no
DracoEncoder | Encoded 116 vertices, 564 indices, raw size: 4840, encoded size: 1202, compression ratio: 4.03
DracoEncoder | Preserve triangle order: no
DracoEncoder | Encoded 116 vertices, 564 indices, raw size: 4840, encoded size: 1202, compression ratio: 4.03
DracoEncoder | Preserve triangle order: no
DracoEncoder | Encoded 6305 vertices, 36864 indices, raw size: 275488, encoded size: 28386, compression ratio: 9.71
DracoEncoder | Preserve triangle order: no
DracoEncoder | Encoded 1280 vertices, 7434 indices, raw size: 55828, encoded size: 7889, compression ratio: 7.08
DracoEncoder | Preserve triangle order: no
DracoEncoder | Encoded 41580 vertices, 213840 indices, raw size: 2090880, encoded size: 247526, compression ratio: 8.45

Blender quit
