00:00.112  translation      | WARNING Falling back to standard locale ("C")
/Users/kazuki.tanaka/dev0/exfract-bonsai-02/improvement/2026-10-04/runs/sculpt-gate-1329/sculpt/generate.py:15: DeprecationWarning: 'Material.use_nodes' is expected to be removed in Blender 6.0
  m=bpy.data.materials.new(name);m.use_nodes=True;p=m.node_tree.nodes.get('Principled BSDF');p.inputs['Base Color'].default_value=(*base,1);p.inputs['Roughness'].default_value=rough
0.7s Remeshing continuous volume
1.0s Remeshed: 318956 vertices
4.9s Open weathered hollow: 317957 vertices
8.2s Upper shallow scar: 317556 vertices
8.2s Cavities complete
18.9s Surface flow and masks complete
19.5s Root contact: 4436 moss shoots, 2819 mineral particles
31.6s Branch-led foliage: 3240 sprays, 349920 scale leaves
Info: Saved as "hero-v07.blend"
32.1s Saved Blender file; exporting GLB
INFO Draco is available, use library at /Applications/Blender.app/Contents/Resources/5.2/scripts/addons_core/io_scene_gltf2/libbf_intern_draco_bridge.dylib
INFO MeshOptimizer is available, use library at /Applications/Blender.app/Contents/Resources/5.2/scripts/addons_core/io_scene_gltf2/libbf_intern_meshopt_bridge.dylib
14:36:29 | INFO: Starting glTF 2.0 export
14:36:29 | INFO: Extracting primitive: Branch led scale foliage
14:36:31 | INFO: Primitives created: 1
14:36:33 | INFO: Extracting primitive: Continuous aged trunk and primary branches
14:36:33 | INFO: Primitives created: 1
14:36:33 | INFO: Extracting primitive: Continuous planted soil
14:36:33 | INFO: Primitives created: 1
14:36:33 | INFO: Extracting primitive: Loose mineral soil particles
14:36:33 | INFO: Primitives created: 1
14:36:33 | INFO: Extracting primitive: Cube.001
14:36:33 | INFO: Primitives created: 1
14:36:33 | INFO: Extracting primitive: Cube.002
14:36:33 | INFO: Primitives created: 1
14:36:33 | INFO: Extracting primitive: Cube.003
14:36:33 | INFO: Primitives created: 1
14:36:33 | INFO: Extracting primitive: Cube.004
14:36:33 | INFO: Primitives created: 1
14:36:33 | INFO: Extracting primitive: Low split natural bedding stone
14:36:33 | INFO: Primitives created: 1
14:36:33 | INFO: Extracting primitive: Root moss shoots
14:36:33 | INFO: Primitives created: 1
14:36:33 | INFO: Extracting primitive: Shallow unglazed pot
14:36:33 | INFO: Primitives created: 1
14:36:33 | INFO: Extracting primitive: Terminal branch hierarchy
14:36:33 | INFO: Primitives created: 1
14:36:33 | INFO: Draco encoder: Encoding mesh Branch led scale foliage.
14:36:34 | INFO: Draco encoder: Encoding mesh Continuous aged trunk and primary branches.
14:36:35 | INFO: Draco encoder: Encoding mesh Continuous planted soil.
14:36:35 | INFO: Draco encoder: Encoding mesh Loose mineral soil particles.
14:36:35 | INFO: Draco encoder: Encoding mesh Low ceramic foot.
14:36:35 | INFO: Draco encoder: Encoding mesh Low ceramic foot.001.
14:36:35 | INFO: Draco encoder: Encoding mesh Low ceramic foot.002.
14:36:35 | INFO: Draco encoder: Encoding mesh Low ceramic foot.003.
14:36:35 | INFO: Draco encoder: Encoding mesh Low split natural bedding stone.
14:36:35 | INFO: Draco encoder: Encoding mesh Root moss shoots.
14:36:35 | INFO: Draco encoder: Encoding mesh Shallow unglazed pot.
14:36:35 | INFO: Draco encoder: Encoding mesh Terminal branch hierarchy.
14:36:35 | INFO: Finished glTF 2.0 export in 5.693244218826294 s

{"saved": "/Users/kazuki.tanaka/dev0/exfract-bonsai-02/improvement/2026-10-04/runs/sculpt-gate-1329/models/hero-v07.blend", "glb": "/Users/kazuki.tanaka/dev0/exfract-bonsai-02/improvement/2026-10-04/runs/sculpt-gate-1329/models/hero-v07.glb", "vertices": 2199353, "faces": 2553062, "bytes": 15508636}
Blender 5.2.1 LTS (hash 9e2066aef7ef built 2026-08-25 01:35:57)
DracoEncoder | Preserve triangle order: no
DracoEncoder | Encoded 1749600 vertices, 6298560 indices, raw size: 95178240, encoded size: 13019968, compression ratio: 7.31
DracoEncoder | Preserve triangle order: no
DracoEncoder | Encoded 146321 vertices, 857391 indices, raw size: 9281604, encoded size: 1433037, compression ratio: 6.48
DracoEncoder | Preserve triangle order: no
DracoEncoder | Encoded 3936 vertices, 23040 indices, raw size: 172032, encoded size: 15534, compression ratio: 11.07
DracoEncoder | Preserve triangle order: no
DracoEncoder | Encoded 42285 vertices, 42285 indices, raw size: 1099410, encoded size: 189557, compression ratio: 5.80
DracoEncoder | Preserve triangle order: no
DracoEncoder | Encoded 116 vertices, 564 indices, raw size: 4840, encoded size: 1202, compression ratio: 4.03
DracoEncoder | Preserve triangle order: no
DracoEncoder | Encoded 116 vertices, 564 indices, raw size: 4840, encoded size: 1202, compression ratio: 4.03
DracoEncoder | Preserve triangle order: no
DracoEncoder | Encoded 116 vertices, 564 indices, raw size: 4840, encoded size: 1202, compression ratio: 4.03
DracoEncoder | Preserve triangle order: no
DracoEncoder | Encoded 116 vertices, 564 indices, raw size: 4840, encoded size: 1202, compression ratio: 4.03
DracoEncoder | Preserve triangle order: no
DracoEncoder | Encoded 6162 vertices, 9366 indices, raw size: 215916, encoded size: 43180, compression ratio: 5.00
DracoEncoder | Preserve triangle order: no
DracoEncoder | Encoded 66540 vertices, 239544 indices, raw size: 3619776, encoded size: 536362, compression ratio: 6.75
DracoEncoder | Preserve triangle order: no
DracoEncoder | Encoded 1280 vertices, 7434 indices, raw size: 55828, encoded size: 7889, compression ratio: 7.08
DracoEncoder | Preserve triangle order: no
DracoEncoder | Encoded 41580 vertices, 213840 indices, raw size: 2090880, encoded size: 247559, compression ratio: 8.45

Blender quit
