00:00.108  translation      | WARNING Falling back to standard locale ("C")
00:00.466  blend            | Read blend: "/Users/kazuki.tanaka/dev0/exfract-bonsai-02/improvement/2026-10-04/runs/hero-rebuild-1016/sculpt/bonsai-structural-study.blend"
Flow UV Heartwood sculpt 132937
Flow UV Living bark and branch hierarchy 15355
Info: Saved as "bonsai-structural-study-textured.blend"
INFO Draco is available, use library at /Applications/Blender.app/Contents/Resources/5.2/scripts/addons_core/io_scene_gltf2/libbf_intern_draco_bridge.dylib
INFO MeshOptimizer is available, use library at /Applications/Blender.app/Contents/Resources/5.2/scripts/addons_core/io_scene_gltf2/libbf_intern_meshopt_bridge.dylib
10:48:59 | INFO: Starting glTF 2.0 export
10:49:00 | INFO: Extracting primitive: Canopy
10:49:00 | INFO: Primitives created: 1
10:49:00 | INFO: Extracting primitive: Heartwood sculpt
10:49:00 | WARNING: The active Vertex Color will not be exported, as it is not used in the node tree of the material
10:49:00 | INFO: Primitives created: 1
10:49:01 | INFO: Extracting primitive: Living vein
10:49:01 | WARNING: The active Vertex Color will not be exported, as it is not used in the node tree of the material
10:49:01 | INFO: Primitives created: 1
10:49:01 | INFO: Finished glTF 2.0 export in 1.225144863128662 s

TEXTURED COMPRESSED MODEL EXPORTED
Blender 5.2.1 LTS (hash 9e2066aef7ef built 2026-08-25 01:35:57)

Blender quit
