00:00.114  translation      | WARNING Falling back to standard locale ("C")
00:00.642  blend            | Read blend: "/Users/kazuki.tanaka/dev0/exfract-bonsai-02/improvement/2026-10-04/runs/hero-rebuild-1016/sculpt/bonsai-structural-study.blend"
Flow UV Heartwood sculpt 122425
Flow UV Living bark and branch hierarchy 15355
Info: Saved as "bonsai-structural-study-textured.blend"
INFO Draco is available, use library at /Applications/Blender.app/Contents/Resources/5.2/scripts/addons_core/io_scene_gltf2/libbf_intern_draco_bridge.dylib
INFO MeshOptimizer is available, use library at /Applications/Blender.app/Contents/Resources/5.2/scripts/addons_core/io_scene_gltf2/libbf_intern_meshopt_bridge.dylib
10:59:16 | INFO: Starting glTF 2.0 export
10:59:16 | INFO: Extracting primitive: Canopy
10:59:17 | INFO: Primitives created: 1
10:59:17 | INFO: Extracting primitive: Heartwood sculpt
10:59:17 | WARNING: The active Vertex Color will not be exported, as it is not used in the node tree of the material
10:59:17 | INFO: Primitives created: 1
10:59:17 | INFO: Extracting primitive: Living vein
10:59:17 | WARNING: The active Vertex Color will not be exported, as it is not used in the node tree of the material
10:59:17 | INFO: Primitives created: 1
10:59:17 | INFO: Draco encoder: Encoding mesh Canopy.
10:59:17 | INFO: Draco encoder: Encoding mesh Heartwood sculpt.
10:59:18 | INFO: Draco encoder: Encoding mesh Living bark and branch hierarchy.
10:59:18 | INFO: Finished glTF 2.0 export in 1.5351872444152832 s

TEXTURED COMPRESSED MODEL EXPORTED
Blender 5.2.1 LTS (hash 9e2066aef7ef built 2026-08-25 01:35:57)
DracoEncoder | Preserve triangle order: no
DracoEncoder | Encoded 549360 vertices, 2197440 indices, raw size: 28566720, encoded size: 3227622, compression ratio: 8.85
DracoEncoder | Preserve triangle order: no
DracoEncoder | Encoded 124246 vertices, 734526 indices, raw size: 8401848, encoded size: 1134942, compression ratio: 7.40
DracoEncoder | Preserve triangle order: no
DracoEncoder | Encoded 16303 vertices, 90642 indices, raw size: 898440, encoded size: 161876, compression ratio: 5.55

Blender quit
