00:00.188  translation      | WARNING Falling back to standard locale ("C")
00:00.778  blend            | Read blend: "/Users/kazuki.tanaka/dev0/exfract-bonsai-02/improvement/2026-10-04/runs/landmark-volume-0055/models/landmark-v01-editable.blend"
BlenderMCP: cannot start server in background mode (blender -b) - commands would never execute
BlenderMCP: run Blender with a GUI, or use a virtual display: xvfb-run -a blender
BlenderMCP addon registered
{"version": "landmark-v02", "control_vertices": 322, "control_faces": 354, "evaluated_vertices": 5394, "triangles": 10784, "volume": 0.08974625206810542, "boundary_edges": 0, "nonmanifold_edges": 0, "nonadjacent_intersections": 0, "intersection_centres": [], "root_actual_soil": [{"id": "root-left", "cap_burial": [{"position": [-0.46915701031684875, -0.06769785284996033, 0.2592005431652069], "soil_z": 0.4019981622695923, "below_soil": 0.14279761910438538}, {"position": [-0.45785441994667053, -0.09550991654396057, 0.2424238622188568], "soil_z": 0.40225768089294434, "below_soil": 0.15983381867408752}, {"position": [-0.4808429777622223, -0.1143021434545517, 0.26079943776130676], "soil_z": 0.4027836322784424, "below_soil": 0.14198419451713562}, {"position": [-0.4921455681324005, -0.08649007976055145, 0.27757611870765686], "soil_z": 0.4011629819869995, "below_soil": 0.12358686327934265}]}, {"id": "root-right-front", "cap_burial": [{"position": [0.34426653385162354, -0.235765278339386, 0.2948770821094513], "soil_z": 0.4032151699066162, "below_soil": 0.10833808779716492}, {"position": [0.3588200509548187, -0.19632035493850708, 0.28898531198501587], "soil_z": 0.4077104330062866, "below_soil": 0.11872512102127075}, {"position": [0.3857334852218628, -0.20023471117019653, 0.3251229226589203], "soil_z": 0.40682506561279297, "below_soil": 0.08170214295387268}, {"position": [0.3711799681186676, -0.23967963457107544, 0.3310146927833557], "soil_z": 0.40343236923217773, "below_soil": 0.07241767644882202}]}, {"id": "root-rear", "cap_burial": [{"position": [0.10795649141073227, 0.3187766671180725, 0.3037659823894501], "soil_z": 0.39469873905181885, "below_soil": 0.09093275666236877}, {"position": [0.07437881827354431, 0.33396631479263306, 0.2911710739135742], "soil_z": 0.39386284351348877, "below_soil": 0.10269176959991455}, {"position": [0.0800435021519661, 0.36122334003448486, 0.3162340223789215], "soil_z": 0.39314162731170654, "below_soil": 0.07690760493278503}, {"position": [0.11362117528915405, 0.3460336923599243, 0.32882893085479736], "soil_z": 0.39347636699676514, "below_soil": 0.06464743614196777}]}], "original_control_positions_unchanged": true, "terminal_hierarchy_geometry_unchanged": true, "aesthetic_pass": false}
情報: 「landmark-v02-editable.blend」で保存しました
INFO Draco is available, use library at /Applications/Blender.app/Contents/Resources/5.2/scripts/addons_core/io_scene_gltf2/libbf_intern_draco_bridge.dylib
INFO MeshOptimizer is available, use library at /Applications/Blender.app/Contents/Resources/5.2/scripts/addons_core/io_scene_gltf2/libbf_intern_meshopt_bridge.dylib
01:24:26 | INFO: Starting glTF 2.0 export
01:24:26 | INFO: Extracting primitive: Native v01 local branch-mouth subdivision and depth
01:24:26 | INFO: Primitives created: 1
01:24:26 | INFO: Extracting primitive: Rebuilt leaf-attached tertiary hierarchy
01:24:26 | INFO: Primitives created: 1
01:24:26 | INFO: Draco encoder: Encoding mesh Continuous aged trunk and primary branches.
01:24:26 | INFO: Draco encoder: Encoding mesh Terminal twig hierarchy.
01:24:26 | INFO: Finished glTF 2.0 export in 0.07569289207458496 s

{"native_bytes": 728596, "glb_bytes": 265192}
BlenderMCP server stopped
BlenderMCP addon unregistered
Blender 5.2.1 LTS (hash 9e2066aef7ef built 2026-08-25 01:35:57)
DracoEncoder | Preserve triangle order: no
DracoEncoder | Encoded 7061 vertices, 32352 indices, raw size: 436656, encoded size: 90231, compression ratio: 4.84
DracoEncoder | Preserve triangle order: no
DracoEncoder | Encoded 34305 vertices, 110214 indices, raw size: 1043748, encoded size: 172235, compression ratio: 6.06

Blender quit
