00:00.104  translation      | WARNING Falling back to standard locale ("C")
00:00.526  blend            | Read blend: "/Users/kazuki.tanaka/dev0/exfract-bonsai-02/improvement/2026-10-04/runs/local-edges-0056/models/edge-v02-editable.blend"
BlenderMCP: cannot start server in background mode (blender -b) - commands would never execute
BlenderMCP: run Blender with a GUI, or use a virtual display: xvfb-run -a blender
BlenderMCP addon registered
SOIL_BOUNDS [[-0.7549999952316284, 0.7549999952316284], [-0.38100001215934753, 0.38100001215934753], [0.39201560616493225, 0.4168027937412262]]
BlenderMCP server stopped
BlenderMCP addon unregistered
{"version": "landmark-v01", "control_vertices": 202, "control_faces": 234, "evaluated_vertices": 3474, "triangles": 6944, "volume": 0.09402786695372137, "boundary_edges": 0, "nonmanifold_edges": 0, "nonadjacent_intersections": 0, "intersection_examples": [], "intersection_centres": [], "root_actual_soil": [{"id": "root-left", "cap_burial": [{"position": [-0.46915701031684875, -0.06769785284996033, 0.2592005431652069], "soil_z": 0.4019981622695923, "below_soil": 0.14279761910438538}, {"position": [-0.45785441994667053, -0.09550991654396057, 0.2424238622188568], "soil_z": 0.40225768089294434, "below_soil": 0.15983381867408752}, {"position": [-0.4808429777622223, -0.1143021434545517, 0.26079943776130676], "soil_z": 0.4027836322784424, "below_soil": 0.14198419451713562}, {"position": [-0.4921455681324005, -0.08649007976055145, 0.27757611870765686], "soil_z": 0.4011629819869995, "below_soil": 0.12358686327934265}]}, {"id": "root-right-front", "cap_burial": [{"position": [0.34426653385162354, -0.235765278339386, 0.2948770821094513], "soil_z": 0.4032151699066162, "below_soil": 0.10833808779716492}, {"position": [0.3588200509548187, -0.19632035493850708, 0.28898531198501587], "soil_z": 0.4077104330062866, "below_soil": 0.11872512102127075}, {"position": [0.3857334852218628, -0.20023471117019653, 0.3251229226589203], "soil_z": 0.40682506561279297, "below_soil": 0.08170214295387268}, {"position": [0.3711799681186676, -0.23967963457107544, 0.3310146927833557], "soil_z": 0.40343236923217773, "below_soil": 0.07241767644882202}]}, {"id": "root-rear", "cap_burial": [{"position": [0.10795649141073227, 0.3187766671180725, 0.3037659823894501], "soil_z": 0.39469873905181885, "below_soil": 0.09093275666236877}, {"position": [0.07437881827354431, 0.33396631479263306, 0.2911710739135742], "soil_z": 0.39386284351348877, "below_soil": 0.10269176959991455}, {"position": [0.0800435021519661, 0.36122334003448486, 0.3162340223789215], "soil_z": 0.39314162731170654, "below_soil": 0.07690760493278503}, {"position": [0.11362117528915405, 0.3460336923599243, 0.32882893085479736], "soil_z": 0.39347636699676514, "below_soil": 0.06464743614196777}]}], "twig_changed_nodes": [{"region": "left lower rear fork", "node": 0, "position": [-0.4341343343257904, -0.09186963737010956, 1.083227276802063], "no_spray_attachment": true}, {"region": "left lower rear fork", "node": 1, "position": [-0.5192137956619263, -0.11109355837106705, 1.0829827785491943], "no_spray_attachment": true}, {"region": "left lower rear fork", "node": 2, "position": [-0.6257928609848022, -0.15069684386253357, 1.1009315252304077], "no_spray_attachment": true}], "twig_vertices": 21025, "aesthetic_pass": false}
Info: Saved as "landmark-v01-editable.blend"
INFO Draco is available, use library at /Applications/Blender.app/Contents/Resources/5.2/scripts/addons_core/io_scene_gltf2/libbf_intern_draco_bridge.dylib
INFO MeshOptimizer is available, use library at /Applications/Blender.app/Contents/Resources/5.2/scripts/addons_core/io_scene_gltf2/libbf_intern_meshopt_bridge.dylib
01:11:50 | INFO: Starting glTF 2.0 export
01:11:50 | INFO: Extracting primitive: Independent front side rear landmark control surface
01:11:50 | INFO: Primitives created: 1
01:11:50 | INFO: Extracting primitive: Rebuilt leaf-attached tertiary hierarchy
01:11:50 | INFO: Primitives created: 1
01:11:50 | INFO: Draco encoder: Encoding mesh Continuous aged trunk and primary branches.
01:11:50 | INFO: Draco encoder: Encoding mesh Terminal twig hierarchy.
01:11:50 | INFO: Finished glTF 2.0 export in 0.07429194450378418 s

{"native_bytes": 724559, "glb_bytes": 243664}
Blender 5.2.1 LTS (hash 9e2066aef7ef built 2026-08-25 01:35:57)
DracoEncoder | Preserve triangle order: no
DracoEncoder | Encoded 5025 vertices, 20832 indices, raw size: 298760, encoded size: 68576, compression ratio: 4.36
DracoEncoder | Preserve triangle order: no
DracoEncoder | Encoded 34305 vertices, 110214 indices, raw size: 1043748, encoded size: 172235, compression ratio: 6.06

Blender quit
