
DevTools listening on ws://127.0.0.1:51194/devtools/browser/501aa63c-ce40-47a9-a9df-49b4f885178e
Trying to load the allocator multiple times. This is *not* supported.
[64107:19704768:1005/225659.049797:ERROR:ui/display/mac/cv_display_link_mac.mm:188] CVDisplayLinkCreateWithCGDisplay failed. CVReturn: -6670
[64107:19704900:1005/225659.051799:ERROR:ui/display/mac/cv_display_link_mac.mm:188] CVDisplayLinkCreateWithCGDisplay failed. CVReturn: -6670
[64107:19704768:1005/225659.051980:ERROR:ui/display/mac/cv_display_link_mac.mm:188] CVDisplayLinkCreateWithCGDisplay failed. CVReturn: -6670
[64107:19704900:1005/225659.052035:ERROR:ui/display/mac/cv_display_link_mac.mm:188] CVDisplayLinkCreateWithCGDisplay failed. CVReturn: -6670
[64107:19704768:1005/225659.052608:ERROR:ui/display/mac/cv_display_link_mac.mm:188] CVDisplayLinkCreateWithCGDisplay failed. CVReturn: -6670
[64107:19704900:1005/225659.052658:ERROR:ui/display/mac/cv_display_link_mac.mm:188] CVDisplayLinkCreateWithCGDisplay failed. CVReturn: -6670
[64107:19704768:1005/225659.052912:ERROR:ui/display/mac/cv_display_link_mac.mm:188] CVDisplayLinkCreateWithCGDisplay failed. CVReturn: -6670
[64107:19704900:1005/225659.052984:ERROR:ui/display/mac/cv_display_link_mac.mm:188] CVDisplayLinkCreateWithCGDisplay failed. CVReturn: -6670
[64107:19704768:1005/225659.053211:ERROR:ui/display/mac/cv_display_link_mac.mm:188] CVDisplayLinkCreateWithCGDisplay failed. CVReturn: -6670
[64107:19704900:1005/225659.053258:ERROR:ui/display/mac/cv_display_link_mac.mm:188] CVDisplayLinkCreateWithCGDisplay failed. CVReturn: -6670
[64078:19704754:1005/225701.281059:ERROR:google_apis/gcm/engine/registration_request.cc:291] Registration response error message: DEPRECATED_ENDPOINT
[64314:19705569:1005/225718.783476:VERBOSE1:chrome/updater/event_history.cc:176] Failed to set permissions on /Library/Application Support/Google/GoogleUpdater/updater_history.jsonl: Operation not permitted (1)
[64314:19705569:1005/225718.789029:VERBOSE1:chrome/updater/updater.cc:364] Version: 156.0.8067.0, opt, ARM_64, command line: /Library/Application Support/Google/GoogleUpdater/156.0.8067.0/GoogleUpdater.app/Contents/MacOS/GoogleUpdater --wake-all --system --enable-logging --vmodule=*/components/update_client/*=2,*/chrome/enterprise_companion/*=2,*/chrome/updater/*=2
[64314:19705569:1005/225718.789161:VERBOSE1:chrome/updater/updater.cc:367] OS version: 15.1.1, arch: arm64, System uptime (seconds): 613269, parent pid: 64078
[64314:19705569:1005/225718.793600:VERBOSE1:chrome/updater/updater.cc:372] Available disk space in install directory (/Library/Application Support/Google/GoogleUpdater): 34864328704B (32.470GiB) / 494384795648B (460.432GiB)
[64314:19705569:1005/225718.793733:VERBOSE1:chrome/updater/updater.cc:376] Available disk space in temporary directory (/var/folders/65/yhdkwfkd2jlc6qldn23z45y80000gq/T/): 34864328704B (32.470GiB) / 494384795648B (460.432GiB)
[64314:19705569:1005/225718.793883:VERBOSE1:chrome/updater/event_history.cc:239] Failed to write history event: logging not initialized
[64316:19705574:1005/225718.816488:VERBOSE1:chrome/updater/event_history.cc:176] Failed to set permissions on /Library/Application Support/Google/GoogleUpdater/updater_history.jsonl: Operation not permitted (1)
[64316:19705574:1005/225718.820953:VERBOSE1:chrome/updater/updater.cc:364] Version: 156.0.8067.0, opt, ARM_64, command line: /Library/Application Support/Google/GoogleUpdater/156.0.8067.0/GoogleUpdater.app/Contents/MacOS/GoogleUpdater --crash-handler --system --database=/Library/Application Support/Google/GoogleUpdater/156.0.8067.0/Crashpad --url=https://clients2.google.com/cr/report --annotation=prod=Update4 --annotation=ver=156.0.8067.0 --handshake-fd=4 --enable-logging --vmodule=*/components/update_client/*=2,*/chrome/enterprise_companion/*=2,*/chrome/updater/*=2
[64316:19705574:1005/225718.821114:VERBOSE1:chrome/updater/updater.cc:367] OS version: 15.1.1, arch: arm64, System uptime (seconds): 613269, parent pid: 1
[64316:19705574:1005/225718.824796:VERBOSE1:chrome/updater/updater.cc:372] Available disk space in install directory (/Library/Application Support/Google/GoogleUpdater): 34864328704B (32.470GiB) / 494384795648B (460.432GiB)
[64316:19705574:1005/225718.824919:VERBOSE1:chrome/updater/updater.cc:376] Available disk space in temporary directory (/var/folders/65/yhdkwfkd2jlc6qldn23z45y80000gq/T/): 34864328704B (32.470GiB) / 494384795648B (460.432GiB)
[64316:19705574:1005/225718.825058:VERBOSE1:chrome/updater/event_history.cc:239] Failed to write history event: logging not initialized
[64316:19705574:1005/225718.826239:ERROR:third_party/crashpad/crashpad/client/crash_report_database_mac.mm:109] mkdir /Library/Application Support/Google/GoogleUpdater/156.0.8067.0/Crashpad/new: Permission denied (13)
[64316:19705574:1005/225718.826368:VERBOSE1:chrome/updater/event_history.cc:239] Failed to write history event: logging not initialized
[64316:19705574:1005/225718.826729:VERBOSE1:chrome/updater/updater.cc:409] UpdaterMain (--crash-handler) returned 1.
[64314:19705569:1005/225718.828304:ERROR:third_party/crashpad/crashpad/util/file/file_io.cc:103] ReadExactly: expected 8, observed 0
[64314:19705569:1005/225718.829130:VERBOSE1:chrome/updater/crash_reporter.cc:119] Failed to start handler.
[64314:19705569:1005/225718.829519:ERROR:third_party/crashpad/crashpad/client/crash_report_database_mac.mm:109] mkdir /Library/Application Support/Google/GoogleUpdater/156.0.8067.0/Crashpad/new: Permission denied (13)
[64314:19705569:1005/225718.829899:ERROR:chrome/updater/crash_client.cc:76] Failed to initialize Crashpad database.
[64314:19705569:1005/225718.830033:VERBOSE1:chrome/updater/updater.cc:99] Crash reporting is not available.
[64314:19705579:1005/225718.830665:VERBOSE1:chrome/updater/app/app_wakeall.cc:58] Launching `/Library/Application Support/Google/GoogleUpdater/150.0.7863.0/GoogleUpdater.app/Contents/MacOS/GoogleUpdater --wake --system`
[64314:19705579:1005/225718.831075:VERBOSE1:chrome/updater/app/app_wakeall.cc:64] `/Library/Application Support/Google/GoogleUpdater/150.0.7863.0/GoogleUpdater.app/Contents/MacOS/GoogleUpdater --wake --system` process invalid: Permission denied (13)
[64314:19705579:1005/225718.831630:VERBOSE1:chrome/updater/app/app_wakeall.cc:58] Launching `/Library/Application Support/Google/GoogleUpdater/156.0.8067.0/GoogleUpdater.app/Contents/MacOS/GoogleUpdater --wake --system`
[64318:19705584:1005/225718.856627:VERBOSE1:chrome/updater/event_history.cc:176] Failed to set permissions on /Library/Application Support/Google/GoogleUpdater/updater_history.jsonl: Operation not permitted (1)
[64318:19705584:1005/225718.862255:VERBOSE1:chrome/updater/updater.cc:364] Version: 156.0.8067.0, opt, ARM_64, command line: /Library/Application Support/Google/GoogleUpdater/156.0.8067.0/GoogleUpdater.app/Contents/MacOS/GoogleUpdater --wake --system --enable-logging --vmodule=*/components/update_client/*=2,*/chrome/enterprise_companion/*=2,*/chrome/updater/*=2
[64318:19705584:1005/225718.862410:VERBOSE1:chrome/updater/updater.cc:367] OS version: 15.1.1, arch: arm64, System uptime (seconds): 613269, parent pid: 64314
[64318:19705584:1005/225718.868461:VERBOSE1:chrome/updater/updater.cc:372] Available disk space in install directory (/Library/Application Support/Google/GoogleUpdater): 34864328704B (32.470GiB) / 494384795648B (460.432GiB)
[64318:19705584:1005/225718.868603:VERBOSE1:chrome/updater/updater.cc:376] Available disk space in temporary directory (/var/folders/65/yhdkwfkd2jlc6qldn23z45y80000gq/T/): 34864328704B (32.470GiB) / 494384795648B (460.432GiB)
[64318:19705584:1005/225718.868754:VERBOSE1:chrome/updater/event_history.cc:239] Failed to write history event: logging not initialized
[64320:19705588:1005/225718.884998:VERBOSE1:chrome/updater/event_history.cc:176] Failed to set permissions on /Library/Application Support/Google/GoogleUpdater/updater_history.jsonl: Operation not permitted (1)
[64320:19705588:1005/225718.888459:VERBOSE1:chrome/updater/updater.cc:364] Version: 156.0.8067.0, opt, ARM_64, command line: /Library/Application Support/Google/GoogleUpdater/156.0.8067.0/GoogleUpdater.app/Contents/MacOS/GoogleUpdater --crash-handler --system --database=/Library/Application Support/Google/GoogleUpdater/156.0.8067.0/Crashpad --url=https://clients2.google.com/cr/report --annotation=prod=Update4 --annotation=ver=156.0.8067.0 --handshake-fd=4 --enable-logging --vmodule=*/components/update_client/*=2,*/chrome/enterprise_companion/*=2,*/chrome/updater/*=2
[64320:19705588:1005/225718.888577:VERBOSE1:chrome/updater/updater.cc:367] OS version: 15.1.1, arch: arm64, System uptime (seconds): 613269, parent pid: 1
[64320:19705588:1005/225718.893533:VERBOSE1:chrome/updater/updater.cc:372] Available disk space in install directory (/Library/Application Support/Google/GoogleUpdater): 34864328704B (32.470GiB) / 494384795648B (460.432GiB)
[64320:19705588:1005/225718.893649:VERBOSE1:chrome/updater/updater.cc:376] Available disk space in temporary directory (/var/folders/65/yhdkwfkd2jlc6qldn23z45y80000gq/T/): 34864328704B (32.470GiB) / 494384795648B (460.432GiB)
[64320:19705588:1005/225718.893762:VERBOSE1:chrome/updater/event_history.cc:239] Failed to write history event: logging not initialized
[64320:19705588:1005/225718.893881:ERROR:third_party/crashpad/crashpad/client/crash_report_database_mac.mm:109] mkdir /Library/Application Support/Google/GoogleUpdater/156.0.8067.0/Crashpad/new: Permission denied (13)
[64320:19705588:1005/225718.893995:VERBOSE1:chrome/updater/event_history.cc:239] Failed to write history event: logging not initialized
[64320:19705588:1005/225718.894071:VERBOSE1:chrome/updater/updater.cc:409] UpdaterMain (--crash-handler) returned 1.
[64318:19705584:1005/225718.894446:ERROR:third_party/crashpad/crashpad/util/file/file_io.cc:103] ReadExactly: expected 8, observed 0
[64318:19705584:1005/225718.896467:VERBOSE1:chrome/updater/crash_reporter.cc:119] Failed to start handler.
[64318:19705584:1005/225718.896664:ERROR:third_party/crashpad/crashpad/client/crash_report_database_mac.mm:109] mkdir /Library/Application Support/Google/GoogleUpdater/156.0.8067.0/Crashpad/new: Permission denied (13)
[64318:19705584:1005/225718.896763:ERROR:chrome/updater/crash_client.cc:76] Failed to initialize Crashpad database.
[64318:19705584:1005/225718.896850:VERBOSE1:chrome/updater/updater.cc:99] Crash reporting is not available.
[64318:19705584:1005/225718.897146:VERBOSE1:chrome/updater/ipc/update_service_internal_proxy_mojo.cc:61] Run
[64078:19704754:1005/225724.422312:ERROR:google_apis/gcm/engine/registration_request.cc:291] Registration response error message: DEPRECATED_ENDPOINT
[64318:19705584:1005/225736.499905:VERBOSE1:chrome/updater/app/app.cc:52] Shutdown: 0
[64318:19705584:1005/225736.500420:VERBOSE1:chrome/updater/event_history.cc:239] Failed to write history event: logging not initialized
[64318:19705584:1005/225736.500536:VERBOSE1:chrome/updater/updater.cc:409] UpdaterMain (--wake) returned 0.
[64314:19705579:1005/225736.642721:VERBOSE1:chrome/updater/app/app_wakeall.cc:68] `/Library/Application Support/Google/GoogleUpdater/156.0.8067.0/GoogleUpdater.app/Contents/MacOS/GoogleUpdater --wake --system` exited 0
[64314:19705579:1005/225736.642930:VERBOSE1:chrome/updater/app/app_wakeall.cc:58] Launching `/Library/Application Support/Google/GoogleUpdater/149.0.7814.0/GoogleUpdater.app/Contents/MacOS/GoogleUpdater --wake --system`
[64314:19705579:1005/225736.643419:VERBOSE1:chrome/updater/app/app_wakeall.cc:64] `/Library/Application Support/Google/GoogleUpdater/149.0.7814.0/GoogleUpdater.app/Contents/MacOS/GoogleUpdater --wake --system` process invalid: Permission denied (13)
[64314:19705579:1005/225736.643835:VERBOSE1:chrome/updater/app/app_wakeall.cc:58] Launching `/Library/Application Support/Google/GoogleUpdater/148.0.7730.0/GoogleUpdater.app/Contents/MacOS/GoogleUpdater --wake --system`
[64314:19705579:1005/225736.644190:VERBOSE1:chrome/updater/app/app_wakeall.cc:64] `/Library/Application Support/Google/GoogleUpdater/148.0.7730.0/GoogleUpdater.app/Contents/MacOS/GoogleUpdater --wake --system` process invalid: Permission denied (13)
[64314:19705569:1005/225736.644416:VERBOSE1:chrome/updater/app/app.cc:52] Shutdown: 0
[64314:19705569:1005/225736.644987:VERBOSE1:chrome/updater/event_history.cc:239] Failed to write history event: logging not initialized
[64314:19705569:1005/225736.645247:VERBOSE1:chrome/updater/updater.cc:409] UpdaterMain (--wake-all) returned 0.
[64078:19704754:1005/225812.492795:ERROR:google_apis/gcm/engine/registration_request.cc:291] Registration response error message: DEPRECATED_ENDPOINT
