00:00.111  translation      | WARNING Falling back to standard locale ("C")
BlenderMCP: cannot start server in background mode (blender -b) - commands would never execute
BlenderMCP: run Blender with a GUI, or use a virtual display: xvfb-run -a blender
BlenderMCP addon registered
BlenderMCP server stopped
BlenderMCP addon unregistered
{"control_vertices": 352, "control_faces": 338, "evaluated_triangles": 11008, "volume": 0.21717711496367126, "boundary_edges": 0, "nonmanifold_edges": 0, "nonadjacent_intersections": 0, "connected_component_vertices": [5506], "minimum_face_area": 8.627410352346487e-06, "genus_expected": 0, "euler_characteristic": 2, "bounds": {"min": [-0.4772842228412628, -0.24025367200374603, 0.2874656617641449], "max": [1.3376363515853882, 0.5002154111862183, 2.187224864959717]}}
Info: Saved as "compact-v01-editable.blend"
INFO Draco is available, use library at /Applications/Blender.app/Contents/Resources/5.2/scripts/addons_core/io_scene_gltf2/libbf_intern_draco_bridge.dylib
INFO MeshOptimizer is available, use library at /Applications/Blender.app/Contents/Resources/5.2/scripts/addons_core/io_scene_gltf2/libbf_intern_meshopt_bridge.dylib
11:36:45 | INFO: Starting glTF 2.0 export
11:36:45 | INFO: Extracting primitive: Photo masses open valley narrow live ridge and local collars
11:36:45 | INFO: Primitives created: 1
11:36:45 | INFO: Draco encoder: Encoding mesh Continuous aged trunk and primary branches.
11:36:45 | INFO: Finished glTF 2.0 export in 0.04309797286987305 s

{"glb_bytes": 57460, "native_bytes": 106673}
Blender 5.2.1 LTS (hash 9e2066aef7ef built 2026-08-25 01:35:57)
DracoEncoder | Preserve triangle order: no
DracoEncoder | Encoded 6081 vertices, 33024 indices, raw size: 402496, encoded size: 55248, compression ratio: 7.29

Blender quit
