00:00.174  translation      | WARNING Falling back to standard locale ("C")
00:00.759  blend            | Read blend: "/Users/kazuki.tanaka/dev0/exfract-bonsai-02/improvement/2026-10-04/runs/grown-core-0554/models/grown-v02-editable.blend"
{
  "vertices": 5394,
  "samples": [
    {
      "z": 0.56,
      "median_main_x": 0.018069954589009285,
      "main_count": 114,
      "main_xrange": [
        -0.16974923014640808,
        0.2167057991027832
      ],
      "front_samples": [
        {
          "x_offset": -0.07,
          "front": [
            -0.05193004384636879,
            -0.14797496795654297,
            0.5600000023841858
          ],
          "normal": [
            0.22334431111812592,
            -0.972348690032959,
            -0.0682297870516777
          ]
        },
        {
          "x_offset": -0.035,
          "front": [
            -0.016930045560002327,
            -0.13811492919921875,
            0.5600000023841858
          ],
          "normal": [
            0.24093468487262726,
            -0.9487398266792297,
            -0.2045564204454422
          ]
        },
        {
          "x_offset": 0,
          "front": [
            0.018069954589009285,
            -0.12793874740600586,
            0.5600000023841858
          ],
          "normal": [
            0.14120177924633026,
            -0.9475550651550293,
            -0.2867080867290497
          ]
        },
        {
          "x_offset": 0.035,
          "front": [
            0.05306995287537575,
            -0.12212765216827393,
            0.5600000023841858
          ],
          "normal": [
            0.12952814996242523,
            -0.9266452193260193,
            -0.3529180586338043
          ]
        },
        {
          "x_offset": 0.07,
          "front": [
            0.08806995302438736,
            -0.11589419841766357,
            0.5600000023841858
          ],
          "normal": [
            0.2030828893184662,
            -0.9251599311828613,
            -0.32068121433258057
          ]
        }
      ]
    },
    {
      "z": 0.64,
      "median_main_x": 0.02770019881427288,
      "main_count": 112,
      "main_xrange": [
        -0.14677706360816956,
        0.22244367003440857
      ],
      "front_samples": [
        {
          "x_offset": -0.07,
          "front": [
            -0.042299799621105194,
            -0.1502171754837036,
            0.6399999856948853
          ],
          "normal": [
            -0.1102556586265564,
            -0.9938494563102722,
            0.01034805178642273
          ]
        },
        {
          "x_offset": -0.035,
          "front": [
            -0.007299801334738731,
            -0.14787495136260986,
            0.6399999856948853
          ],
          "normal": [
            0.07359324395656586,
            -0.9937931895256042,
            -0.08342141658067703
          ]
        },
        {
          "x_offset": 0,
          "front": [
            0.02770019881427288,
            -0.15076828002929688,
            0.6399999856948853
          ],
          "normal": [
            -0.35769930481910706,
            -0.9302602410316467,
            -0.08165201544761658
          ]
        },
        {
          "x_offset": 0.035,
          "front": [
            0.06270019710063934,
            -0.1549621820449829,
            0.6399999856948853
          ],
          "normal": [
            0.15464191138744354,
            -0.9730409383773804,
            -0.17110572755336761
          ]
        },
        {
          "x_offset": 0.07,
          "front": [
            0.09770020097494125,
            -0.13855254650115967,
            0.6399999856948853
          ],
          "normal": [
            0.4927688241004944,
            -0.8462276458740234,
            -0.20267604291439056
          ]
        }
      ]
    },
    {
      "z": 0.76,
      "median_main_x": 0.10094856470823288,
      "main_count": 205,
      "main_xrange": [
        -0.14459018409252167,
        0.2191849946975708
      ],
      "front_samples": [
        {
          "x_offset": -0.07,
          "front": [
            0.030948564410209656,
            -0.14642763137817383,
            0.7599999904632568
          ],
          "normal": [
            0.13410761952400208,
            -0.9841419458389282,
            0.11610276252031326
          ]
        },
        {
          "x_offset": -0.035,
          "front": [
            0.06594856828451157,
            -0.14076340198516846,
            0.7599999904632568
          ],
          "normal": [
            0.180805966258049,
            -0.9704115390777588,
            0.16003264486789703
          ]
        },
        {
          "x_offset": 0,
          "front": [
            0.10094856470823288,
            -0.13237476348876953,
            0.7599999904632568
          ],
          "normal": [
            0.2290610373020172,
            -0.9582481980323792,
            0.17114724218845367
          ]
        },
        {
          "x_offset": 0.035,
          "front": [
            0.1359485685825348,
            -0.1125020980834961,
            0.7599999904632568
          ],
          "normal": [
            0.6052283644676208,
            -0.7680214643478394,
            0.20938383042812347
          ]
        },
        {
          "x_offset": 0.07,
          "front": [
            0.1709485650062561,
            -0.0719977617263794,
            0.7599999904632568
          ],
          "normal": [
            0.452161967754364,
            -0.668083131313324,
            0.5909436941146851
          ]
        }
      ]
    },
    {
      "z": 0.88,
      "median_main_x": -0.0737312063574791,
      "main_count": 107,
      "main_xrange": [
        -0.24176034331321716,
        0.13789042830467224
      ],
      "front_samples": [
        {
          "x_offset": -0.07,
          "front": [
            -0.14373120665550232,
            -0.10981392860412598,
            0.8799999952316284
          ],
          "normal": [
            -0.3053458333015442,
            -0.9452524781227112,
            -0.11515995860099792
          ]
        },
        {
          "x_offset": -0.035,
          "front": [
            -0.10873120278120041,
            -0.11510694026947021,
            0.8799999952316284
          ],
          "normal": [
            -0.11312916874885559,
            -0.9874475598335266,
            -0.11022360622882843
          ]
        },
        {
          "x_offset": 0,
          "front": [
            -0.0737312063574791,
            -0.12328732013702393,
            0.8799999952316284
          ],
          "normal": [
            -0.1961747705936432,
            -0.9423995018005371,
            -0.2709217369556427
          ]
        },
        {
          "x_offset": 0.035,
          "front": [
            -0.038731206208467484,
            -0.12806034088134766,
            0.8799999952316284
          ],
          "normal": [
            -0.0010307140182703733,
            -0.9997803568840027,
            0.020935142412781715
          ]
        },
        {
          "x_offset": 0.07,
          "front": [
            -0.0037312062922865152,
            -0.12214863300323486,
            0.8799999952316284
          ],
          "normal": [
            0.24927078187465668,
            -0.8796847462654114,
            0.4049922823905945
          ]
        }
      ]
    },
    {
      "z": 1.0,
      "median_main_x": -0.24637481570243835,
      "main_count": 204,
      "main_xrange": [
        -0.323118656873703,
        -0.02854475937783718
      ],
      "front_samples": [
        {
          "x_offset": -0.07,
          "front": null,
          "normal": null
        },
        {
          "x_offset": -0.035,
          "front": [
            -0.28137481212615967,
            -0.07403194904327393,
            1.0
          ],
          "normal": [
            -0.8298213481903076,
            -0.3619307577610016,
            -0.4247382879257202
          ]
        },
        {
          "x_offset": 0,
          "front": [
            -0.24637481570243835,
            -0.1159355640411377,
            1.0
          ],
          "normal": [
            -0.47373563051223755,
            -0.86679607629776,
            -0.1556890308856964
          ]
        },
        {
          "x_offset": 0.035,
          "front": [
            -0.21137481927871704,
            -0.13011205196380615,
            1.0
          ],
          "normal": [
            -0.21609699726104736,
            -0.972814679145813,
            -0.08326845616102219
          ]
        },
        {
          "x_offset": 0.07,
          "front": [
            -0.17637482285499573,
            -0.12593328952789307,
            1.0
          ],
          "normal": [
            0.2669459581375122,
            -0.9231640100479126,
            0.2766008973121643
          ]
        }
      ]
    },
    {
      "z": 1.08,
      "median_main_x": -0.2793697118759155,
      "main_count": 223,
      "main_xrange": [
        -0.3311426043510437,
        -0.07625742256641388
      ],
      "front_samples": [
        {
          "x_offset": -0.07,
          "front": [
            -0.34936970472335815,
            -0.09689712524414062,
            1.0800000429153442
          ],
          "normal": [
            0.6352834105491638,
            -0.7720458507537842,
            0.018978476524353027
          ]
        },
        {
          "x_offset": -0.035,
          "front": [
            -0.31436970829963684,
            -0.08029532432556152,
            1.0800000429153442
          ],
          "normal": [
            0.14499132335186005,
            -0.969957709312439,
            0.19534488022327423
          ]
        },
        {
          "x_offset": 0,
          "front": [
            -0.2793697118759155,
            -0.08765232563018799,
            1.0800000429153442
          ],
          "normal": [
            -0.23090000450611115,
            -0.9339717626571655,
            0.2727307975292206
          ]
        },
        {
          "x_offset": 0.035,
          "front": [
            -0.2443697154521942,
            -0.10466551780700684,
            1.0800000429153442
          ],
          "normal": [
            -0.4649982750415802,
            -0.8142932653427124,
            0.3474234342575073
          ]
        },
        {
          "x_offset": 0.07,
          "front": [
            -0.2093697190284729,
            -0.10791325569152832,
            1.0800000429153442
          ],
          "normal": [
            0.23732979595661163,
            -0.8999159932136536,
            0.36582207679748535
          ]
        }
      ]
    },
    {
      "z": 1.2,
      "median_main_x": -0.22728902101516724,
      "main_count": 146,
      "main_xrange": [
        -0.31870025396347046,
        -0.029075397178530693
      ],
      "front_samples": [
        {
          "x_offset": -0.07,
          "front": null,
          "normal": null
        },
        {
          "x_offset": -0.035,
          "front": [
            -0.26228901743888855,
            -0.06941401958465576,
            1.2000000476837158
          ],
          "normal": [
            -0.6905155777931213,
            -0.5476425290107727,
            0.4725207984447479
          ]
        },
        {
          "x_offset": 0,
          "front": [
            -0.22728902101516724,
            -0.08544421195983887,
            1.2000000476837158
          ],
          "normal": [
            -0.08869985491037369,
            -0.9797876477241516,
            0.17929993569850922
          ]
        },
        {
          "x_offset": 0.035,
          "front": [
            -0.19228902459144592,
            -0.0836796760559082,
            1.2000000476837158
          ],
          "normal": [
            0.15179957449436188,
            -0.9873101711273193,
            0.04664156213402748
          ]
        },
        {
          "x_offset": 0.07,
          "front": [
            -0.1572890281677246,
            -0.07643508911132812,
            1.2000000476837158
          ],
          "normal": [
            0.25540587306022644,
            -0.9635816216468811,
            -0.0792364850640297
          ]
        }
      ]
    },
    {
      "z": 1.32,
      "median_main_x": -0.11929163336753845,
      "main_count": 141,
      "main_xrange": [
        -0.21843744814395905,
        0.08160001039505005
      ],
      "front_samples": [
        {
          "x_offset": -0.07,
          "front": [
            -0.18929162621498108,
            0.13493752479553223,
            1.3200000524520874
          ],
          "normal": [
            -0.30509161949157715,
            -0.8522377014160156,
            0.42498230934143066
          ]
        },
        {
          "x_offset": -0.035,
          "front": [
            -0.15429162979125977,
            -0.0794839859008789,
            1.3200000524520874
          ],
          "normal": [
            -0.5078089833259583,
            -0.7605381608009338,
            0.40461304783821106
          ]
        },
        {
          "x_offset": 0,
          "front": [
            -0.11929163336753845,
            -0.09374165534973145,
            1.3200000524520874
          ],
          "normal": [
            -0.13751213252544403,
            -0.9902338981628418,
            -0.022959914058446884
          ]
        },
        {
          "x_offset": 0.035,
          "front": [
            -0.08429163694381714,
            -0.09637069702148438,
            1.3200000524520874
          ],
          "normal": [
            0.0032746854703873396,
            -0.9822640419006348,
            -0.1874743402004242
          ]
        },
        {
          "x_offset": 0.07,
          "front": [
            -0.04929163306951523,
            -0.09042239189147949,
            1.3200000524520874
          ],
          "normal": [
            0.2503569722175598,
            -0.8848829865455627,
            -0.3928149938583374
          ]
        }
      ]
    },
    {
      "z": 1.44,
      "median_main_x": 0.05007514730095863,
      "main_count": 140,
      "main_xrange": [
        -0.1156705692410469,
        0.1574527472257614
      ],
      "front_samples": [
        {
          "x_offset": -0.07,
          "front": [
            -0.01992485299706459,
            -0.08386492729187012,
            1.440000057220459
          ],
          "normal": [
            -0.3546389937400818,
            -0.8680441379547119,
            0.3474632799625397
          ]
        },
        {
          "x_offset": -0.035,
          "front": [
            0.015075147151947021,
            -0.09301424026489258,
            1.440000057220459
          ],
          "normal": [
            -0.10304631292819977,
            -0.9776672720909119,
            0.18316149711608887
          ]
        },
        {
          "x_offset": 0,
          "front": [
            0.05007514730095863,
            -0.0891733169555664,
            1.440000057220459
          ],
          "normal": [
            0.30564993619918823,
            -0.9064544439315796,
            -0.2914077639579773
          ]
        },
        {
          "x_offset": 0.035,
          "front": [
            0.08507514744997025,
            -0.08811557292938232,
            1.440000057220459
          ],
          "normal": [
            -0.16589635610580444,
            -0.9662854671478271,
            0.19690288603305817
          ]
        },
        {
          "x_offset": 0.07,
          "front": [
            0.12007514387369156,
            -0.09214615821838379,
            1.440000057220459
          ],
          "normal": [
            -0.053714051842689514,
            -0.9955110549926758,
            0.07792583107948303
          ]
        }
      ]
    },
    {
      "z": 1.52,
      "median_main_x": 0.09561524540185928,
      "main_count": 153,
      "main_xrange": [
        -0.057007867842912674,
        0.17967650294303894
      ],
      "front_samples": [
        {
          "x_offset": -0.07,
          "front": [
            0.02561524510383606,
            -0.07507991790771484,
            1.5199999809265137
          ],
          "normal": [
            -0.37350133061408997,
            -0.8961585164070129,
            0.2395760864019394
          ]
        },
        {
          "x_offset": -0.035,
          "front": [
            0.06061524525284767,
            -0.08599615097045898,
            1.5199999809265137
          ],
          "normal": [
            -0.05676892772316933,
            -0.9936947822570801,
            0.09668508917093277
          ]
        },
        {
          "x_offset": 0,
          "front": [
            0.09561524540185928,
            -0.08185005187988281,
            1.5199999809265137
          ],
          "normal": [
            0.3751535415649414,
            -0.926040768623352,
            -0.04133280739188194
          ]
        },
        {
          "x_offset": 0.035,
          "front": [
            0.1306152492761612,
            -0.062328457832336426,
            1.5199999809265137
          ],
          "normal": [
            0.6541019678115845,
            -0.715239405632019,
            -0.24613650143146515
          ]
        },
        {
          "x_offset": 0.07,
          "front": [
            0.1656152456998825,
            -0.01609945297241211,
            1.5199999809265137
          ],
          "normal": [
            0.8481985926628113,
            -0.4140307307243347,
            -0.33035993576049805
          ]
        }
      ]
    },
    {
      "z": 1.62,
      "median_main_x": 0.08044341951608658,
      "main_count": 152,
      "main_xrange": [
        -0.0038765191566199064,
        0.19998495280742645
      ],
      "front_samples": [
        {
          "x_offset": -0.07,
          "front": [
            0.010443419218063354,
            0.0075953006744384766,
            1.6200000047683716
          ],
          "normal": [
            -0.9266262650489807,
            -0.09652654081583023,
            0.3633819818496704
          ]
        },
        {
          "x_offset": -0.035,
          "front": [
            0.045443419367074966,
            -0.05816841125488281,
            1.6200000047683716
          ],
          "normal": [
            -0.5692915916442871,
            -0.7717769145965576,
            0.2833153009414673
          ]
        },
        {
          "x_offset": 0,
          "front": [
            0.08044341951608658,
            -0.07450318336486816,
            1.6200000047683716
          ],
          "normal": [
            -0.23788294196128845,
            -0.9570627808570862,
            0.1656579226255417
          ]
        },
        {
          "x_offset": 0.035,
          "front": [
            0.11544341593980789,
            -0.07334411144256592,
            1.6200000047683716
          ],
          "normal": [
            0.27252376079559326,
            -0.9554611444473267,
            0.11324763298034668
          ]
        },
        {
          "x_offset": 0.07,
          "front": [
            0.1504434198141098,
            -0.05290830135345459,
            1.6200000047683716
          ],
          "normal": [
            0.7198057174682617,
            -0.6940515637397766,
            -0.013123705051839352
          ]
        }
      ]
    },
    {
      "z": 1.68,
      "median_main_x": 0.07690729945898056,
      "main_count": 167,
      "main_xrange": [
        0.016518115997314453,
        0.22353334724903107
      ],
      "front_samples": [
        {
          "x_offset": -0.07,
          "front": null,
          "normal": null
        },
        {
          "x_offset": -0.035,
          "front": [
            0.04190729930996895,
            -0.010218024253845215,
            1.6799999475479126
          ],
          "normal": [
            -0.8833068013191223,
            -0.21347486972808838,
            0.4173697531223297
          ]
        },
        {
          "x_offset": 0,
          "front": [
            0.07690729945898056,
            -0.05350542068481445,
            1.6799999475479126
          ],
          "normal": [
            -0.5271630883216858,
            -0.7280561923980713,
            0.4382159411907196
          ]
        },
        {
          "x_offset": 0.035,
          "front": [
            0.11190729588270187,
            -0.06373584270477295,
            1.6799999475479126
          ],
          "normal": [
            0.09590211510658264,
            -0.9700495004653931,
            0.22317473590373993
          ]
        },
        {
          "x_offset": 0.07,
          "front": [
            0.14690729975700378,
            -0.05482769012451172,
            1.6799999475479126
          ],
          "normal": [
            0.42245376110076904,
            -0.9048382043838501,
            0.052922505885362625
          ]
        }
      ]
    }
  ]
}
Blender 5.2.1 LTS (hash 9e2066aef7ef built 2026-08-25 01:35:57)

Blender quit
