{"mode":"frame","view":"pc","variant":"r31","cohort":0,"cpuSamples":61,"gpuSamples":61}
{"mode":"frame","view":"pc","variant":"candidate","cohort":1,"cpuSamples":61,"gpuSamples":61}
{"mode":"frame","view":"pc","variant":"candidate","cohort":2,"cpuSamples":61,"gpuSamples":61}
{"mode":"frame","view":"pc","variant":"r31","cohort":3,"cpuSamples":61,"gpuSamples":61}
{"mode":"frame","view":"pc","variant":"candidate","cohort":4,"cpuSamples":61,"gpuSamples":61}
{"mode":"frame","view":"pc","variant":"r31","cohort":5,"cpuSamples":61,"gpuSamples":61}
{"mode":"frame","view":"pc","variant":"r31","cohort":6,"cpuSamples":61,"gpuSamples":61}
{"mode":"frame","view":"pc","variant":"candidate","cohort":7,"cpuSamples":61,"gpuSamples":61}
{"mode":"frame","view":"mobile-390","variant":"r31","cohort":0,"cpuSamples":61,"gpuSamples":61}
{"mode":"frame","view":"mobile-390","variant":"candidate","cohort":1,"cpuSamples":61,"gpuSamples":61}
{"mode":"frame","view":"mobile-390","variant":"candidate","cohort":2,"cpuSamples":61,"gpuSamples":61}
{"mode":"frame","view":"mobile-390","variant":"r31","cohort":3,"cpuSamples":61,"gpuSamples":61}
{"mode":"frame","view":"mobile-390","variant":"candidate","cohort":4,"cpuSamples":61,"gpuSamples":61}
{"mode":"frame","view":"mobile-390","variant":"r31","cohort":5,"cpuSamples":61,"gpuSamples":61}
{"mode":"frame","view":"mobile-390","variant":"r31","cohort":6,"cpuSamples":61,"gpuSamples":61}
{"mode":"frame","view":"mobile-390","variant":"candidate","cohort":7,"cpuSamples":61,"gpuSamples":61}
{"mode":"frame","view":"mobile-320","variant":"r31","cohort":0,"cpuSamples":61,"gpuSamples":61}
{"mode":"frame","view":"mobile-320","variant":"candidate","cohort":1,"cpuSamples":61,"gpuSamples":61}
{"mode":"frame","view":"mobile-320","variant":"candidate","cohort":2,"cpuSamples":61,"gpuSamples":61}
{"mode":"frame","view":"mobile-320","variant":"r31","cohort":3,"cpuSamples":61,"gpuSamples":61}
{"mode":"frame","view":"mobile-320","variant":"candidate","cohort":4,"cpuSamples":61,"gpuSamples":61}
{"mode":"frame","view":"mobile-320","variant":"r31","cohort":5,"cpuSamples":61,"gpuSamples":61}
{"mode":"frame","view":"mobile-320","variant":"r31","cohort":6,"cpuSamples":61,"gpuSamples":61}
{"mode":"frame","view":"mobile-320","variant":"candidate","cohort":7,"cpuSamples":61,"gpuSamples":61}
QUALIFIED_DONE frame
