
DevTools listening on ws://127.0.0.1:50531/devtools/browser/4a248812-8409-4845-947f-bf4cf63b44b2
Trying to load the allocator multiple times. This is *not* supported.
[77049:15447502:1004/091535.156934:ERROR:ui/display/mac/cv_display_link_mac.mm:188] CVDisplayLinkCreateWithCGDisplay failed. CVReturn: -6670
[77049:15447618:1004/091535.171721:ERROR:ui/display/mac/cv_display_link_mac.mm:188] CVDisplayLinkCreateWithCGDisplay failed. CVReturn: -6670
[77049:15447502:1004/091535.172059:ERROR:ui/display/mac/cv_display_link_mac.mm:188] CVDisplayLinkCreateWithCGDisplay failed. CVReturn: -6670
[77049:15447618:1004/091535.173100:ERROR:ui/display/mac/cv_display_link_mac.mm:188] CVDisplayLinkCreateWithCGDisplay failed. CVReturn: -6670
[77049:15447502:1004/091535.173241:ERROR:ui/display/mac/cv_display_link_mac.mm:188] CVDisplayLinkCreateWithCGDisplay failed. CVReturn: -6670
[77049:15447618:1004/091535.173285:ERROR:ui/display/mac/cv_display_link_mac.mm:188] CVDisplayLinkCreateWithCGDisplay failed. CVReturn: -6670
[77049:15447502:1004/091535.173404:ERROR:ui/display/mac/cv_display_link_mac.mm:188] CVDisplayLinkCreateWithCGDisplay failed. CVReturn: -6670
[77049:15447618:1004/091535.173457:ERROR:ui/display/mac/cv_display_link_mac.mm:188] CVDisplayLinkCreateWithCGDisplay failed. CVReturn: -6670
[77049:15447502:1004/091535.173577:ERROR:ui/display/mac/cv_display_link_mac.mm:188] CVDisplayLinkCreateWithCGDisplay failed. CVReturn: -6670
[77049:15447618:1004/091535.173630:ERROR:ui/display/mac/cv_display_link_mac.mm:188] CVDisplayLinkCreateWithCGDisplay failed. CVReturn: -6670
[77049:15447502:1004/091535.173795:ERROR:ui/display/mac/cv_display_link_mac.mm:188] CVDisplayLinkCreateWithCGDisplay failed. CVReturn: -6670
[77049:15447618:1004/091535.173869:ERROR:ui/display/mac/cv_display_link_mac.mm:188] CVDisplayLinkCreateWithCGDisplay failed. CVReturn: -6670
[77049:15447502:1004/091537.951789:ERROR:ui/display/mac/cv_display_link_mac.mm:188] CVDisplayLinkCreateWithCGDisplay failed. CVReturn: -6670
[77049:15447618:1004/091537.951897:ERROR:ui/display/mac/cv_display_link_mac.mm:188] CVDisplayLinkCreateWithCGDisplay failed. CVReturn: -6670
[77049:15447502:1004/091538.057911:ERROR:ui/display/mac/cv_display_link_mac.mm:188] CVDisplayLinkCreateWithCGDisplay failed. CVReturn: -6670
[77049:15447618:1004/091538.057982:ERROR:ui/display/mac/cv_display_link_mac.mm:188] CVDisplayLinkCreateWithCGDisplay failed. CVReturn: -6670
[77049:15447502:1004/091538.111699:ERROR:ui/display/mac/cv_display_link_mac.mm:188] CVDisplayLinkCreateWithCGDisplay failed. CVReturn: -6670
[77049:15447618:1004/091538.111768:ERROR:ui/display/mac/cv_display_link_mac.mm:188] CVDisplayLinkCreateWithCGDisplay failed. CVReturn: -6670
[77015:15447482:1004/091538.153856:ERROR:google_apis/gcm/engine/registration_request.cc:291] Registration response error message: DEPRECATED_ENDPOINT
[77049:15447502:1004/091538.198299:ERROR:ui/display/mac/cv_display_link_mac.mm:188] CVDisplayLinkCreateWithCGDisplay failed. CVReturn: -6670
[77049:15447618:1004/091538.198382:ERROR:ui/display/mac/cv_display_link_mac.mm:188] CVDisplayLinkCreateWithCGDisplay failed. CVReturn: -6670
[77049:15447502:1004/091538.239542:ERROR:ui/display/mac/cv_display_link_mac.mm:188] CVDisplayLinkCreateWithCGDisplay failed. CVReturn: -6670
[77049:15447618:1004/091538.239623:ERROR:ui/display/mac/cv_display_link_mac.mm:188] CVDisplayLinkCreateWithCGDisplay failed. CVReturn: -6670
[77049:15447502:1004/091538.318238:ERROR:ui/display/mac/cv_display_link_mac.mm:188] CVDisplayLinkCreateWithCGDisplay failed. CVReturn: -6670
[77049:15447618:1004/091538.318320:ERROR:ui/display/mac/cv_display_link_mac.mm:188] CVDisplayLinkCreateWithCGDisplay failed. CVReturn: -6670
[77049:15447502:1004/091538.357788:ERROR:ui/display/mac/cv_display_link_mac.mm:188] CVDisplayLinkCreateWithCGDisplay failed. CVReturn: -6670
[77049:15447618:1004/091538.357851:ERROR:ui/display/mac/cv_display_link_mac.mm:188] CVDisplayLinkCreateWithCGDisplay failed. CVReturn: -6670
[77049:15447502:1004/091539.398574:ERROR:ui/display/mac/cv_display_link_mac.mm:188] CVDisplayLinkCreateWithCGDisplay failed. CVReturn: -6670
[77049:15447618:1004/091539.398638:ERROR:ui/display/mac/cv_display_link_mac.mm:188] CVDisplayLinkCreateWithCGDisplay failed. CVReturn: -6670
Created TensorFlow Lite XNNPACK delegate for CPU.
