00:00.109  translation      | WARNING Falling back to standard locale ("C")
/Users/kazuki.tanaka/dev0/exfract-bonsai-02/improvement/2026-10-04/runs/anatomy-2150/sculpt/cage.py:74: DeprecationWarning: 'Material.use_nodes' is expected to be removed in Blender 6.0
  mat=bpy.data.materials.new('Neutral inspection wood');mat.use_nodes=True;bs=mat.node_tree.nodes.get('Principled BSDF');bs.inputs['Base Color'].default_value=(.43,.43,.41,1);bs.inputs['Roughness'].default_value=1;mesh.materials.append(mat)
INFO Draco is available, use library at /Applications/Blender.app/Contents/Resources/5.2/scripts/addons_core/io_scene_gltf2/libbf_intern_draco_bridge.dylib
INFO MeshOptimizer is available, use library at /Applications/Blender.app/Contents/Resources/5.2/scripts/addons_core/io_scene_gltf2/libbf_intern_meshopt_bridge.dylib
22:00:05 | INFO: Starting glTF 2.0 export
22:00:05 | INFO: Extracting primitive: Continuous anatomical control cage
22:00:05 | INFO: Primitives created: 1
22:00:05 | INFO: Extracting primitive: Continuous planted soil
22:00:05 | WARNING: The active Vertex Color will not be exported, as it is not used in the node tree of the material
22:00:05 | INFO: Primitives created: 1
22:00:05 | INFO: Extracting primitive: Cube.001
22:00:05 | INFO: Primitives created: 1
22:00:05 | INFO: Extracting primitive: Cube.002
22:00:05 | INFO: Primitives created: 1
22:00:05 | INFO: Extracting primitive: Cube.003
22:00:05 | INFO: Primitives created: 1
22:00:05 | INFO: Extracting primitive: Cube.004
22:00:05 | INFO: Primitives created: 1
22:00:05 | INFO: Extracting primitive: Low split natural bedding stone
22:00:05 | INFO: Primitives created: 1
22:00:05 | INFO: Extracting primitive: Shallow unglazed pot
22:00:05 | INFO: Primitives created: 1
22:00:05 | INFO: Finished glTF 2.0 export in 0.028825998306274414 s

{"version": "cage-v01", "control": {"vertices": 277, "faces": 259, "boundary_edges": 0, "nonmanifold_edges": 0, "components": [277], "signed_volume": 0.18728748416734825}, "evaluated": {"vertices": 4274, "faces": 4272, "boundary_edges": 0, "nonmanifold_edges": 0, "components": [4274], "signed_volume": 0.17386844201928842}, "cross_sections": [{"z_above_soil": -0.09, "frontal_width": 0.7375594499242878, "front_back_depth": 0.6017086363428755, "depth_to_width": 0.815810354547884}, {"z_above_soil": 0.016, "frontal_width": 0.649164280178818, "front_back_depth": 0.5405523040261259, "depth_to_width": 0.8326895371957711}, {"z_above_soil": 0.125, "frontal_width": 0.5248956008143433, "front_back_depth": 0.4258600610895978, "depth_to_width": 0.8113233573093431}, {"z_above_soil": 0.265, "frontal_width": 0.46057464257083425, "front_back_depth": 0.3734783304699325, "depth_to_width": 0.8108964236182266}, {"z_above_soil": 0.405, "frontal_width": 0.4436852328631435, "front_back_depth": 0.35573447745937936, "depth_to_width": 0.8017721824181313}, {"z_above_soil": 0.55, "frontal_width": 0.42995721794261876, "front_back_depth": 0.3618769946861864, "depth_to_width": 0.8416581454727009}, {"z_above_soil": 0.685, "frontal_width": 0.40333044369064514, "front_back_depth": 0.353965616540309, "depth_to_width": 0.8776069896965204}, {"z_above_soil": 0.82, "frontal_width": 0.35617205155538667, "front_back_depth": 0.3262477948951203, "depth_to_width": 0.9159837035792434}, {"z_above_soil": 0.955, "frontal_width": 0.3287153672326133, "front_back_depth": 0.30023837997037284, "depth_to_width": 0.9133688591988189}, {"z_above_soil": 1.09, "frontal_width": 0.29815171987283773, "front_back_depth": 0.27274357832054075, "depth_to_width": 0.9147811672421893}, {"z_above_soil": 1.21, "frontal_width": 0.2483250987964578, "front_back_depth": 0.2249301776823467, "depth_to_width": 0.9057891400124358}, {"z_above_soil": 1.31, "frontal_width": 0.2166923487909062, "front_back_depth": 0.19498010094658103, "depth_to_width": 0.8998015021505164}, {"z_above_soil": 1.352, "frontal_width": 0.1580332687152384, "front_back_depth": 0.14267882058154135, "depth_to_width": 0.9028404065895494}], "glb_bytes": 657336}
Blender 5.2.1 LTS (hash 9e2066aef7ef built 2026-08-25 01:35:57)

Blender quit
