00:00.108  translation      | WARNING Falling back to standard locale ("C")
/Users/kazuki.tanaka/dev0/exfract-bonsai-02/improvement/2026-10-04/runs/anatomy-2150/sculpt/cage.py:79: DeprecationWarning: 'Material.use_nodes' is expected to be removed in Blender 6.0
  mat=bpy.data.materials.new('Neutral inspection wood');mat.use_nodes=True;bs=mat.node_tree.nodes.get('Principled BSDF');bs.inputs['Base Color'].default_value=(.43,.43,.41,1);bs.inputs['Roughness'].default_value=1;mesh.materials.append(mat)
INFO Draco is available, use library at /Applications/Blender.app/Contents/Resources/5.2/scripts/addons_core/io_scene_gltf2/libbf_intern_draco_bridge.dylib
INFO MeshOptimizer is available, use library at /Applications/Blender.app/Contents/Resources/5.2/scripts/addons_core/io_scene_gltf2/libbf_intern_meshopt_bridge.dylib
22:15:18 | INFO: Starting glTF 2.0 export
22:15:18 | INFO: Extracting primitive: Continuous anatomical control cage
22:15:18 | INFO: Primitives created: 1
22:15:18 | INFO: Extracting primitive: Continuous planted soil
22:15:18 | WARNING: The active Vertex Color will not be exported, as it is not used in the node tree of the material
22:15:18 | INFO: Primitives created: 1
22:15:18 | INFO: Extracting primitive: Cube.001
22:15:18 | INFO: Primitives created: 1
22:15:18 | INFO: Extracting primitive: Cube.002
22:15:18 | INFO: Primitives created: 1
22:15:18 | INFO: Extracting primitive: Cube.003
22:15:18 | INFO: Primitives created: 1
22:15:18 | INFO: Extracting primitive: Cube.004
22:15:18 | INFO: Primitives created: 1
22:15:18 | INFO: Extracting primitive: Low split natural bedding stone
22:15:18 | INFO: Primitives created: 1
22:15:18 | INFO: Extracting primitive: Shallow unglazed pot
22:15:18 | INFO: Primitives created: 1
22:15:18 | INFO: Finished glTF 2.0 export in 0.028640270233154297 s

{"version": "cage-v04", "control": {"vertices": 288, "faces": 271, "boundary_edges": 0, "nonmanifold_edges": 0, "components": [288], "signed_volume": 0.2132929433515469}, "evaluated": {"vertices": 4458, "faces": 4456, "boundary_edges": 0, "nonmanifold_edges": 0, "components": [4458], "signed_volume": 0.19449165027395107}, "cross_sections": [{"z_above_soil": -0.09, "frontal_width": 1.058875, "front_back_depth": 0.8062499999999999, "depth_to_width": 0.7614213197969543}, {"z_above_soil": 0.016, "frontal_width": 0.985, "front_back_depth": 0.75, "depth_to_width": 0.7614213197969544}, {"z_above_soil": 0.125, "frontal_width": 0.6858316427443218, "front_back_depth": 0.5545263689536015, "depth_to_width": 0.8085459089269945}, {"z_above_soil": 0.265, "frontal_width": 0.49842481127531807, "front_back_depth": 0.39098626465267095, "depth_to_width": 0.7844438234369906}, {"z_above_soil": 0.405, "frontal_width": 0.4383443897810414, "front_back_depth": 0.3766972473190652, "depth_to_width": 0.8593636786528288}, {"z_above_soil": 0.55, "frontal_width": 0.5018590246074921, "front_back_depth": 0.35991592490021257, "depth_to_width": 0.7171653935718415}, {"z_above_soil": 0.615, "frontal_width": 0.4657019935928962, "front_back_depth": 0.3725400539332896, "depth_to_width": 0.7999537452247923}, {"z_above_soil": 0.685, "frontal_width": 0.4246223947651203, "front_back_depth": 0.3493795851424375, "depth_to_width": 0.822800656417796}, {"z_above_soil": 0.765, "frontal_width": 0.379376432490813, "front_back_depth": 0.3370307517809664, "depth_to_width": 0.8883808347507933}, {"z_above_soil": 0.82, "frontal_width": 0.36040589748769025, "front_back_depth": 0.3325466152729221, "depth_to_width": 0.9227002598765197}, {"z_above_soil": 0.955, "frontal_width": 0.31393983535643266, "front_back_depth": 0.3187378056180742, "depth_to_width": 1.0152830884178623}, {"z_above_soil": 1.09, "frontal_width": 0.29181295229349274, "front_back_depth": 0.2856737873272608, "depth_to_width": 0.9789619860325547}, {"z_above_soil": 1.21, "frontal_width": 0.2442012052499417, "front_back_depth": 0.23255193252345946, "depth_to_width": 0.9522964159224393}, {"z_above_soil": 1.31, "frontal_width": 0.2130417704603362, "front_back_depth": 0.20071058235054953, "depth_to_width": 0.942118448963592}, {"z_above_soil": 1.352, "frontal_width": 0.15553841219432957, "front_back_depth": 0.14743850175717282, "depth_to_width": 0.9479234079679512}], "glb_bytes": 663964}
Blender 5.2.1 LTS (hash 9e2066aef7ef built 2026-08-25 01:35:57)

Blender quit
