00:00.107  translation      | WARNING Falling back to standard locale ("C")
/Users/kazuki.tanaka/dev0/exfract-bonsai-02/improvement/2026-10-04/runs/anatomy-2150/sculpt/cage.py:77: DeprecationWarning: 'Material.use_nodes' is expected to be removed in Blender 6.0
  mat=bpy.data.materials.new('Neutral inspection wood');mat.use_nodes=True;bs=mat.node_tree.nodes.get('Principled BSDF');bs.inputs['Base Color'].default_value=(.43,.43,.41,1);bs.inputs['Roughness'].default_value=1;mesh.materials.append(mat)
INFO Draco is available, use library at /Applications/Blender.app/Contents/Resources/5.2/scripts/addons_core/io_scene_gltf2/libbf_intern_draco_bridge.dylib
INFO MeshOptimizer is available, use library at /Applications/Blender.app/Contents/Resources/5.2/scripts/addons_core/io_scene_gltf2/libbf_intern_meshopt_bridge.dylib
22:05:27 | INFO: Starting glTF 2.0 export
22:05:27 | INFO: Extracting primitive: Continuous anatomical control cage
22:05:27 | INFO: Primitives created: 1
22:05:27 | INFO: Extracting primitive: Continuous planted soil
22:05:27 | WARNING: The active Vertex Color will not be exported, as it is not used in the node tree of the material
22:05:27 | INFO: Primitives created: 1
22:05:27 | INFO: Extracting primitive: Cube.001
22:05:27 | INFO: Primitives created: 1
22:05:27 | INFO: Extracting primitive: Cube.002
22:05:27 | INFO: Primitives created: 1
22:05:27 | INFO: Extracting primitive: Cube.003
22:05:27 | INFO: Primitives created: 1
22:05:27 | INFO: Extracting primitive: Cube.004
22:05:27 | INFO: Primitives created: 1
22:05:27 | INFO: Extracting primitive: Low split natural bedding stone
22:05:27 | INFO: Primitives created: 1
22:05:27 | INFO: Extracting primitive: Shallow unglazed pot
22:05:27 | INFO: Primitives created: 1
22:05:27 | INFO: Finished glTF 2.0 export in 0.02850818634033203 s

{"version": "cage-v02", "control": {"vertices": 288, "faces": 271, "boundary_edges": 0, "nonmanifold_edges": 0, "components": [288], "signed_volume": 0.20861990721044288}, "evaluated": {"vertices": 4458, "faces": 4456, "boundary_edges": 0, "nonmanifold_edges": 0, "components": [4458], "signed_volume": 0.1918178099778826}, "cross_sections": [{"z_above_soil": -0.09, "frontal_width": 0.8767670152159117, "front_back_depth": 0.6633127803377492, "depth_to_width": 0.7565439493345932}, {"z_above_soil": 0.016, "frontal_width": 0.7811177354955815, "front_back_depth": 0.5821038539837892, "depth_to_width": 0.7452190976235771}, {"z_above_soil": 0.125, "frontal_width": 0.6097595810336092, "front_back_depth": 0.43728507575803244, "depth_to_width": 0.7171434272779879}, {"z_above_soil": 0.265, "frontal_width": 0.5520479593674847, "front_back_depth": 0.42592356999337294, "depth_to_width": 0.7715336371886597}, {"z_above_soil": 0.405, "frontal_width": 0.44040198547378273, "front_back_depth": 0.3798837084012139, "depth_to_width": 0.8625840049120952}, {"z_above_soil": 0.55, "frontal_width": 0.5018590246074921, "front_back_depth": 0.35991592490021257, "depth_to_width": 0.7171653935718415}, {"z_above_soil": 0.615, "frontal_width": 0.4657019935928962, "front_back_depth": 0.3725400539332896, "depth_to_width": 0.7999537452247923}, {"z_above_soil": 0.685, "frontal_width": 0.4246223947651203, "front_back_depth": 0.3493795851424375, "depth_to_width": 0.822800656417796}, {"z_above_soil": 0.765, "frontal_width": 0.379376432490813, "front_back_depth": 0.3370307517809664, "depth_to_width": 0.8883808347507933}, {"z_above_soil": 0.82, "frontal_width": 0.36040589748769025, "front_back_depth": 0.3325466152729221, "depth_to_width": 0.9227002598765197}, {"z_above_soil": 0.955, "frontal_width": 0.31393983535643266, "front_back_depth": 0.3187378056180742, "depth_to_width": 1.0152830884178623}, {"z_above_soil": 1.09, "frontal_width": 0.29181295229349274, "front_back_depth": 0.2856737873272608, "depth_to_width": 0.9789619860325547}, {"z_above_soil": 1.21, "frontal_width": 0.2442012052499417, "front_back_depth": 0.23255193252345946, "depth_to_width": 0.9522964159224393}, {"z_above_soil": 1.31, "frontal_width": 0.2130417704603362, "front_back_depth": 0.20071058235054953, "depth_to_width": 0.942118448963592}, {"z_above_soil": 1.352, "frontal_width": 0.15553841219432957, "front_back_depth": 0.14743850175717282, "depth_to_width": 0.9479234079679512}], "glb_bytes": 663964}
Blender 5.2.1 LTS (hash 9e2066aef7ef built 2026-08-25 01:35:57)

Blender quit
