1:59:18 PM [vite] (client) Re-optimizing dependencies because vite config has changed

  VITE v8.2.2  ready in 157 ms

  ➜  Local:   http://127.0.0.1:5209/
2:15:16 PM [vite] harness/vite.config.mjs changed, restarting server...
2:15:16 PM [vite] server restarted.
2:25:31 PM [vite] harness/vite.config.mjs changed, restarting server...
2:25:31 PM [vite] server restarted.
2:32:31 PM [vite] (client) page reload /Users/kazuki.tanaka/dev0/exfract-bonsai-02/improvement/2026-10-04/runs/carved-mass-1340/background/garden-geometry.js
2:32:31 PM [vite] (client) page reload /Users/kazuki.tanaka/dev0/exfract-bonsai-02/improvement/2026-10-04/runs/carved-mass-1340/background/scene.js
2:38:26 PM [vite] harness/vite.config.mjs changed, restarting server...
2:38:26 PM [vite] (client) page reload /Users/kazuki.tanaka/dev0/exfract-bonsai-02/improvement/2026-10-04/runs/carved-mass-1340/background/garden-geometry.js
2:38:26 PM [vite] (client) page reload /Users/kazuki.tanaka/dev0/exfract-bonsai-02/improvement/2026-10-04/runs/carved-mass-1340/background/scene.js
2:38:26 PM [vite] (client) page reload background-scene.js
2:38:26 PM [vite] server restarted.
2:38:28 PM [vite] (client) [Unhandled error] SyntaxError: Unexpected token '['

2:39:08 PM [vite] (client) page reload background-scene.js
2:53:24 PM [vite] harness/vite.config.mjs changed, restarting server...
2:53:24 PM [vite] (client) page reload /Users/kazuki.tanaka/dev0/exfract-bonsai-02/improvement/2026-10-04/runs/carved-mass-1340/background/scene.js
2:53:24 PM [vite] server restarted.
3:02:29 PM [vite] (client) page reload /Users/kazuki.tanaka/dev0/exfract-bonsai-02/improvement/2026-10-04/runs/carved-mass-1340/background/garden-geometry.js
3:02:29 PM [vite] (client) page reload /Users/kazuki.tanaka/dev0/exfract-bonsai-02/improvement/2026-10-04/runs/carved-mass-1340/background/scene.js
3:02:29 PM [vite] harness/vite.config.mjs changed, restarting server...
3:02:29 PM [vite] server restarted.
3:05:31 PM [vite] (client) page reload /Users/kazuki.tanaka/dev0/exfract-bonsai-02/improvement/2026-10-04/runs/carved-mass-1340/background/garden-rocks.js
3:05:31 PM [vite] (client) page reload /Users/kazuki.tanaka/dev0/exfract-bonsai-02/improvement/2026-10-04/runs/carved-mass-1340/background/scene.js
3:05:31 PM [vite] (client) page reload /Users/kazuki.tanaka/dev0/exfract-bonsai-02/improvement/2026-10-04/runs/carved-mass-1340/background/garden-materials.js
