00:00.207  translation      | WARNING Falling back to standard locale ("C")
BlenderMCP: cannot start server in background mode (blender -b) - commands would never execute
BlenderMCP: run Blender with a GUI, or use a virtual display: xvfb-run -a blender
BlenderMCP addon registered
BlenderMCP server stopped
BlenderMCP addon unregistered
{"vertices": 13002, "faces": 26000, "triangles": 26000, "volume": 0.17697271306399107, "boundary_edges": 0, "nonmanifold_edges": 0, "nonadjacent_intersections": 0, "components": [13002], "minimum_area": 1.930888629431138e-06, "euler": 2, "pre_carve_triangles": 76624, "bounds": {"min": [-0.8613476753234863, -0.20443224906921387, 0.23997020721435547], "max": [0.9646890163421631, 0.45576146245002747, 1.9616024494171143]}, "aesthetic_pass": false}
Info: Saved as "carved-v01-editable.blend"
INFO Draco is available, use library at /Applications/Blender.app/Contents/Resources/5.2/scripts/addons_core/io_scene_gltf2/libbf_intern_draco_bridge.dylib
INFO MeshOptimizer is available, use library at /Applications/Blender.app/Contents/Resources/5.2/scripts/addons_core/io_scene_gltf2/libbf_intern_meshopt_bridge.dylib
13:52:57 | INFO: Starting glTF 2.0 export
13:52:57 | INFO: Extracting primitive: Sphere
13:52:57 | INFO: Primitives created: 1
13:52:57 | INFO: Draco encoder: Encoding mesh Continuous aged trunk and primary branches.
13:52:57 | INFO: Finished glTF 2.0 export in 0.07312321662902832 s

{"native_bytes": 1274187, "glb_bytes": 171920}
Blender 5.2.1 LTS (hash 9e2066aef7ef built 2026-08-25 01:35:57)
DracoEncoder | Preserve triangle order: no
DracoEncoder | Encoded 13002 vertices, 78000 indices, raw size: 884112, encoded size: 169929, compression ratio: 5.20

Blender quit
