00:00.119  translation      | WARNING Falling back to standard locale ("C")
00:00.769  blend            | Read blend: "/Users/kazuki.tanaka/dev0/exfract-bonsai-02/improvement/2026-10-04/runs/local-edges-0056/models/edge-v02-editable.blend"
BlenderMCP: cannot start server in background mode (blender -b) - commands would never execute
BlenderMCP: run Blender with a GUI, or use a virtual display: xvfb-run -a blender
BlenderMCP addon registered
INFO Draco is available, use library at /Applications/Blender.app/Contents/Resources/5.2/scripts/addons_core/io_scene_gltf2/libbf_intern_draco_bridge.dylib
INFO MeshOptimizer is available, use library at /Applications/Blender.app/Contents/Resources/5.2/scripts/addons_core/io_scene_gltf2/libbf_intern_meshopt_bridge.dylib
08:22:33 | INFO: Starting glTF 2.0 export
08:22:33 | INFO: Extracting primitive: Local shoulder and broad front editable control net
08:22:33 | INFO: Primitives created: 1
08:22:33 | INFO: Draco encoder: Encoding mesh Continuous aged trunk and primary branches.
08:22:33 | INFO: Finished glTF 2.0 export in 0.14876580238342285 s
Traceback (most recent call last):
  File "/Users/kazuki.tanaka/dev0/exfract-bonsai-02/improvement/2026-10-04/runs/ancient-volume-0810/sculpt/rebuild_volume.py", line 81, in <module>
    assert out.with_suffix('.glb').stat().st_size<=150000
           ^^^^^^^^^^^^^^^^^^^^^^^^^^^^^^^^^^^^^^^^^^^^^^
AssertionError


Error: script failed, file: 'sculpt/rebuild_volume.py', exiting.
BlenderMCP server stopped
BlenderMCP addon unregistered
Blender 5.2.1 LTS (hash 9e2066aef7ef built 2026-08-25 01:35:57)
DracoEncoder | Preserve triangle order: no
DracoEncoder | Encoded 12521 vertices, 55620 indices, raw size: 784360, encoded size: 151991, compression ratio: 5.16

Blender quit
