00:00.176  translation      | WARNING Falling back to standard locale ("C")
Traceback (most recent call last):
  File "/Users/kazuki.tanaka/dev0/exfract-bonsai-02/improvement/2026-10-04/runs/ancient-volume-0810/sculpt/rebuild_volume.py", line 7, in <module>
    R=Path(__file__).resolve().parents[1];D=R.parent;start=json.loads((R/'start.json').read_text());basis=Path(start['protected_basis_native']);assert hashlib.sha256(basis.read_bytes()).hexdigest()==start['protected_basis_native_sha256'];record=D/'local-edges-0056/models/edge-v02.json';source=json.loads(record.read_text());guide=json.loads((D/'integrated-form-2245/models/form-v08.json').read_text());cfg=json.loads(args.controls.read_text());out=R/'models'/args.version;assert not out.with_suffix('.glb').exists() and not out.with_suffix('.json').exists();soil=.393
                                                                                                                                                                                                                                                                                                                                                                                                                       ~~~~~~~~~~^^^^^^^^^^^^^^^^^^^^^^^^^^^
  File "/Applications/Blender.app/Contents/Resources/5.2/python/lib/python3.13/json/__init__.py", line 352, in loads
    return _default_decoder.decode(s)
           ~~~~~~~~~~~~~~~~~~~~~~~^^^
  File "/Applications/Blender.app/Contents/Resources/5.2/python/lib/python3.13/json/decoder.py", line 345, in decode
    obj, end = self.raw_decode(s, idx=_w(s, 0).end())
               ~~~~~~~~~~~~~~~^^^^^^^^^^^^^^^^^^^^^^^
  File "/Applications/Blender.app/Contents/Resources/5.2/python/lib/python3.13/json/decoder.py", line 363, in raw_decode
    raise JSONDecodeError("Expecting value", s, err.value) from None
json.decoder.JSONDecodeError: Expecting value: line 3 column 21 (char 166)
BlenderMCP: cannot start server in background mode (blender -b) - commands would never execute
BlenderMCP: run Blender with a GUI, or use a virtual display: xvfb-run -a blender
BlenderMCP addon registered

Error: script failed, file: '/Users/kazuki.tanaka/dev0/exfract-bonsai-02/improvement/2026-10-04/runs/ancient-volume-0810/sculpt/rebuild_volume.py', exiting.
BlenderMCP server stopped
BlenderMCP addon unregistered
Blender 5.2.1 LTS (hash 9e2066aef7ef built 2026-08-25 01:35:57)

Blender quit
