
DevTools listening on ws://127.0.0.1:49558/devtools/browser/ad597cbd-d333-45bd-83ee-465d68ac6107
Trying to load the allocator multiple times. This is *not* supported.
[10619:19164841:1005/190844.273863:ERROR:ui/display/mac/cv_display_link_mac.mm:188] CVDisplayLinkCreateWithCGDisplay failed. CVReturn: -6670
[10619:19164957:1005/190844.277970:ERROR:ui/display/mac/cv_display_link_mac.mm:188] CVDisplayLinkCreateWithCGDisplay failed. CVReturn: -6670
[10619:19164841:1005/190844.282385:ERROR:ui/display/mac/cv_display_link_mac.mm:188] CVDisplayLinkCreateWithCGDisplay failed. CVReturn: -6670
[10619:19164957:1005/190844.282457:ERROR:ui/display/mac/cv_display_link_mac.mm:188] CVDisplayLinkCreateWithCGDisplay failed. CVReturn: -6670
[10619:19164841:1005/190844.283052:ERROR:ui/display/mac/cv_display_link_mac.mm:188] CVDisplayLinkCreateWithCGDisplay failed. CVReturn: -6670
[10619:19164957:1005/190844.283120:ERROR:ui/display/mac/cv_display_link_mac.mm:188] CVDisplayLinkCreateWithCGDisplay failed. CVReturn: -6670
[10619:19164841:1005/190844.283294:ERROR:ui/display/mac/cv_display_link_mac.mm:188] CVDisplayLinkCreateWithCGDisplay failed. CVReturn: -6670
[10619:19164957:1005/190844.283335:ERROR:ui/display/mac/cv_display_link_mac.mm:188] CVDisplayLinkCreateWithCGDisplay failed. CVReturn: -6670
[10619:19164841:1005/190844.283483:ERROR:ui/display/mac/cv_display_link_mac.mm:188] CVDisplayLinkCreateWithCGDisplay failed. CVReturn: -6670
[10619:19164957:1005/190844.283551:ERROR:ui/display/mac/cv_display_link_mac.mm:188] CVDisplayLinkCreateWithCGDisplay failed. CVReturn: -6670
[10593:19164821:1005/190846.626670:ERROR:google_apis/gcm/engine/registration_request.cc:291] Registration response error message: DEPRECATED_ENDPOINT
[10820:19166153:1005/190904.091352:VERBOSE1:chrome/updater/event_history.cc:176] Failed to set permissions on /Library/Application Support/Google/GoogleUpdater/updater_history.jsonl: Operation not permitted (1)
[10820:19166153:1005/190904.097151:VERBOSE1:chrome/updater/updater.cc:364] Version: 156.0.8067.0, opt, ARM_64, command line: /Library/Application Support/Google/GoogleUpdater/156.0.8067.0/GoogleUpdater.app/Contents/MacOS/GoogleUpdater --wake-all --system --enable-logging --vmodule=*/components/update_client/*=2,*/chrome/enterprise_companion/*=2,*/chrome/updater/*=2
[10820:19166153:1005/190904.097305:VERBOSE1:chrome/updater/updater.cc:367] OS version: 15.1.1, arch: arm64, System uptime (seconds): 599574, parent pid: 10593
[10820:19166153:1005/190904.102524:VERBOSE1:chrome/updater/updater.cc:372] Available disk space in install directory (/Library/Application Support/Google/GoogleUpdater): 36110737408B (33.631GiB) / 494384795648B (460.432GiB)
[10820:19166153:1005/190904.102671:VERBOSE1:chrome/updater/updater.cc:376] Available disk space in temporary directory (/var/folders/65/yhdkwfkd2jlc6qldn23z45y80000gq/T/): 36110737408B (33.631GiB) / 494384795648B (460.432GiB)
[10820:19166153:1005/190904.102810:VERBOSE1:chrome/updater/event_history.cc:239] Failed to write history event: logging not initialized
[10822:19166158:1005/190904.117976:VERBOSE1:chrome/updater/event_history.cc:176] Failed to set permissions on /Library/Application Support/Google/GoogleUpdater/updater_history.jsonl: Operation not permitted (1)
[10822:19166158:1005/190904.137544:VERBOSE1:chrome/updater/updater.cc:364] Version: 156.0.8067.0, opt, ARM_64, command line: /Library/Application Support/Google/GoogleUpdater/156.0.8067.0/GoogleUpdater.app/Contents/MacOS/GoogleUpdater --crash-handler --system --database=/Library/Application Support/Google/GoogleUpdater/156.0.8067.0/Crashpad --url=https://clients2.google.com/cr/report --annotation=prod=Update4 --annotation=ver=156.0.8067.0 --handshake-fd=4 --enable-logging --vmodule=*/components/update_client/*=2,*/chrome/enterprise_companion/*=2,*/chrome/updater/*=2
[10822:19166158:1005/190904.137977:VERBOSE1:chrome/updater/updater.cc:367] OS version: 15.1.1, arch: arm64, System uptime (seconds): 599574, parent pid: 1
[10822:19166158:1005/190904.142988:VERBOSE1:chrome/updater/updater.cc:372] Available disk space in install directory (/Library/Application Support/Google/GoogleUpdater): 36110729216B (33.631GiB) / 494384795648B (460.432GiB)
[10822:19166158:1005/190904.143586:VERBOSE1:chrome/updater/updater.cc:376] Available disk space in temporary directory (/var/folders/65/yhdkwfkd2jlc6qldn23z45y80000gq/T/): 36110729216B (33.631GiB) / 494384795648B (460.432GiB)
[10822:19166158:1005/190904.145192:VERBOSE1:chrome/updater/event_history.cc:239] Failed to write history event: logging not initialized
[10822:19166158:1005/190904.145326:ERROR:third_party/crashpad/crashpad/client/crash_report_database_mac.mm:109] mkdir /Library/Application Support/Google/GoogleUpdater/156.0.8067.0/Crashpad/new: Permission denied (13)
[10822:19166158:1005/190904.145449:VERBOSE1:chrome/updater/event_history.cc:239] Failed to write history event: logging not initialized
[10822:19166158:1005/190904.145527:VERBOSE1:chrome/updater/updater.cc:409] UpdaterMain (--crash-handler) returned 1.
[10820:19166153:1005/190904.147639:ERROR:third_party/crashpad/crashpad/util/file/file_io.cc:103] ReadExactly: expected 8, observed 0
[10820:19166153:1005/190904.148642:VERBOSE1:chrome/updater/crash_reporter.cc:119] Failed to start handler.
[10820:19166153:1005/190904.148907:ERROR:third_party/crashpad/crashpad/client/crash_report_database_mac.mm:109] mkdir /Library/Application Support/Google/GoogleUpdater/156.0.8067.0/Crashpad/new: Permission denied (13)
[10820:19166153:1005/190904.149015:ERROR:chrome/updater/crash_client.cc:76] Failed to initialize Crashpad database.
[10820:19166153:1005/190904.149161:VERBOSE1:chrome/updater/updater.cc:99] Crash reporting is not available.
[10820:19166165:1005/190904.149742:VERBOSE1:chrome/updater/app/app_wakeall.cc:58] Launching `/Library/Application Support/Google/GoogleUpdater/150.0.7863.0/GoogleUpdater.app/Contents/MacOS/GoogleUpdater --wake --system`
[10820:19166165:1005/190904.150400:VERBOSE1:chrome/updater/app/app_wakeall.cc:64] `/Library/Application Support/Google/GoogleUpdater/150.0.7863.0/GoogleUpdater.app/Contents/MacOS/GoogleUpdater --wake --system` process invalid: Permission denied (13)
[10820:19166165:1005/190904.150652:VERBOSE1:chrome/updater/app/app_wakeall.cc:58] Launching `/Library/Application Support/Google/GoogleUpdater/156.0.8067.0/GoogleUpdater.app/Contents/MacOS/GoogleUpdater --wake --system`
[10825:19166170:1005/190904.167493:VERBOSE1:chrome/updater/event_history.cc:176] Failed to set permissions on /Library/Application Support/Google/GoogleUpdater/updater_history.jsonl: Operation not permitted (1)
[10825:19166170:1005/190904.171299:VERBOSE1:chrome/updater/updater.cc:364] Version: 156.0.8067.0, opt, ARM_64, command line: /Library/Application Support/Google/GoogleUpdater/156.0.8067.0/GoogleUpdater.app/Contents/MacOS/GoogleUpdater --wake --system --enable-logging --vmodule=*/components/update_client/*=2,*/chrome/enterprise_companion/*=2,*/chrome/updater/*=2
[10825:19166170:1005/190904.171483:VERBOSE1:chrome/updater/updater.cc:367] OS version: 15.1.1, arch: arm64, System uptime (seconds): 599574, parent pid: 10820
[10825:19166170:1005/190904.177563:VERBOSE1:chrome/updater/updater.cc:372] Available disk space in install directory (/Library/Application Support/Google/GoogleUpdater): 36110729216B (33.631GiB) / 494384795648B (460.432GiB)
[10825:19166170:1005/190904.177679:VERBOSE1:chrome/updater/updater.cc:376] Available disk space in temporary directory (/var/folders/65/yhdkwfkd2jlc6qldn23z45y80000gq/T/): 36110729216B (33.631GiB) / 494384795648B (460.432GiB)
[10825:19166170:1005/190904.177827:VERBOSE1:chrome/updater/event_history.cc:239] Failed to write history event: logging not initialized
[10827:19166175:1005/190904.197481:VERBOSE1:chrome/updater/event_history.cc:176] Failed to set permissions on /Library/Application Support/Google/GoogleUpdater/updater_history.jsonl: Operation not permitted (1)
[10827:19166175:1005/190904.202033:VERBOSE1:chrome/updater/updater.cc:364] Version: 156.0.8067.0, opt, ARM_64, command line: /Library/Application Support/Google/GoogleUpdater/156.0.8067.0/GoogleUpdater.app/Contents/MacOS/GoogleUpdater --crash-handler --system --database=/Library/Application Support/Google/GoogleUpdater/156.0.8067.0/Crashpad --url=https://clients2.google.com/cr/report --annotation=prod=Update4 --annotation=ver=156.0.8067.0 --handshake-fd=4 --enable-logging --vmodule=*/components/update_client/*=2,*/chrome/enterprise_companion/*=2,*/chrome/updater/*=2
[10827:19166175:1005/190904.202159:VERBOSE1:chrome/updater/updater.cc:367] OS version: 15.1.1, arch: arm64, System uptime (seconds): 599574, parent pid: 1
[10827:19166175:1005/190904.207386:VERBOSE1:chrome/updater/updater.cc:372] Available disk space in install directory (/Library/Application Support/Google/GoogleUpdater): 36110729216B (33.631GiB) / 494384795648B (460.432GiB)
[10827:19166175:1005/190904.207529:VERBOSE1:chrome/updater/updater.cc:376] Available disk space in temporary directory (/var/folders/65/yhdkwfkd2jlc6qldn23z45y80000gq/T/): 36110729216B (33.631GiB) / 494384795648B (460.432GiB)
[10827:19166175:1005/190904.207715:VERBOSE1:chrome/updater/event_history.cc:239] Failed to write history event: logging not initialized
[10827:19166175:1005/190904.207837:ERROR:third_party/crashpad/crashpad/client/crash_report_database_mac.mm:109] mkdir /Library/Application Support/Google/GoogleUpdater/156.0.8067.0/Crashpad/new: Permission denied (13)
[10827:19166175:1005/190904.207989:VERBOSE1:chrome/updater/event_history.cc:239] Failed to write history event: logging not initialized
[10827:19166175:1005/190904.208095:VERBOSE1:chrome/updater/updater.cc:409] UpdaterMain (--crash-handler) returned 1.
[10825:19166170:1005/190904.208597:ERROR:third_party/crashpad/crashpad/util/file/file_io.cc:103] ReadExactly: expected 8, observed 0
[10825:19166170:1005/190904.209241:VERBOSE1:chrome/updater/crash_reporter.cc:119] Failed to start handler.
[10825:19166170:1005/190904.209400:ERROR:third_party/crashpad/crashpad/client/crash_report_database_mac.mm:109] mkdir /Library/Application Support/Google/GoogleUpdater/156.0.8067.0/Crashpad/new: Permission denied (13)
[10825:19166170:1005/190904.209554:ERROR:chrome/updater/crash_client.cc:76] Failed to initialize Crashpad database.
[10825:19166170:1005/190904.209675:VERBOSE1:chrome/updater/updater.cc:99] Crash reporting is not available.
[10825:19166170:1005/190904.210118:VERBOSE1:chrome/updater/ipc/update_service_internal_proxy_mojo.cc:61] Run
[10593:19164821:1005/190907.123831:ERROR:google_apis/gcm/engine/registration_request.cc:291] Registration response error message: DEPRECATED_ENDPOINT
[10825:19166170:1005/190922.560917:VERBOSE1:chrome/updater/app/app.cc:52] Shutdown: 0
[10825:19166170:1005/190922.561830:VERBOSE1:chrome/updater/event_history.cc:239] Failed to write history event: logging not initialized
[10825:19166170:1005/190922.562153:VERBOSE1:chrome/updater/updater.cc:409] UpdaterMain (--wake) returned 0.
[10820:19166165:1005/190922.579096:VERBOSE1:chrome/updater/app/app_wakeall.cc:68] `/Library/Application Support/Google/GoogleUpdater/156.0.8067.0/GoogleUpdater.app/Contents/MacOS/GoogleUpdater --wake --system` exited 0
[10820:19166165:1005/190922.580268:VERBOSE1:chrome/updater/app/app_wakeall.cc:58] Launching `/Library/Application Support/Google/GoogleUpdater/149.0.7814.0/GoogleUpdater.app/Contents/MacOS/GoogleUpdater --wake --system`
[10820:19166165:1005/190922.581111:VERBOSE1:chrome/updater/app/app_wakeall.cc:64] `/Library/Application Support/Google/GoogleUpdater/149.0.7814.0/GoogleUpdater.app/Contents/MacOS/GoogleUpdater --wake --system` process invalid: Permission denied (13)
[10820:19166165:1005/190922.581291:VERBOSE1:chrome/updater/app/app_wakeall.cc:58] Launching `/Library/Application Support/Google/GoogleUpdater/148.0.7730.0/GoogleUpdater.app/Contents/MacOS/GoogleUpdater --wake --system`
[10820:19166165:1005/190922.581657:VERBOSE1:chrome/updater/app/app_wakeall.cc:64] `/Library/Application Support/Google/GoogleUpdater/148.0.7730.0/GoogleUpdater.app/Contents/MacOS/GoogleUpdater --wake --system` process invalid: Permission denied (13)
[10820:19166153:1005/190922.591130:VERBOSE1:chrome/updater/app/app.cc:52] Shutdown: 0
[10820:19166153:1005/190922.592983:VERBOSE1:chrome/updater/event_history.cc:239] Failed to write history event: logging not initialized
[10820:19166153:1005/190922.594162:VERBOSE1:chrome/updater/updater.cc:409] UpdaterMain (--wake-all) returned 0.
[10593:19164821:1005/190958.456697:ERROR:google_apis/gcm/engine/registration_request.cc:291] Registration response error message: DEPRECATED_ENDPOINT
[10593:19164821:1005/191123.878606:ERROR:google_apis/gcm/engine/registration_request.cc:291] Registration response error message: DEPRECATED_ENDPOINT
[10593:19164821:1005/191439.881529:ERROR:google_apis/gcm/engine/registration_request.cc:291] Registration response error message: DEPRECATED_ENDPOINT
[10593:19164821:1005/192100.016301:ERROR:google_apis/gcm/engine/registration_request.cc:291] Registration response error message: DEPRECATED_ENDPOINT
