{
  "finished": "2026-10-05T17:22:31.058693+09:00",
  "elapsed_minutes": 71.90007713333333,
  "review_sha256": "5193291c144e2e72a4a9e89a90dbca093d1e065842ea97cf8fed9bc32e353fde",
  "capacity": {
    "method": "Allocated regular-file bytes; readonly assets/dependencies excluded, own staging and full mutable coordinator files conservatively charged; no negative profile delta credit",
    "profile_allocated_bytes_at_start": 364687360,
    "profile_allocated_bytes_at_finish": 36261888,
    "profile_signed_delta_bytes": -328425472,
    "profile_positive_delta_bytes": 0,
    "post_chrome_eviction_observed_minimum_bytes": 13336576,
    "observed_profile_growth_since_minimum_bytes": 22925312,
    "runtime_cache_eviction": "Chrome itself evicted managed mutable cache after early disk/media-cache-size=1 flags. Those flags were removed. No manual profile/protected artifact deletion. Net cache shrink is not budget credit.",
    "shared_cache_allocated_bytes_at_finish": 5378048,
    "shared_cache_positive_delta_bytes": 0,
    "staging_allocated_bytes": 147456,
    "coordinator_allocated_bytes_charged": 106496,
    "free_disk_bytes": 3795488768,
    "minimum_free_bytes": 2147483648,
    "preferred_new_data_budget_bytes": 20971520,
    "hard_new_data_budget_bytes": 104857600,
    "run_allocated_bytes": 11329536,
    "positive_delta_total_bytes": 11583488,
    "conservative_observed_growth_total_bytes": 34508800,
    "preferred_budget_met_conservative": false,
    "hard_budget_met_conservative": true,
    "minimum_free_met": true
  },
  "writer_lock_released": true,
  "candidate_url": "http://127.0.0.1:5212/"
}
