{
  "version": "edge-v02",
  "sections": [
    {
      "height_above_soil": 0.12,
      "basis": {
        "closed_contours": 1,
        "central_contour_area": 0.22843780898056026,
        "width": 0.6968826486263424,
        "front_back_depth": 0.5330473473295569,
        "front_extent": -0.2672106083482504,
        "back_extent": 0.26583673898130655,
        "raw_segments": 138
      },
      "candidate": {
        "closed_contours": 1,
        "central_contour_area": 0.24334083152227823,
        "width": 0.6946440092287958,
        "front_back_depth": 0.5335196340456605,
        "front_extent": -0.26768289506435394,
        "back_extent": 0.26583673898130655,
        "raw_segments": 142
      },
      "central_area_ratio": 1.0652388613260872
    },
    {
      "height_above_soil": 0.3,
      "basis": {
        "closed_contours": 1,
        "central_contour_area": 0.15033589472378056,
        "width": 0.46915412542875856,
        "front_back_depth": 0.4539144275565024,
        "front_extent": -0.17185400769242015,
        "back_extent": 0.28206041986408226,
        "raw_segments": 141
      },
      "candidate": {
        "closed_contours": 1,
        "central_contour_area": 0.1583370832714276,
        "width": 0.46915412542875856,
        "front_back_depth": 0.4773167664491726,
        "front_extent": -0.19525634658509033,
        "back_extent": 0.28206041986408226,
        "raw_segments": 145
      },
      "central_area_ratio": 1.0532220768855503
    },
    {
      "height_above_soil": 0.54,
      "basis": {
        "closed_contours": 2,
        "central_contour_area": 0.08186948008703553,
        "width": 0.3675336632877588,
        "front_back_depth": 0.3030874708201736,
        "front_extent": -0.15373783721588552,
        "back_extent": 0.1493496336042881,
        "raw_segments": 234
      },
      "candidate": {
        "closed_contours": 2,
        "central_contour_area": 0.08198490757104768,
        "width": 0.3675336632877588,
        "front_back_depth": 0.30383260175585747,
        "front_extent": -0.15448296815156937,
        "back_extent": 0.1493496336042881,
        "raw_segments": 234
      },
      "central_area_ratio": 1.0014098963849465
    }
  ]
}
