
DevTools listening on ws://127.0.0.1:53509/devtools/browser/a58eed03-eb9b-4c8b-b47a-77bb0233ba54
Trying to load the allocator multiple times. This is *not* supported.
[63958:20594078:1006/073723.255859:ERROR:ui/display/mac/cv_display_link_mac.mm:188] CVDisplayLinkCreateWithCGDisplay failed. CVReturn: -6670
[63958:20594202:1006/073723.257014:ERROR:ui/display/mac/cv_display_link_mac.mm:188] CVDisplayLinkCreateWithCGDisplay failed. CVReturn: -6670
[63958:20594078:1006/073723.257233:ERROR:ui/display/mac/cv_display_link_mac.mm:188] CVDisplayLinkCreateWithCGDisplay failed. CVReturn: -6670
[63958:20594202:1006/073723.257279:ERROR:ui/display/mac/cv_display_link_mac.mm:188] CVDisplayLinkCreateWithCGDisplay failed. CVReturn: -6670
[63958:20594078:1006/073723.257392:ERROR:ui/display/mac/cv_display_link_mac.mm:188] CVDisplayLinkCreateWithCGDisplay failed. CVReturn: -6670
[63958:20594202:1006/073723.257418:ERROR:ui/display/mac/cv_display_link_mac.mm:188] CVDisplayLinkCreateWithCGDisplay failed. CVReturn: -6670
[63958:20594078:1006/073723.257532:ERROR:ui/display/mac/cv_display_link_mac.mm:188] CVDisplayLinkCreateWithCGDisplay failed. CVReturn: -6670
[63958:20594202:1006/073723.257577:ERROR:ui/display/mac/cv_display_link_mac.mm:188] CVDisplayLinkCreateWithCGDisplay failed. CVReturn: -6670
[63958:20594078:1006/073723.257664:ERROR:ui/display/mac/cv_display_link_mac.mm:188] CVDisplayLinkCreateWithCGDisplay failed. CVReturn: -6670
[63958:20594202:1006/073723.257685:ERROR:ui/display/mac/cv_display_link_mac.mm:188] CVDisplayLinkCreateWithCGDisplay failed. CVReturn: -6670
[63934:20594061:1006/073725.623173:ERROR:google_apis/gcm/engine/registration_request.cc:291] Registration response error message: DEPRECATED_ENDPOINT
[64144:20594979:1006/073743.022729:VERBOSE1:chrome/updater/event_history.cc:176] Failed to set permissions on /Library/Application Support/Google/GoogleUpdater/updater_history.jsonl: Operation not permitted (1)
[64144:20594979:1006/073743.027410:VERBOSE1:chrome/updater/updater.cc:364] Version: 156.0.8067.0, opt, ARM_64, command line: /Library/Application Support/Google/GoogleUpdater/156.0.8067.0/GoogleUpdater.app/Contents/MacOS/GoogleUpdater --wake-all --system --enable-logging --vmodule=*/components/update_client/*=2,*/chrome/enterprise_companion/*=2,*/chrome/updater/*=2
[64144:20594979:1006/073743.027577:VERBOSE1:chrome/updater/updater.cc:367] OS version: 15.1.1, arch: arm64, System uptime (seconds): 644492, parent pid: 63934
[64144:20594979:1006/073743.034846:VERBOSE1:chrome/updater/updater.cc:372] Available disk space in install directory (/Library/Application Support/Google/GoogleUpdater): 31588233216B (29.419GiB) / 494384795648B (460.432GiB)
[64144:20594979:1006/073743.035071:VERBOSE1:chrome/updater/updater.cc:376] Available disk space in temporary directory (/var/folders/65/yhdkwfkd2jlc6qldn23z45y80000gq/T/): 31588233216B (29.419GiB) / 494384795648B (460.432GiB)
[64144:20594979:1006/073743.035298:VERBOSE1:chrome/updater/event_history.cc:239] Failed to write history event: logging not initialized
[64146:20594984:1006/073743.054726:VERBOSE1:chrome/updater/event_history.cc:176] Failed to set permissions on /Library/Application Support/Google/GoogleUpdater/updater_history.jsonl: Operation not permitted (1)
[64146:20594984:1006/073743.058897:VERBOSE1:chrome/updater/updater.cc:364] Version: 156.0.8067.0, opt, ARM_64, command line: /Library/Application Support/Google/GoogleUpdater/156.0.8067.0/GoogleUpdater.app/Contents/MacOS/GoogleUpdater --crash-handler --system --database=/Library/Application Support/Google/GoogleUpdater/156.0.8067.0/Crashpad --url=https://clients2.google.com/cr/report --annotation=prod=Update4 --annotation=ver=156.0.8067.0 --handshake-fd=4 --enable-logging --vmodule=*/components/update_client/*=2,*/chrome/enterprise_companion/*=2,*/chrome/updater/*=2
[64146:20594984:1006/073743.059025:VERBOSE1:chrome/updater/updater.cc:367] OS version: 15.1.1, arch: arm64, System uptime (seconds): 644492, parent pid: 1
[64146:20594984:1006/073743.062651:VERBOSE1:chrome/updater/updater.cc:372] Available disk space in install directory (/Library/Application Support/Google/GoogleUpdater): 31588233216B (29.419GiB) / 494384795648B (460.432GiB)
[64146:20594984:1006/073743.062777:VERBOSE1:chrome/updater/updater.cc:376] Available disk space in temporary directory (/var/folders/65/yhdkwfkd2jlc6qldn23z45y80000gq/T/): 31588233216B (29.419GiB) / 494384795648B (460.432GiB)
[64146:20594984:1006/073743.062917:VERBOSE1:chrome/updater/event_history.cc:239] Failed to write history event: logging not initialized
[64146:20594984:1006/073743.063062:ERROR:third_party/crashpad/crashpad/client/crash_report_database_mac.mm:109] mkdir /Library/Application Support/Google/GoogleUpdater/156.0.8067.0/Crashpad/new: Permission denied (13)
[64146:20594984:1006/073743.063337:VERBOSE1:chrome/updater/event_history.cc:239] Failed to write history event: logging not initialized
[64146:20594984:1006/073743.063428:VERBOSE1:chrome/updater/updater.cc:409] UpdaterMain (--crash-handler) returned 1.
[64144:20594979:1006/073743.064191:ERROR:third_party/crashpad/crashpad/util/file/file_io.cc:103] ReadExactly: expected 8, observed 0
[64144:20594979:1006/073743.065240:VERBOSE1:chrome/updater/crash_reporter.cc:119] Failed to start handler.
[64144:20594979:1006/073743.065392:ERROR:third_party/crashpad/crashpad/client/crash_report_database_mac.mm:109] mkdir /Library/Application Support/Google/GoogleUpdater/156.0.8067.0/Crashpad/new: Permission denied (13)
[64144:20594979:1006/073743.065491:ERROR:chrome/updater/crash_client.cc:76] Failed to initialize Crashpad database.
[64144:20594979:1006/073743.065571:VERBOSE1:chrome/updater/updater.cc:99] Crash reporting is not available.
[64144:20594989:1006/073743.066135:VERBOSE1:chrome/updater/app/app_wakeall.cc:58] Launching `/Library/Application Support/Google/GoogleUpdater/150.0.7863.0/GoogleUpdater.app/Contents/MacOS/GoogleUpdater --wake --system`
[64144:20594989:1006/073743.066649:VERBOSE1:chrome/updater/app/app_wakeall.cc:64] `/Library/Application Support/Google/GoogleUpdater/150.0.7863.0/GoogleUpdater.app/Contents/MacOS/GoogleUpdater --wake --system` process invalid: Permission denied (13)
[64144:20594989:1006/073743.066789:VERBOSE1:chrome/updater/app/app_wakeall.cc:58] Launching `/Library/Application Support/Google/GoogleUpdater/156.0.8067.0/GoogleUpdater.app/Contents/MacOS/GoogleUpdater --wake --system`
[64148:20594994:1006/073743.092497:VERBOSE1:chrome/updater/event_history.cc:176] Failed to set permissions on /Library/Application Support/Google/GoogleUpdater/updater_history.jsonl: Operation not permitted (1)
[64148:20594994:1006/073743.095868:VERBOSE1:chrome/updater/updater.cc:364] Version: 156.0.8067.0, opt, ARM_64, command line: /Library/Application Support/Google/GoogleUpdater/156.0.8067.0/GoogleUpdater.app/Contents/MacOS/GoogleUpdater --wake --system --enable-logging --vmodule=*/components/update_client/*=2,*/chrome/enterprise_companion/*=2,*/chrome/updater/*=2
[64148:20594994:1006/073743.095999:VERBOSE1:chrome/updater/updater.cc:367] OS version: 15.1.1, arch: arm64, System uptime (seconds): 644492, parent pid: 64144
[64148:20594994:1006/073743.100622:VERBOSE1:chrome/updater/updater.cc:372] Available disk space in install directory (/Library/Application Support/Google/GoogleUpdater): 31588233216B (29.419GiB) / 494384795648B (460.432GiB)
[64148:20594994:1006/073743.100768:VERBOSE1:chrome/updater/updater.cc:376] Available disk space in temporary directory (/var/folders/65/yhdkwfkd2jlc6qldn23z45y80000gq/T/): 31588233216B (29.419GiB) / 494384795648B (460.432GiB)
[64148:20594994:1006/073743.100911:VERBOSE1:chrome/updater/event_history.cc:239] Failed to write history event: logging not initialized
[64150:20594998:1006/073743.126905:VERBOSE1:chrome/updater/event_history.cc:176] Failed to set permissions on /Library/Application Support/Google/GoogleUpdater/updater_history.jsonl: Operation not permitted (1)
[64150:20594998:1006/073743.131322:VERBOSE1:chrome/updater/updater.cc:364] Version: 156.0.8067.0, opt, ARM_64, command line: /Library/Application Support/Google/GoogleUpdater/156.0.8067.0/GoogleUpdater.app/Contents/MacOS/GoogleUpdater --crash-handler --system --database=/Library/Application Support/Google/GoogleUpdater/156.0.8067.0/Crashpad --url=https://clients2.google.com/cr/report --annotation=prod=Update4 --annotation=ver=156.0.8067.0 --handshake-fd=4 --enable-logging --vmodule=*/components/update_client/*=2,*/chrome/enterprise_companion/*=2,*/chrome/updater/*=2
[64150:20594998:1006/073743.131522:VERBOSE1:chrome/updater/updater.cc:367] OS version: 15.1.1, arch: arm64, System uptime (seconds): 644492, parent pid: 1
[64150:20594998:1006/073743.135206:VERBOSE1:chrome/updater/updater.cc:372] Available disk space in install directory (/Library/Application Support/Google/GoogleUpdater): 31588233216B (29.419GiB) / 494384795648B (460.432GiB)
[64150:20594998:1006/073743.135327:VERBOSE1:chrome/updater/updater.cc:376] Available disk space in temporary directory (/var/folders/65/yhdkwfkd2jlc6qldn23z45y80000gq/T/): 31588233216B (29.419GiB) / 494384795648B (460.432GiB)
[64150:20594998:1006/073743.135464:VERBOSE1:chrome/updater/event_history.cc:239] Failed to write history event: logging not initialized
[64150:20594998:1006/073743.135588:ERROR:third_party/crashpad/crashpad/client/crash_report_database_mac.mm:109] mkdir /Library/Application Support/Google/GoogleUpdater/156.0.8067.0/Crashpad/new: Permission denied (13)
[64150:20594998:1006/073743.135708:VERBOSE1:chrome/updater/event_history.cc:239] Failed to write history event: logging not initialized
[64150:20594998:1006/073743.136426:VERBOSE1:chrome/updater/updater.cc:409] UpdaterMain (--crash-handler) returned 1.
[64148:20594994:1006/073743.136871:ERROR:third_party/crashpad/crashpad/util/file/file_io.cc:103] ReadExactly: expected 8, observed 0
[64148:20594994:1006/073743.137120:VERBOSE1:chrome/updater/crash_reporter.cc:119] Failed to start handler.
[64148:20594994:1006/073743.137269:ERROR:third_party/crashpad/crashpad/client/crash_report_database_mac.mm:109] mkdir /Library/Application Support/Google/GoogleUpdater/156.0.8067.0/Crashpad/new: Permission denied (13)
[64148:20594994:1006/073743.137367:ERROR:chrome/updater/crash_client.cc:76] Failed to initialize Crashpad database.
[64148:20594994:1006/073743.137464:VERBOSE1:chrome/updater/updater.cc:99] Crash reporting is not available.
[64148:20594994:1006/073743.137756:VERBOSE1:chrome/updater/ipc/update_service_internal_proxy_mojo.cc:61] Run
[63934:20594061:1006/073755.186753:ERROR:google_apis/gcm/engine/registration_request.cc:291] Registration response error message: DEPRECATED_ENDPOINT
[64148:20594994:1006/073841.900487:VERBOSE1:chrome/updater/app/app.cc:52] Shutdown: 0
[64148:20594994:1006/073841.903701:VERBOSE1:chrome/updater/event_history.cc:239] Failed to write history event: logging not initialized
[64148:20594994:1006/073841.904277:VERBOSE1:chrome/updater/updater.cc:409] UpdaterMain (--wake) returned 0.
[64144:20594989:1006/073842.163090:VERBOSE1:chrome/updater/app/app_wakeall.cc:68] `/Library/Application Support/Google/GoogleUpdater/156.0.8067.0/GoogleUpdater.app/Contents/MacOS/GoogleUpdater --wake --system` exited 0
[64144:20594989:1006/073842.164589:VERBOSE1:chrome/updater/app/app_wakeall.cc:58] Launching `/Library/Application Support/Google/GoogleUpdater/149.0.7814.0/GoogleUpdater.app/Contents/MacOS/GoogleUpdater --wake --system`
[64144:20594989:1006/073842.165920:VERBOSE1:chrome/updater/app/app_wakeall.cc:64] `/Library/Application Support/Google/GoogleUpdater/149.0.7814.0/GoogleUpdater.app/Contents/MacOS/GoogleUpdater --wake --system` process invalid: Permission denied (13)
[64144:20594989:1006/073842.166219:VERBOSE1:chrome/updater/app/app_wakeall.cc:58] Launching `/Library/Application Support/Google/GoogleUpdater/148.0.7730.0/GoogleUpdater.app/Contents/MacOS/GoogleUpdater --wake --system`
[64144:20594989:1006/073842.166771:VERBOSE1:chrome/updater/app/app_wakeall.cc:64] `/Library/Application Support/Google/GoogleUpdater/148.0.7730.0/GoogleUpdater.app/Contents/MacOS/GoogleUpdater --wake --system` process invalid: Permission denied (13)
[64144:20594979:1006/073842.167216:VERBOSE1:chrome/updater/app/app.cc:52] Shutdown: 0
[64144:20594979:1006/073842.168024:VERBOSE1:chrome/updater/event_history.cc:239] Failed to write history event: logging not initialized
[64144:20594979:1006/073842.168217:VERBOSE1:chrome/updater/updater.cc:409] UpdaterMain (--wake-all) returned 0.
[63934:20594061:1006/073854.630450:ERROR:google_apis/gcm/engine/registration_request.cc:291] Registration response error message: DEPRECATED_ENDPOINT
[63934:20594061:1006/074050.844183:ERROR:google_apis/gcm/engine/registration_request.cc:291] Registration response error message: DEPRECATED_ENDPOINT
[63934:20594061:1006/074358.369636:ERROR:google_apis/gcm/engine/registration_request.cc:291] Registration response error message: DEPRECATED_ENDPOINT
[63963:20594206:1006/074834.065669:ERROR:gpu/ipc/client/command_buffer_proxy_impl.cc:490] GPU state invalid after WaitForGetOffsetInRange.
